Archive member included to satisfy reference by file (symbol)

D:/devkitPro/libnds/lib\libnds9.a(background.o)
                              main.o (bgState)
D:/devkitPro/libnds/lib\libnds9.a(console.o)
                              main.o (consoleDemoInit)
D:/devkitPro/libnds/lib\libnds9.a(keys.o)
                              main.o (scanKeys)
D:/devkitPro/libnds/lib\libnds9.a(sassert.o)
                              main.o (__sassert)
D:/devkitPro/libnds/lib\libnds9.a(sprite_alloc.o)
                              main.o (oamAllocateGfx)
D:/devkitPro/libnds/lib\libnds9.a(sprite.o)
                              main.o (oamInit)
D:/devkitPro/libnds/lib\libnds9.a(trig.o)
                              D:/devkitPro/libnds/lib\libnds9.a(background.o) (sinLerp)
D:/devkitPro/libnds/lib\libnds9.a(default_font.bin.o)
                              D:/devkitPro/libnds/lib\libnds9.a(console.o) (default_font_bin)
D:/devkitPro/calico/lib\libcalico_ds9.a(thread_cold.o)
                              main.o (threadIrqWait)
D:/devkitPro/calico/lib\libcalico_ds9.a(thread_hot.32.o)
                              D:/devkitPro/calico/lib\libcalico_ds9.a(thread_cold.o) (threadSwitchTo)
D:/devkitPro/calico/lib\libcalico_ds9.a(mutex.o)
                              D:/devkitPro/calico/lib\libcalico_ds9.a(thread_cold.o) (threadUpdateDynamicPrio)
D:/devkitPro/calico/lib\libcalico_ds9.a(arm-copy-fill.32.o)
                              D:/devkitPro/calico/lib\libcalico_ds9.a(thread_cold.o) (armCopyMem32)
D:/devkitPro/calico/lib\libcalico_ds9.a(arm-context.32.o)
                              D:/devkitPro/calico/lib\libcalico_ds9.a(thread_hot.32.o) (armContextSave)
D:/devkitPro/calico/lib\libcalico_ds9.a(arm-shims.32.o)
                              D:/devkitPro/calico/lib\libcalico_ds9.a(thread_cold.o) (armWaitForIrq)
D:/devkitPro/calico/lib\libcalico_ds9.a(arm-cache.32.o)
                              D:/devkitPro/libnds/lib\libnds9.a(sprite.o) (armDCacheFlush)
D:/devkitPro/calico/lib\libcalico_ds9.a(keypad.o)
                              D:/devkitPro/libnds/lib\libnds9.a(keys.o) (keypadGetState)
D:/devkitPro/calico/lib\libcalico_ds9.a(bootstub_arm9.o)
                              (__ds9_bootstub)
D:/devkitPro/calico/lib\libcalico_ds9.a(excpt_handler.32.o)
                              D:/devkitPro/calico/lib\libcalico_ds9.a(bootstub_arm9.o) (__arm_excpt_rst)
D:/devkitPro/calico/lib\libcalico_ds9.a(touch.o)
                              main.o (touchRead)
D:/devkitPro/calico/lib\libcalico_ds9.a(tick.o)
                              D:/devkitPro/calico/lib\libcalico_ds9.a(thread_cold.o) (tickTaskStart)
D:/devkitPro/calico/lib\libcalico_ds9.a(newlib_syscalls.o)
                              D:/devkitPro/calico/lib\libcalico_ds9.a(bootstub_arm9.o) (__newlib_syscalls)
D:/devkitPro/calico/lib\libcalico_ds9.a(startup.crt0.o)
                              D:/devkitPro/calico/lib\libcalico_ds9.a(bootstub_arm9.o) (crt0Startup)
D:/devkitPro/calico/lib\libcalico_ds9.a(utils.crt0.o)
                              D:/devkitPro/calico/lib\libcalico_ds9.a(startup.crt0.o) (crt0CopyMem32)
D:/devkitPro/calico/lib\libcalico_ds9.a(irq_handler.32.o)
                              D:/devkitPro/calico/lib\libcalico_ds9.a(bootstub_arm9.o) (__arm_excpt_irq)
D:/devkitPro/calico/lib\libcalico_ds9.a(pxi.o)
                              D:/devkitPro/calico/lib\libcalico_ds9.a(startup.crt0.o) (_pxiInit)
D:/devkitPro/calico/lib\libcalico_ds9.a(mpu_setup.crt0.o)
                              D:/devkitPro/calico/lib\libcalico_ds9.a(startup.crt0.o) (crt0SetupMPU)
D:/devkitPro/calico/lib\libcalico_ds9.a(sys_startup.o)
                              D:/devkitPro/calico/lib\libcalico_ds9.a(startup.crt0.o) (systemStartup)
D:/devkitPro/calico/lib\libcalico_ds9.a(irq.o)
                              D:/devkitPro/calico/lib\libcalico_ds9.a(tick.o) (irqSet)
D:/devkitPro/calico/lib\libcalico_ds9.a(mailbox.o)
                              D:/devkitPro/calico/lib\libcalico_ds9.a(pxi.o) (mailboxTrySend)
D:/devkitPro/calico/lib\libcalico_ds9.a(pm.o)
                              D:/devkitPro/calico/lib\libcalico_ds9.a(sys_startup.o) (pmInit)
D:/devkitPro/devkitARM/bin/../lib/gcc/arm-none-eabi/16.1.0/thumb\libgcc.a(_divsi3.o)
                              D:/devkitPro/libnds/lib\libnds9.a(console.o) (__aeabi_idivmod)
D:/devkitPro/devkitARM/bin/../lib/gcc/arm-none-eabi/16.1.0/thumb\libgcc.a(_dvmd_tls.o)
                              D:/devkitPro/devkitARM/bin/../lib/gcc/arm-none-eabi/16.1.0/thumb\libgcc.a(_divsi3.o) (__aeabi_idiv0)
D:/devkitPro/devkitARM/bin/../lib/gcc/arm-none-eabi/16.1.0/thumb\libgcc.a(_aeabi_uldivmod.o)
                              D:/devkitPro/calico/lib\libcalico_ds9.a(newlib_syscalls.o) (__aeabi_uldivmod)
D:/devkitPro/devkitARM/bin/../lib/gcc/arm-none-eabi/16.1.0/thumb\libgcc.a(_sync_none.o)
                              (__sync_synchronize_none)
D:/devkitPro/devkitARM/bin/../lib/gcc/arm-none-eabi/16.1.0/thumb\libgcc.a(_udivmoddi4.o)
[...]
Memory Configuration

Name             Origin             Length             Attributes
lma9             0x02004000         0x0027c000
lma9i            0x02400000         0x00280000
vectors          0x00000000         0x00000020
itcm             0x01ff8020         0x00007fe0
main             0x02001000         0x00f7f000
dtcm             0x02ff0000         0x00003e80
dldi             0x0380b000         0x00004000
stub             0x0e000000         0x00004000
tls              0x00000000         0x00000400
*default*        0x00000000         0xffffffff

Linker script and memory map

                0x00000000                        __sync_synchronize = __sync_synchronize_none
LOAD D:/devkitPro/devkitARM/bin/../lib/gcc/arm-none-eabi/16.1.0/thumb/crti.o
LOAD D:/devkitPro/devkitARM/bin/../lib/gcc/arm-none-eabi/16.1.0/thumb/crtbegin.o
LOAD bird_blue.o
LOAD bird_green.o
LOAD bird_orange.o
LOAD cage_bg.o
LOAD drinker.o
LOAD feeder.o
LOAD perch.o
LOAD toy_bell.o
LOAD main.o
LOAD D:/devkitPro/libnds/lib\libnds9.a
LOAD D:/devkitPro/calico/lib\libcalico_ds9.a
START GROUP
LOAD D:/devkitPro/devkitARM/bin/../lib/gcc/arm-none-eabi/16.1.0/thumb\libgcc.a
LOAD D:/devkitPro/devkitARM/bin/../lib/gcc/arm-none-eabi/16.1.0/../../../../arm-none-eabi/lib/thumb\libg.a
LOAD D:/devkitPro/devkitARM/bin/../lib/gcc/arm-none-eabi/16.1.0/../../../../arm-none-eabi/lib/thumb\libc.a
LOAD D:/devkitPro/devkitARM/bin/../lib/gcc/arm-none-eabi/16.1.0/../../../../arm-none-eabi/lib/thumb\libsysbase.a
END GROUP
LOAD D:/devkitPro/devkitARM/bin/../lib/gcc/arm-none-eabi/16.1.0/thumb/crtend.o
LOAD D:/devkitPro/devkitARM/bin/../lib/gcc/arm-none-eabi/16.1.0/thumb/crtn.o
                0x02ff3e80                        PROVIDE (__sp_usr = (ORIGIN (dtcm) + LENGTH (dtcm)))
                0x02ff3f80                        PROVIDE (__sp_irq = (__sp_usr + 0x100))
                0x02ff3fc0                        PROVIDE (__sp_svc = (__sp_irq + 0x40))
                0x02ff3ff8                        PROVIDE (__irq_flags = (__sp_svc + 0x38))
                [!provide]                        PROVIDE (__irq_vector = (__sp_svc + 0x3c))
                [!provide]                        PROVIDE (__arm_excpt_rst = 0xffff0000)
                [!provide]                        PROVIDE (__arm_excpt_und = 0xffff0004)
                0xffff0008                        PROVIDE (__arm_excpt_svc = 0xffff0008)
                [!provide]                        PROVIDE (__arm_excpt_pabt = 0xffff000c)
                [!provide]                        PROVIDE (__arm_excpt_dabt = 0xffff0010)
                [!provide]                        PROVIDE (__arm_excpt_irq = 0xffff0018)
                [!provide]                        PROVIDE (__arm_excpt_fiq = 0xffff001c)
                0x00000000                        PROVIDE (__end__ = 0x0)

.secure         0x0e000000      0x800 load address 0x02004000
                0x0e0007fc                        . = (. + 0x7fc)
 *fill*         0x0e000000      0x7fc 00000000
                0x0e0007fc        0x4 LONG 0x0

.bootstub       0x0e000800      0x198 load address 0x02004800
 *(.bootstub .bootstub.*)
 .bootstub.__ds9_bootstub
                0x0e000800      0x198 D:/devkitPro/calico/lib\libcalico_ds9.a(bootstub_arm9.o)
                0x0e000800                __ds9_bootstub
                0x0e000998                        . = ALIGN (0x4)

.crt0           0x02001000      0x3c0 load address 0x02004998
 *(.crt0 .crt0.*)
 .crt0.__ds9_bootstub_trampoline
                0x02001000       0x60 D:/devkitPro/calico/lib\libcalico_ds9.a(bootstub_arm9.o)
 *.crt0.*(.text .stub .text.* .gnu.linkonce.t.*)
 .text.crt0ProcessLoadList
                0x02001060       0x74 D:/devkitPro/calico/lib\libcalico_ds9.a(startup.crt0.o)
                0x02001060                crt0ProcessLoadList
 .text.crt0Startup
                0x020010d4      0x180 D:/devkitPro/calico/lib\libcalico_ds9.a(startup.crt0.o)
                0x020010d4                crt0Startup
 .text.crt0CopyMem32
                0x02001254       0x4c D:/devkitPro/calico/lib\libcalico_ds9.a(utils.crt0.o)
                0x02001254                crt0CopyMem32
 .text.crt0FillMem32
                0x020012a0       0x58 D:/devkitPro/calico/lib\libcalico_ds9.a(utils.crt0.o)
                0x020012a0                crt0FillMem32
 .text.crt0SetupMPU
                0x020012f8       0xb4 D:/devkitPro/calico/lib\libcalico_ds9.a(mpu_setup.crt0.o)
                0x020012f8                crt0SetupMPU
 *.crt0.*(.glue_7t .glue_7 .vfp11_veneer .v4_bx)
 *.crt0.*(.rodata .rodata.* .gnu.linkonce.r.*)
 *.crt0.*(.rodata1)
                0x020013c0                        . = ALIGN (0x20)
 *fill*         0x020013ac       0x14 ff
                0x02004998                        PROVIDE (__crt0_lma = LOADADDR (.crt0))
                0x02001000                        PROVIDE (__crt0_start = ADDR (.crt0))
                0x020013c0                        PROVIDE (__crt0_end = (ADDR (.crt0) + SIZEOF (.crt0)))
                0x00000001                        ASSERT (((__crt0_end <= LOADADDR (.bootstub)) || (__crt0_start >= (LOADADDR (.bootstub) + SIZEOF (.bootstub)))), Error: crt0 section overlaps initial bootstrap)

.dldi           0x0380b000        0x0 load address 0x02004d58
 *(.dldi)
                0x00000000                        PROVIDE (__dldi_lma = SIZEOF (.dldi)?LOADADDR (.dldi):0x0)

.vectors        0x00000000       0x20 load address 0x02004d58
 *(.vectors)
 .vectors       0x00000000       0x20 D:/devkitPro/calico/lib\libcalico_ds9.a(bootstub_arm9.o)

.itcm           0x01ff8020      0x660 load address 0x02004d78
 *(.itcm .itcm.*)
 .itcm          0x01ff8020       0x30 D:/devkitPro/calico/lib\libcalico_ds9.a(bootstub_arm9.o)
                0x01ff8038                __excpt_vectors
 *.itcm.*(.text .stub .text.* .gnu.linkonce.t.*)
 *.32.o(.text .stub .text.* .gnu.linkonce.t.*)
 .text.threadSwitchTo
                0x01ff8050       0x7c D:/devkitPro/calico/lib\libcalico_ds9.a(thread_hot.32.o)
                0x01ff8050                threadSwitchTo
 .text.threadBlock
                0x01ff80cc       0xd4 D:/devkitPro/calico/lib\libcalico_ds9.a(thread_hot.32.o)
                0x01ff80cc                threadBlock
 .text.threadUnblockOneByValue
                0x01ff81a0       0xd4 D:/devkitPro/calico/lib\libcalico_ds9.a(thread_hot.32.o)
                0x01ff81a0                threadUnblockOneByValue
 .text.threadUnblockAllByValue
                0x01ff8274      0x138 D:/devkitPro/calico/lib\libcalico_ds9.a(thread_hot.32.o)
                0x01ff8274                threadUnblockAllByValue
 .text.threadUnblockAllByMask
                0x01ff83ac       0xf0 D:/devkitPro/calico/lib\libcalico_ds9.a(thread_hot.32.o)
                0x01ff83ac                threadUnblockAllByMask
 .text.armContextSave
                0x01ff849c       0x2c D:/devkitPro/calico/lib\libcalico_ds9.a(arm-context.32.o)
                0x01ff849c                armContextSave
 .text.armContextLoad
                0x01ff84c8       0x20 D:/devkitPro/calico/lib\libcalico_ds9.a(arm-context.32.o)
                0x01ff84c8                armContextLoad
                0x01ff84cc                armContextLoadFromSvc
 .text.armWaitForIrq
                0x01ff84e8        0x8 D:/devkitPro/calico/lib\libcalico_ds9.a(arm-shims.32.o)
                0x01ff84e8                armWaitForIrq
 .text.armDrainWriteBuffer
                0x01ff84f0        0xc D:/devkitPro/calico/lib\libcalico_ds9.a(arm-cache.32.o)
                0x01ff84f0                armDrainWriteBuffer
 .text.armDCacheFlushAll
                0x01ff84fc       0x28 D:/devkitPro/calico/lib\libcalico_ds9.a(arm-cache.32.o)
                0x01ff84fc                armDCacheFlushAll
 .text.armDCacheFlush
                0x01ff8524       0x1c D:/devkitPro/calico/lib\libcalico_ds9.a(arm-cache.32.o)
                0x01ff8524                armDCacheFlush
 .text.armICacheInvalidateAll
                0x01ff8540        0xc D:/devkitPro/calico/lib\libcalico_ds9.a(arm-cache.32.o)
                0x01ff8540                armICacheInvalidateAll
 .text.__excpt_entry
                0x01ff854c       0x50 D:/devkitPro/calico/lib\libcalico_ds9.a(excpt_handler.32.o)
                0x01ff854c                __arm_excpt_rst
                0x01ff8550                __arm_excpt_pabt
                0x01ff8554                __arm_excpt_und
                0x01ff8560                __arm_excpt_dabt
 .text.__arm_excpt_irq
                0x01ff859c       0xe4 D:/devkitPro/calico/lib\libcalico_ds9.a(irq_handler.32.o)
                0x01ff859c                __arm_excpt_irq
 *.itcm.*(.glue_7t .glue_7 .vfp11_veneer .v4_bx)
 *.32.o(.glue_7t .glue_7 .vfp11_veneer .v4_bx)
 *.itcm.*(.rodata .rodata.* .gnu.linkonce.r.*)
 *.32.o(.rodata .rodata.* .gnu.linkonce.r.*)
 *.itcm.*(.rodata1)
 *.32.o(.rodata1)
                0x01ff8680                        . = ALIGN (0x4)
                0x02004d58                        PROVIDE (__itcm_lma = LOADADDR (.vectors))
                0x01ff8000                        PROVIDE (__itcm_start = (ADDR (.itcm) - SIZEOF (.vectors)))
                0x01ff8680                        PROVIDE (__itcm_end = (ADDR (.itcm) + SIZEOF (.itcm)))
                0x00000001                        ASSERT (((__itcm_lma + SIZEOF (.vectors)) == LOADADDR (.itcm)), Error: gap between vectors and itcm)

.dtcm           0x02ff0000        0x0 load address 0x020053d8
 *(.dtcm .dtcm.*)
 *.32.o(.data .data.* .gnu.linkonce.d.*)
 *.32.o(.data1)
                0x02ff0000                        . = ALIGN (0x4)
                [!provide]                        PROVIDE (__dtcm_lma = LOADADDR (.dtcm))
                0x02ff0000                        PROVIDE (__dtcm_start = ADDR (.dtcm))
                0x02ff0000                        PROVIDE (__dtcm_end = (ADDR (.dtcm) + SIZEOF (.dtcm)))

.dtcm.bss       0x02ff0000       0x98 load address 0x020053d8
 *(.sbss .sbss.*)
 *.32.o(.dynbss)
 *.32.o(.bss .bss.* .gnu.linkonce.b.*)
 .bss.__irq_table
                0x02ff0000       0x80 D:/devkitPro/calico/lib\libcalico_ds9.a(thread_hot.32.o)
                0x02ff0000                __irq_table
 .bss.__sched_state
                0x02ff0080       0x18 D:/devkitPro/calico/lib\libcalico_ds9.a(thread_hot.32.o)
                0x02ff0080                __sched_state
 *.32.o(COMMON)
                0x02ff0098                        . = ALIGN (0x4)
                [!provide]                        PROVIDE (__dtcm_bss_start = ADDR (.dtcm.bss))
                0x02ff0098                        PROVIDE (__dtcm_bss_end = (ADDR (.dtcm.bss) + SIZEOF (.dtcm.bss)))

.main           0x020013c0    0x10b10 load address 0x020053d8
 *(SORT_NONE(.init))
 .init          0x020013c0        0x4 D:/devkitPro/devkitARM/bin/../lib/gcc/arm-none-eabi/16.1.0/thumb/crti.o
                0x020013c0                _init
 .init          0x020013c4        0x8 D:/devkitPro/devkitARM/bin/../lib/gcc/arm-none-eabi/16.1.0/thumb/crtn.o
 EXCLUDE_FILE(*.twl.*) *(.text.unlikely .text.*_unlikely .text.unlikely.*)
 EXCLUDE_FILE(*.twl.*) *(.text.exit .text.exit.*)
 .text.exit     0x020013cc       0x24 D:/devkitPro/devkitARM/bin/../lib/gcc/arm-none-eabi/16.1.0/../../../../arm-none-eabi/lib/thumb\libg.a(libc_a-exit.o)
                0x020013cc                exit
 EXCLUDE_FILE(*.twl.*) *(.text.startup .text.startup.*)
 .text.startup.main
                0x020013f0      0x564 main.o
                0x020013f0                main
 EXCLUDE_FILE(*.twl.*) *(.text.hot .text.hot.*)
 EXCLUDE_FILE(*.twl.*) *(.text .iplt .stub .text.* .gnu.linkonce.t.*)
 .text.__do_global_dtors_aux
                0x02001954       0x2c D:/devkitPro/devkitARM/bin/../lib/gcc/arm-none-eabi/16.1.0/thumb/crtbegin.o
 .text.frame_dummy
                0x02001980       0x24 D:/devkitPro/devkitARM/bin/../lib/gcc/arm-none-eabi/16.1.0/thumb/crtbegin.o
 .iplt          0x020019a4        0x0 D:/devkitPro/devkitARM/bin/../lib/gcc/arm-none-eabi/16.1.0/thumb/crtbegin.o
 .text.printMainScreen
                0x020019a4       0x4c main.o
                0x020019a4                printMainScreen
 .text.printShopScreen
                0x020019f0       0xf4 main.o
                0x020019f0                printShopScreen
 .text.printPlacementScreen
                0x02001ae4       0x98 main.o
                0x02001ae4                printPlacementScreen
 .text.checkIfText
                0x02001b7c       0x6c D:/devkitPro/libnds/lib\libnds9.a(background.o)
                0x02001b7c                checkIfText
 .text.bgUpdate
                0x02001be8       0xe8 D:/devkitPro/libnds/lib\libnds9.a(background.o)
                0x02001be8                bgUpdate
 .text.bgInit_call
                0x02001cd0       0xa8 D:/devkitPro/libnds/lib\libnds9.a(background.o)
                0x02001cd0                bgInit_call
 .text.bgInitSub_call
                0x02001d78       0xb0 D:/devkitPro/libnds/lib\libnds9.a(background.o)
                0x02001d78                bgInitSub_call
 .text.newRow   0x02001e28       0xe8 D:/devkitPro/libnds/lib\libnds9.a(console.o)
 .text.consolePrintChar
                0x02001f10       0xe0 D:/devkitPro/libnds/lib\libnds9.a(console.o)
                0x02001f10                consolePrintChar
 .text.con_write
                0x02001ff0      0x34c D:/devkitPro/libnds/lib\libnds9.a(console.o)
                0x02001ff0                con_write
 .text.consoleLoadFont
                0x0200233c      0x2e4 D:/devkitPro/libnds/lib\libnds9.a(console.o)
                0x0200233c                consoleLoadFont
 .text.consoleInit
                0x02002620      0x170 D:/devkitPro/libnds/lib\libnds9.a(console.o)
                0x02002620                consoleInit
 .text.consoleDemoInit
                0x02002790       0x40 D:/devkitPro/libnds/lib\libnds9.a(console.o)
                0x02002790                consoleDemoInit
 .text.consoleClear
                0x020027d0       0x10 D:/devkitPro/libnds/lib\libnds9.a(console.o)
                0x020027d0                consoleClear
 .text.scanKeys
                0x020027e0       0x6c D:/devkitPro/libnds/lib\libnds9.a(keys.o)
                0x020027e0                scanKeys
 .text.keysHeld
                0x0200284c        0xc D:/devkitPro/libnds/lib\libnds9.a(keys.o)
                0x0200284c                keysHeld
 .text.keysDown
                0x02002858       0x10 D:/devkitPro/libnds/lib\libnds9.a(keys.o)
                0x02002858                keysDown
 .text.__sassert
                0x02002868       0x34 D:/devkitPro/libnds/lib\libnds9.a(sassert.o)
                0x02002868                __sassert
 .text.oamAllocReset
                0x0200289c       0x1c D:/devkitPro/libnds/lib\libnds9.a(sprite_alloc.o)
                0x0200289c                oamAllocReset
 .text.oamAllocateGfx
                0x020028b8      0x578 D:/devkitPro/libnds/lib\libnds9.a(sprite_alloc.o)
                0x020028b8                oamAllocateGfx
 .text.oamInit  0x02002e30      0x124 D:/devkitPro/libnds/lib\libnds9.a(sprite.o)
                0x02002e30                oamInit
 .text.oamGetGfxPtr
                0x02002f54       0x34 D:/devkitPro/libnds/lib\libnds9.a(sprite.o)
                0x02002f54                oamGetGfxPtr
 .text.oamGfxPtrToOffset
                0x02002f88       0x34 D:/devkitPro/libnds/lib\libnds9.a(sprite.o)
                0x02002f88                oamGfxPtrToOffset
 .text.oamSet   0x02002fbc      0x100 D:/devkitPro/libnds/lib\libnds9.a(sprite.o)
                0x02002fbc                oamSet
 .text.oamUpdate
                0x020030bc       0x6c D:/devkitPro/libnds/lib\libnds9.a(sprite.o)
                0x020030bc                oamUpdate
 .text.sinLutLookup
                0x02003128       0x4c D:/devkitPro/libnds/lib\libnds9.a(trig.o)
                0x02003128                sinLutLookup
 .text.sinLerp  0x02003174       0x38 D:/devkitPro/libnds/lib\libnds9.a(trig.o)
                0x02003174                sinLerp
 .text.cosLerp  0x020031ac       0x44 D:/devkitPro/libnds/lib\libnds9.a(trig.o)
                0x020031ac                cosLerp
 .text._threadTickTask
                0x020031f0       0x10 D:/devkitPro/calico/lib\libcalico_ds9.a(thread_cold.o)
 .text.threadExit
                0x02003200       0xa0 D:/devkitPro/calico/lib\libcalico_ds9.a(thread_cold.o)
                0x02003200                threadExit
 .text._threadInit
                0x020032a0       0x98 D:/devkitPro/calico/lib\libcalico_ds9.a(thread_cold.o)
                0x020032a0                _threadInit
 .text.threadPrepare
                0x02003338      0x134 D:/devkitPro/calico/lib\libcalico_ds9.a(thread_cold.o)
                0x02003338                threadPrepare
 .text.threadStart
                0x0200346c       0x94 D:/devkitPro/calico/lib\libcalico_ds9.a(thread_cold.o)
                0x0200346c                threadStart
 .text.threadIrqWait
                0x02003500       0xa4 D:/devkitPro/calico/lib\libcalico_ds9.a(thread_cold.o)
                0x02003500                threadIrqWait
 .text.threadSleepTicks
                0x020035a4       0x58 D:/devkitPro/calico/lib\libcalico_ds9.a(thread_cold.o)
                0x020035a4                threadSleepTicks
 .text.threadUpdateDynamicPrio
                0x020035fc      0x1d4 D:/devkitPro/calico/lib\libcalico_ds9.a(mutex.o)
                0x020035fc                threadUpdateDynamicPrio
 .text.threadRemoveWaiter
                0x020037d0      0x148 D:/devkitPro/calico/lib\libcalico_ds9.a(mutex.o)
 .text.mutexLock
                0x02003918      0x138 D:/devkitPro/calico/lib\libcalico_ds9.a(mutex.o)
                0x02003918                mutexLock
 .text.mutexUnlock
                0x02003a50       0xbc D:/devkitPro/calico/lib\libcalico_ds9.a(mutex.o)
                0x02003a50                mutexUnlock
 .text.keypadGetState
                0x02003b0c       0x28 D:/devkitPro/calico/lib\libcalico_ds9.a(keypad.o)
                0x02003b0c                keypadGetState
 .text.touchRead
                0x02003b34       0x58 D:/devkitPro/calico/lib\libcalico_ds9.a(touch.o)
                0x02003b34                touchRead
 .text._tickCountIsr
                0x02003b8c       0x1c D:/devkitPro/calico/lib\libcalico_ds9.a(tick.o)
 .text._tickTaskSchedule.part.0.isra.0
                0x02003ba8       0x84 D:/devkitPro/calico/lib\libcalico_ds9.a(tick.o)
 .text.tickInit
                0x02003c2c       0xa0 D:/devkitPro/calico/lib\libcalico_ds9.a(tick.o)
                0x02003c2c                tickInit
 .text.tickGetCount
                0x02003ccc       0x5c D:/devkitPro/calico/lib\libcalico_ds9.a(tick.o)
                0x02003ccc                tickGetCount
 .text._tickTaskIsr
                0x02003d28      0x110 D:/devkitPro/calico/lib\libcalico_ds9.a(tick.o)
 .text.tickTaskStart
                0x02003e38      0x144 D:/devkitPro/calico/lib\libcalico_ds9.a(tick.o)
                0x02003e38                tickTaskStart
 .text.__syscall_getreent
                0x02003f7c       0x14 D:/devkitPro/calico/lib\libcalico_ds9.a(newlib_syscalls.o)
                0x02003f7c                __syscall_getreent
 .text.__errno  0x02003f90       0x24 D:/devkitPro/calico/lib\libcalico_ds9.a(newlib_syscalls.o)
                0x02003f90                __errno
 .text.__syscall_lock_acquire
                0x02003fb4        0x4 D:/devkitPro/calico/lib\libcalico_ds9.a(newlib_syscalls.o)
                0x02003fb4                __syscall_lock_acquire
 .text.__syscall_lock_release
                0x02003fb8        0x4 D:/devkitPro/calico/lib\libcalico_ds9.a(newlib_syscalls.o)
                0x02003fb8                __syscall_lock_release
 .text.__syscall_lock_acquire_recursive
                0x02003fbc       0x4c D:/devkitPro/calico/lib\libcalico_ds9.a(newlib_syscalls.o)
                0x02003fbc                __syscall_lock_acquire_recursive
 .text.__syscall_lock_release_recursive
                0x02004008       0x18 D:/devkitPro/calico/lib\libcalico_ds9.a(newlib_syscalls.o)
                0x02004008                __syscall_lock_release_recursive
 .text._pxiMailboxHandler
                0x02004020        0x4 D:/devkitPro/calico/lib\libcalico_ds9.a(pxi.o)
 .text._pxiRecvUnhandled
                0x02004024        0x4 D:/devkitPro/calico/lib\libcalico_ds9.a(pxi.o)
                0x02004024                _pxiRecvUnhandled
 .text._pxiRecvIrqHandler
                0x02004028      0x154 D:/devkitPro/calico/lib\libcalico_ds9.a(pxi.o)
 .text._pxiInit
                0x0200417c       0x58 D:/devkitPro/calico/lib\libcalico_ds9.a(pxi.o)
                0x0200417c                _pxiInit
 .text.pxiSetHandler
                0x020041d4       0x74 D:/devkitPro/calico/lib\libcalico_ds9.a(pxi.o)
                0x020041d4                pxiSetHandler
 .text.pxiSetMailbox
                0x02004248       0x68 D:/devkitPro/calico/lib\libcalico_ds9.a(pxi.o)
                0x02004248                pxiSetMailbox
 .text.pxiWaitRemote
                0x020042b0       0x38 D:/devkitPro/calico/lib\libcalico_ds9.a(pxi.o)
                0x020042b0                pxiWaitRemote
 .text.pxiSendPacket
                0x020042e8       0x50 D:/devkitPro/calico/lib\libcalico_ds9.a(pxi.o)
                0x020042e8                pxiSendPacket
 .text.systemUserStartup
                0x02004338        0x4 D:/devkitPro/calico/lib\libcalico_ds9.a(sys_startup.o)
                0x02004338                systemUserStartup
 .text.systemStartup
                0x0200433c      0x110 D:/devkitPro/calico/lib\libcalico_ds9.a(sys_startup.o)
                0x0200433c                systemStartup
 .text.irqSet   0x0200444c       0x64 D:/devkitPro/calico/lib\libcalico_ds9.a(irq.o)
                0x0200444c                irqSet
 .text.mailboxTrySend
                0x020044b0       0x98 D:/devkitPro/calico/lib\libcalico_ds9.a(mailbox.o)
                0x020044b0                mailboxTrySend
 .text.mailboxRecv
                0x02004548       0x98 D:/devkitPro/calico/lib\libcalico_ds9.a(mailbox.o)
                0x02004548                mailboxRecv
 .text._pmCallEventHandlers
                0x020045e0       0x40 D:/devkitPro/calico/lib\libcalico_ds9.a(pm.o)
 .text._pmPxiThreadMain
                0x02004620       0x9c D:/devkitPro/calico/lib\libcalico_ds9.a(pm.o)
 .text._pmResetPxiHandler
                0x020046bc       0x28 D:/devkitPro/calico/lib\libcalico_ds9.a(pm.o)
 .text.systemUserExit
                0x020046e4        0x4 D:/devkitPro/calico/lib\libcalico_ds9.a(pm.o)
                0x020046e4                systemUserExit
 .text.systemErrorExit
                0x020046e8        0x4 D:/devkitPro/calico/lib\libcalico_ds9.a(pm.o)
                0x020046e8                systemErrorExit
 .text.__syscall_exit
                0x020046ec      0x138 D:/devkitPro/calico/lib\libcalico_ds9.a(pm.o)
                0x020046ec                __syscall_exit
 .text.pmInit   0x02004824       0x58 D:/devkitPro/calico/lib\libcalico_ds9.a(pm.o)
                0x02004824                pmInit
 .text          0x0200487c      0x150 D:/devkitPro/devkitARM/bin/../lib/gcc/arm-none-eabi/16.1.0/thumb\libgcc.a(_divsi3.o)
                0x0200487c                __divsi3
                0x0200487c                __aeabi_idiv
                0x020049ac                __aeabi_idivmod
 .text          0x020049cc        0x4 D:/devkitPro/devkitARM/bin/../lib/gcc/arm-none-eabi/16.1.0/thumb\libgcc.a(_dvmd_tls.o)
                0x020049cc                __aeabi_idiv0
                0x020049cc                __aeabi_ldiv0
 .text          0x020049d0       0x3c D:/devkitPro/devkitARM/bin/../lib/gcc/arm-none-eabi/16.1.0/thumb\libgcc.a(_aeabi_uldivmod.o)
                0x020049d0                __aeabi_uldivmod
 .text.__udivmoddi4
                0x02004a0c      0x194 D:/devkitPro/devkitARM/bin/../lib/gcc/arm-none-eabi/16.1.0/thumb\libgcc.a(_udivmoddi4.o)
                0x02004a0c                __udivmoddi4
 .text          0x02004ba0       0x28 D:/devkitPro/devkitARM/bin/../lib/gcc/arm-none-eabi/16.1.0/thumb\libgcc.a(_clzdi2.o)
                0x02004ba0                __clzdi2
 .text          0x02004bc8       0x48 D:/devkitPro/devkitARM/bin/../lib/gcc/arm-none-eabi/16.1.0/thumb\libgcc.a(_clzsi2.o)
                0x02004bc8                __clzsi2
 .text.memcpy   0x02004c10       0xac D:/devkitPro/devkitARM/bin/../lib/gcc/arm-none-eabi/16.1.0/../../../../arm-none-eabi/lib/thumb\libg.a(libc_a-memcpy-stub.o)
                0x02004c10                memcpy
 .text.viprintf
                0x02004cbc       0x1c D:/devkitPro/devkitARM/bin/../lib/gcc/arm-none-eabi/16.1.0/../../../../arm-none-eabi/lib/thumb\libg.a(libc_a-viprintf.o)
                0x02004cbc                viprintf
 .text.memset   0x02004cd8       0x8c D:/devkitPro/devkitARM/bin/../lib/gcc/arm-none-eabi/16.1.0/../../../../arm-none-eabi/lib/thumb\libg.a(libc_a-memset.o)
                0x02004cd8                memset
 .text.realloc  0x02004d64       0x18 D:/devkitPro/devkitARM/bin/../lib/gcc/arm-none-eabi/16.1.0/../../../../arm-none-eabi/lib/thumb\libg.a(libc_a-realloc.o)
                0x02004d64                realloc
 .text._malloc_r
                0x02004d7c      0x550 D:/devkitPro/devkitARM/bin/../lib/gcc/arm-none-eabi/16.1.0/../../../../arm-none-eabi/lib/thumb\libg.a(libc_a-mallocr.o)
                0x02004d7c                _malloc_r
 .text._malloc_trim_r
                0x020052cc       0xac D:/devkitPro/devkitARM/bin/../lib/gcc/arm-none-eabi/16.1.0/../../../../arm-none-eabi/lib/thumb\libg.a(libc_a-freer.o)
                0x020052cc                _malloc_trim_r
 .text._free_r  0x02005378      0x1d8 D:/devkitPro/devkitARM/bin/../lib/gcc/arm-none-eabi/16.1.0/../../../../arm-none-eabi/lib/thumb\libg.a(libc_a-freer.o)
                0x02005378                _free_r
 .text.setvbuf  0x02005550      0x1ac D:/devkitPro/devkitARM/bin/../lib/gcc/arm-none-eabi/16.1.0/../../../../arm-none-eabi/lib/thumb\libg.a(libc_a-setvbuf.o)
                0x02005550                setvbuf
 .text.stdio_exit_handler
                0x020056fc       0x20 D:/devkitPro/devkitARM/bin/../lib/gcc/arm-none-eabi/16.1.0/../../../../arm-none-eabi/lib/thumb\libg.a(libc_a-findfp.o)
 .text.cleanup_stdio
                0x0200571c       0x40 D:/devkitPro/devkitARM/bin/../lib/gcc/arm-none-eabi/16.1.0/../../../../arm-none-eabi/lib/thumb\libg.a(libc_a-findfp.o)
 .text.global_stdio_init.part.0
                0x0200575c      0x120 D:/devkitPro/devkitARM/bin/../lib/gcc/arm-none-eabi/16.1.0/../../../../arm-none-eabi/lib/thumb\libg.a(libc_a-findfp.o)
 .text.__sinit  0x0200587c       0x3c D:/devkitPro/devkitARM/bin/../lib/gcc/arm-none-eabi/16.1.0/../../../../arm-none-eabi/lib/thumb\libg.a(libc_a-findfp.o)
                0x0200587c                __sinit
 .text.__sfp_lock_acquire
                0x020058b8       0x14 D:/devkitPro/devkitARM/bin/../lib/gcc/arm-none-eabi/16.1.0/../../../../arm-none-eabi/lib/thumb\libg.a(libc_a-findfp.o)
                0x020058b8                __sfp_lock_acquire
 .text.__sfp_lock_release
                0x020058cc       0x14 D:/devkitPro/devkitARM/bin/../lib/gcc/arm-none-eabi/16.1.0/../../../../arm-none-eabi/lib/thumb\libg.a(libc_a-findfp.o)
                0x020058cc                __sfp_lock_release
 .text.__libc_init_array
                0x020058e0       0x54 D:/devkitPro/devkitARM/bin/../lib/gcc/arm-none-eabi/16.1.0/../../../../arm-none-eabi/lib/thumb\libg.a(libc_a-init.o)
                0x020058e0                __libc_init_array
 .text.malloc   0x02005934       0x28 D:/devkitPro/devkitARM/bin/../lib/gcc/arm-none-eabi/16.1.0/../../../../arm-none-eabi/lib/thumb\libg.a(libc_a-malloc.o)
                0x02005934                malloc
 .text.free     0x0200595c       0x14 D:/devkitPro/devkitARM/bin/../lib/gcc/arm-none-eabi/16.1.0/../../../../arm-none-eabi/lib/thumb\libg.a(libc_a-malloc.o)
                0x0200595c                free
 .text.siscanf  0x02005970       0x50 D:/devkitPro/devkitARM/bin/../lib/gcc/arm-none-eabi/16.1.0/../../../../arm-none-eabi/lib/thumb\libg.a(libc_a-siscanf.o)
                0x02005970                siscanf
 .text.__sread  0x020059c0       0x34 D:/devkitPro/devkitARM/bin/../lib/gcc/arm-none-eabi/16.1.0/../../../../arm-none-eabi/lib/thumb\libg.a(libc_a-stdio.o)
                0x020059c0                __sread
 .text.__seofread
                0x020059f4        0x4 D:/devkitPro/devkitARM/bin/../lib/gcc/arm-none-eabi/16.1.0/../../../../arm-none-eabi/lib/thumb\libg.a(libc_a-stdio.o)
                0x020059f4                __seofread
 .text.__swrite
                0x020059f8       0x4c D:/devkitPro/devkitARM/bin/../lib/gcc/arm-none-eabi/16.1.0/../../../../arm-none-eabi/lib/thumb\libg.a(libc_a-stdio.o)
                0x020059f8                __swrite
 .text.__sseek  0x02005a44       0x3c D:/devkitPro/devkitARM/bin/../lib/gcc/arm-none-eabi/16.1.0/../../../../arm-none-eabi/lib/thumb\libg.a(libc_a-stdio.o)
                0x02005a44                __sseek
 .text.__sclose
                0x02005a80       0x10 D:/devkitPro/devkitARM/bin/../lib/gcc/arm-none-eabi/16.1.0/../../../../arm-none-eabi/lib/thumb\libg.a(libc_a-stdio.o)
                0x02005a80                __sclose
 .text._realloc_r
                0x02005a90      0x344 D:/devkitPro/devkitARM/bin/../lib/gcc/arm-none-eabi/16.1.0/../../../../arm-none-eabi/lib/thumb\libg.a(libc_a-reallocr.o)
                0x02005a90                _realloc_r
 .text.iprintf  0x02005dd4       0x28 D:/devkitPro/devkitARM/bin/../lib/gcc/arm-none-eabi/16.1.0/../../../../arm-none-eabi/lib/thumb\libg.a(libc_a-iprintf.o)
                0x02005dd4                iprintf
 .text.__malloc_lock
                0x02005dfc       0x14 D:/devkitPro/devkitARM/bin/../lib/gcc/arm-none-eabi/16.1.0/../../../../arm-none-eabi/lib/thumb\libg.a(libc_a-mlock.o)
                0x02005dfc                __malloc_lock
 .text.__malloc_unlock
                0x02005e10       0x14 D:/devkitPro/devkitARM/bin/../lib/gcc/arm-none-eabi/16.1.0/../../../../arm-none-eabi/lib/thumb\libg.a(libc_a-mlock.o)
                0x02005e10                __malloc_unlock
 .text._fclose_r
                0x02005e24       0xe0 D:/devkitPro/devkitARM/bin/../lib/gcc/arm-none-eabi/16.1.0/../../../../arm-none-eabi/lib/thumb\libg.a(libc_a-fclose.o)
                0x02005e24                _fclose_r
 .text.__call_exitprocs
                0x02005f04        0xc D:/devkitPro/devkitARM/bin/../lib/gcc/arm-none-eabi/16.1.0/../../../../arm-none-eabi/lib/thumb\libg.a(libc_a-exit.o)
                0x02005f04                __call_exitprocs
 .text.__libc_fini_array
                0x02005f10       0x30 D:/devkitPro/devkitARM/bin/../lib/gcc/arm-none-eabi/16.1.0/../../../../arm-none-eabi/lib/thumb\libg.a(libc_a-fini.o)
                0x02005f10                __libc_fini_array
 .text.get_arg  0x02005f40      0x404 D:/devkitPro/devkitARM/bin/../lib/gcc/arm-none-eabi/16.1.0/../../../../arm-none-eabi/lib/thumb\libg.a(libc_a-vfiprintf.o)
 .text._vfiprintf_r
                0x02006344     0x16d8 D:/devkitPro/devkitARM/bin/../lib/gcc/arm-none-eabi/16.1.0/../../../../arm-none-eabi/lib/thumb\libg.a(libc_a-vfiprintf.o)
                0x02006344                _vfiprintf_r
 .text.__sbprintf
                0x02007a1c       0x7c D:/devkitPro/devkitARM/bin/../lib/gcc/arm-none-eabi/16.1.0/../../../../arm-none-eabi/lib/thumb\libg.a(libc_a-vfiprintf.o)
 .text.strlen   0x02007a98       0x60 D:/devkitPro/devkitARM/bin/../lib/gcc/arm-none-eabi/16.1.0/../../../../arm-none-eabi/lib/thumb\libg.a(libc_a-strlen.o)
                0x02007a98                strlen
 .text._fwalk_sglue
                0x02007af8       0x4c D:/devkitPro/devkitARM/bin/../lib/gcc/arm-none-eabi/16.1.0/../../../../arm-none-eabi/lib/thumb\libg.a(libc_a-fwalk.o)
                0x02007af8                _fwalk_sglue
 .text._wcrtomb_r
                0x02007b44       0x88 D:/devkitPro/devkitARM/bin/../lib/gcc/arm-none-eabi/16.1.0/../../../../arm-none-eabi/lib/thumb\libg.a(libc_a-wcrtomb.o)
                0x02007b44                _wcrtomb_r
 .text._memalign_r
                0x02007bcc      0x118 D:/devkitPro/devkitARM/bin/../lib/gcc/arm-none-eabi/16.1.0/../../../../arm-none-eabi/lib/thumb\libg.a(libc_a-malignr.o)
                0x02007bcc                _memalign_r
 .text.__smakebuf_r
                0x02007ce4       0xe0 D:/devkitPro/devkitARM/bin/../lib/gcc/arm-none-eabi/16.1.0/../../../../arm-none-eabi/lib/thumb\libg.a(libc_a-makebuf.o)
                0x02007ce4                __smakebuf_r
 .text.__swhatbuf_r
                0x02007dc4       0x5c D:/devkitPro/devkitARM/bin/../lib/gcc/arm-none-eabi/16.1.0/../../../../arm-none-eabi/lib/thumb\libg.a(libc_a-makebuf.o)
                0x02007dc4                __swhatbuf_r
 .text.__locale_mb_cur_max
                0x02007e20       0x20 D:/devkitPro/devkitARM/bin/../lib/gcc/arm-none-eabi/16.1.0/../../../../arm-none-eabi/lib/thumb\libg.a(libc_a-locale.o)
                0x02007e20                __locale_mb_cur_max
 .text.__sflush_r
                0x02007e40      0x180 D:/devkitPro/devkitARM/bin/../lib/gcc/arm-none-eabi/16.1.0/../../../../arm-none-eabi/lib/thumb\libg.a(libc_a-fflush.o)
                0x02007e40                __sflush_r
 .text._fflush_r
                0x02007fc0       0x70 D:/devkitPro/devkitARM/bin/../lib/gcc/arm-none-eabi/16.1.0/../../../../arm-none-eabi/lib/thumb\libg.a(libc_a-fflush.o)
                0x02007fc0                _fflush_r
 .text.__sprint_r
                0x02008030       0x24 D:/devkitPro/devkitARM/bin/../lib/gcc/arm-none-eabi/16.1.0/../../../../arm-none-eabi/lib/thumb\libg.a(libc_a-sprint_r.o)
                0x02008030                __sprint_r
 .text.get_arg  0x02008054       0x3e D:/devkitPro/devkitARM/bin/../lib/gcc/arm-none-eabi/16.1.0/../../../../arm-none-eabi/lib/thumb\libg.a(libc_a-svfiscanf.o)
 .text._sungetc_r
                0x02008092       0x7e D:/devkitPro/devkitARM/bin/../lib/gcc/arm-none-eabi/16.1.0/../../../../arm-none-eabi/lib/thumb\libg.a(libc_a-svfiscanf.o)
                0x02008092                _sungetc_r
 .text.__ssrefill_r
                0x02008110       0x42 D:/devkitPro/devkitARM/bin/../lib/gcc/arm-none-eabi/16.1.0/../../../../arm-none-eabi/lib/thumb\libg.a(libc_a-svfiscanf.o)
                0x02008110                __ssrefill_r
 .text._sfread_r
                0x02008152       0x88 D:/devkitPro/devkitARM/bin/../lib/gcc/arm-none-eabi/16.1.0/../../../../arm-none-eabi/lib/thumb\libg.a(libc_a-svfiscanf.o)
                0x02008152                _sfread_r
 *fill*         0x020081da        0x2 ff
 .text.__ssvfiscanf_r
                0x020081dc     0x19d8 D:/devkitPro/devkitARM/bin/../lib/gcc/arm-none-eabi/16.1.0/../../../../arm-none-eabi/lib/thumb\libg.a(libc_a-svfiscanf.o)
                0x020081dc                __ssvfiscanf_r
 .text._strtol_l.part.0
                0x02009bb4      0x25c D:/devkitPro/devkitARM/bin/../lib/gcc/arm-none-eabi/16.1.0/../../../../arm-none-eabi/lib/thumb\libg.a(libc_a-strtol.o)
 .text._strtol_r
                0x02009e10       0x34 D:/devkitPro/devkitARM/bin/../lib/gcc/arm-none-eabi/16.1.0/../../../../arm-none-eabi/lib/thumb\libg.a(libc_a-strtol.o)
                0x02009e10                _strtol_r
 .text.strncpy  0x02009e44       0x68 D:/devkitPro/devkitARM/bin/../lib/gcc/arm-none-eabi/16.1.0/../../../../arm-none-eabi/lib/thumb\libg.a(libc_a-strncpy.o)
                0x02009e44                strncpy
 .text.memchr   0x02009eac       0x74 D:/devkitPro/devkitARM/bin/../lib/gcc/arm-none-eabi/16.1.0/../../../../arm-none-eabi/lib/thumb\libg.a(libc_a-memchr-stub.o)
                0x02009eac                memchr
 .text._wcsrtombs_r
                0x02009f20       0x20 D:/devkitPro/devkitARM/bin/../lib/gcc/arm-none-eabi/16.1.0/../../../../arm-none-eabi/lib/thumb\libg.a(libc_a-wcsrtombs.o)
                0x02009f20                _wcsrtombs_r
 .text.__swsetup_r
                0x02009f40       0xd4 D:/devkitPro/devkitARM/bin/../lib/gcc/arm-none-eabi/16.1.0/../../../../arm-none-eabi/lib/thumb\libg.a(libc_a-wsetup.o)
                0x02009f40                __swsetup_r
 .text._localeconv_r
                0x0200a014       0x20 D:/devkitPro/devkitARM/bin/../lib/gcc/arm-none-eabi/16.1.0/../../../../arm-none-eabi/lib/thumb\libg.a(libc_a-localeconv.o)
                0x0200a014                _localeconv_r
 .text.memmove  0x0200a034      0x108 D:/devkitPro/devkitARM/bin/../lib/gcc/arm-none-eabi/16.1.0/../../../../arm-none-eabi/lib/thumb\libg.a(libc_a-memmove.o)
                0x0200a034                memmove
 .text.__utf8_wctomb
                0x0200a13c       0xbc D:/devkitPro/devkitARM/bin/../lib/gcc/arm-none-eabi/16.1.0/../../../../arm-none-eabi/lib/thumb\libg.a(libc_a-wctomb_r.o)
                0x0200a13c                __utf8_wctomb
 .text._wcsnrtombs_l
                0x0200a1f8      0x120 D:/devkitPro/devkitARM/bin/../lib/gcc/arm-none-eabi/16.1.0/../../../../arm-none-eabi/lib/thumb\libg.a(libc_a-wcsnrtombs.o)
                0x0200a1f8                _wcsnrtombs_l
 .text._wcsnrtombs_r
                0x0200a318       0x40 D:/devkitPro/devkitARM/bin/../lib/gcc/arm-none-eabi/16.1.0/../../../../arm-none-eabi/lib/thumb\libg.a(libc_a-wcsnrtombs.o)
                0x0200a318                _wcsnrtombs_r
 .text.iswspace
                0x0200a358       0x10 D:/devkitPro/devkitARM/bin/../lib/gcc/arm-none-eabi/16.1.0/../../../../arm-none-eabi/lib/thumb\libg.a(libc_a-iswspace.o)
                0x0200a358                iswspace
 .text._strtoull_l.isra.0
                0x0200a368      0x1c0 D:/devkitPro/devkitARM/bin/../lib/gcc/arm-none-eabi/16.1.0/../../../../arm-none-eabi/lib/thumb\libg.a(libc_a-strtoull.o)
 .text._strtoull_r
                0x0200a528       0x20 D:/devkitPro/devkitARM/bin/../lib/gcc/arm-none-eabi/16.1.0/../../../../arm-none-eabi/lib/thumb\libg.a(libc_a-strtoull.o)
                0x0200a528                _strtoull_r
 .text._strtoul_l.isra.0
                0x0200a548      0x150 D:/devkitPro/devkitARM/bin/../lib/gcc/arm-none-eabi/16.1.0/../../../../arm-none-eabi/lib/thumb\libg.a(libc_a-strtoul.o)
 .text._strtoul_r
                0x0200a698       0x20 D:/devkitPro/devkitARM/bin/../lib/gcc/arm-none-eabi/16.1.0/../../../../arm-none-eabi/lib/thumb\libg.a(libc_a-strtoul.o)
                0x0200a698                _strtoul_r
 .text.__submore
                0x0200a6b8       0x7c D:/devkitPro/devkitARM/bin/../lib/gcc/arm-none-eabi/16.1.0/../../../../arm-none-eabi/lib/thumb\libg.a(libc_a-ungetc.o)
                0x0200a6b8                __submore
 .text.__utf8_mbtowc
                0x0200a734      0x24c D:/devkitPro/devkitARM/bin/../lib/gcc/arm-none-eabi/16.1.0/../../../../arm-none-eabi/lib/thumb\libg.a(libc_a-mbtowc_r.o)
                0x0200a734                __utf8_mbtowc
 .text._mbrtowc_r
                0x0200a980       0x9c D:/devkitPro/devkitARM/bin/../lib/gcc/arm-none-eabi/16.1.0/../../../../arm-none-eabi/lib/thumb\libg.a(libc_a-mbrtowc.o)
                0x0200a980                _mbrtowc_r
 .text.__sfvwrite_r
                0x0200aa1c      0x31c D:/devkitPro/devkitARM/bin/../lib/gcc/arm-none-eabi/16.1.0/../../../../arm-none-eabi/lib/thumb\libg.a(libc_a-fvwrite.o)
                0x0200aa1c                __sfvwrite_r
 .text.__sccl   0x0200ad38       0xb0 D:/devkitPro/devkitARM/bin/../lib/gcc/arm-none-eabi/16.1.0/../../../../arm-none-eabi/lib/thumb\libg.a(libc_a-sccl.o)
                0x0200ad38                __sccl
 .text._strtoll_l.isra.0
                0x0200ade8      0x300 D:/devkitPro/devkitARM/bin/../lib/gcc/arm-none-eabi/16.1.0/../../../../arm-none-eabi/lib/thumb\libg.a(libc_a-strtoll.o)
 .text._strtoll_r
                0x0200b0e8       0x20 D:/devkitPro/devkitARM/bin/../lib/gcc/arm-none-eabi/16.1.0/../../../../arm-none-eabi/lib/thumb\libg.a(libc_a-strtoll.o)
                0x0200b0e8                _strtoll_r
 .text.iswspace_l
                0x0200b108       0x28 D:/devkitPro/devkitARM/bin/../lib/gcc/arm-none-eabi/16.1.0/../../../../arm-none-eabi/lib/thumb\libg.a(libc_a-iswspace_l.o)
                0x0200b108                iswspace_l
 .text.category
                0x0200b130       0x5c D:/devkitPro/devkitARM/bin/../lib/gcc/arm-none-eabi/16.1.0/../../../../arm-none-eabi/lib/thumb\libg.a(libc_a-categories.o)
                0x0200b130                category
 .text._exit    0x0200b18c       0x14 D:/devkitPro/devkitARM/bin/../lib/gcc/arm-none-eabi/16.1.0/../../../../arm-none-eabi/lib/thumb\libsysbase.a(libsysbase_libsysbase_a-_exit.o)
                0x0200b18c                _exit
 .text._fstat_r
                0x0200b1a0       0x5c D:/devkitPro/devkitARM/bin/../lib/gcc/arm-none-eabi/16.1.0/../../../../arm-none-eabi/lib/thumb\libsysbase.a(libsysbase_libsysbase_a-fstat.o)
                0x0200b1a0                _fstat_r
 .text.__getreent
                0x0200b1fc       0x20 D:/devkitPro/devkitARM/bin/../lib/gcc/arm-none-eabi/16.1.0/../../../../arm-none-eabi/lib/thumb\libsysbase.a(libsysbase_libsysbase_a-getreent.o)
                0x0200b1fc                __getreent
 .text.__get_handle
                0x0200b21c       0x34 D:/devkitPro/devkitARM/bin/../lib/gcc/arm-none-eabi/16.1.0/../../../../arm-none-eabi/lib/thumb\libsysbase.a(libsysbase_libsysbase_a-handle_manager.o)
                0x0200b21c                __get_handle
 .text._close_r
                0x0200b250       0xb0 D:/devkitPro/devkitARM/bin/../lib/gcc/arm-none-eabi/16.1.0/../../../../arm-none-eabi/lib/thumb\libsysbase.a(libsysbase_libsysbase_a-handle_manager.o)
                0x0200b250                _close_r
 .text.null_write
                0x0200b300        0x4 D:/devkitPro/devkitARM/bin/../lib/gcc/arm-none-eabi/16.1.0/../../../../arm-none-eabi/lib/thumb\libsysbase.a(libsysbase_libsysbase_a-iosupport.o)
 .text._isatty_r
                0x0200b304        0x4 D:/devkitPro/devkitARM/bin/../lib/gcc/arm-none-eabi/16.1.0/../../../../arm-none-eabi/lib/thumb\libsysbase.a(libsysbase_libsysbase_a-isatty.o)
                0x0200b304                _isatty_r
 .text._lseek_r
                0x0200b308       0x64 D:/devkitPro/devkitARM/bin/../lib/gcc/arm-none-eabi/16.1.0/../../../../arm-none-eabi/lib/thumb\libsysbase.a(libsysbase_libsysbase_a-lseek.o)
                0x0200b308                _lseek_r
 .text._read_r  0x0200b36c       0x5c D:/devkitPro/devkitARM/bin/../lib/gcc/arm-none-eabi/16.1.0/../../../../arm-none-eabi/lib/thumb\libsysbase.a(libsysbase_libsysbase_a-read.o)
                0x0200b36c                _read_r
 .text._sbrk_r  0x0200b3c8       0x50 D:/devkitPro/devkitARM/bin/../lib/gcc/arm-none-eabi/16.1.0/../../../../arm-none-eabi/lib/thumb\libsysbase.a(libsysbase_libsysbase_a-sbrk.o)
                0x0200b3c8                _sbrk_r
 .text.__libc_lock_acquire
                0x0200b418       0x18 D:/devkitPro/devkitARM/bin/../lib/gcc/arm-none-eabi/16.1.0/../../../../arm-none-eabi/lib/thumb\libsysbase.a(libsysbase_libsysbase_a-syscall_support.o)
                0x0200b418                __libc_lock_acquire
 .text.__libc_lock_release
                0x0200b430       0x18 D:/devkitPro/devkitARM/bin/../lib/gcc/arm-none-eabi/16.1.0/../../../../arm-none-eabi/lib/thumb\libsysbase.a(libsysbase_libsysbase_a-syscall_support.o)
                0x0200b430                __libc_lock_release
 .text.__libc_lock_acquire_recursive
                0x0200b448       0x18 D:/devkitPro/devkitARM/bin/../lib/gcc/arm-none-eabi/16.1.0/../../../../arm-none-eabi/lib/thumb\libsysbase.a(libsysbase_libsysbase_a-syscall_support.o)
                0x0200b448                __libc_lock_acquire_recursive
 .text.__libc_lock_release_recursive
                0x0200b460       0x18 D:/devkitPro/devkitARM/bin/../lib/gcc/arm-none-eabi/16.1.0/../../../../arm-none-eabi/lib/thumb\libsysbase.a(libsysbase_libsysbase_a-syscall_support.o)
                0x0200b460                __libc_lock_release_recursive
 .text._write_r
                0x0200b478       0x5c D:/devkitPro/devkitARM/bin/../lib/gcc/arm-none-eabi/16.1.0/../../../../arm-none-eabi/lib/thumb\libsysbase.a(libsysbase_libsysbase_a-write.o)
                0x0200b478                _write_r
 .text          0x0200b4d4       0x14 D:/devkitPro/devkitARM/bin/../lib/gcc/arm-none-eabi/16.1.0/thumb\libgcc.a(_thumb1_case_uqi.o)
                0x0200b4d4                __gnu_thumb1_case_uqi
 .text          0x0200b4e8       0x14 D:/devkitPro/devkitARM/bin/../lib/gcc/arm-none-eabi/16.1.0/thumb\libgcc.a(_thumb1_case_uhi.o)
                0x0200b4e8                __gnu_thumb1_case_uhi
 .text          0x0200b4fc      0x11c D:/devkitPro/devkitARM/bin/../lib/gcc/arm-none-eabi/16.1.0/thumb\libgcc.a(_udivsi3.o)
                0x0200b4fc                __aeabi_uidiv
                0x0200b4fc                __udivsi3
                0x0200b5f8                __aeabi_uidivmod
 .text.__muldi3
                0x0200b618       0x58 D:/devkitPro/devkitARM/bin/../lib/gcc/arm-none-eabi/16.1.0/thumb\libgcc.a(_muldi3.o)
                0x0200b618                __muldi3
                0x0200b618                __aeabi_lmul
 EXCLUDE_FILE(*.twl.*) *(.glue_7t .glue_7 .vfp11_veneer .v4_bx)
 .glue_7        0x0200b670        0x0 linker stubs
 .glue_7t       0x0200b670        0x0 linker stubs
 .vfp11_veneer  0x0200b670        0x0 linker stubs
 .v4_bx         0x0200b670        0x0 linker stubs
 *(SORT_NONE(.fini))
 .fini          0x0200b670        0x4 D:/devkitPro/devkitARM/bin/../lib/gcc/arm-none-eabi/16.1.0/thumb/crti.o
                0x0200b670                _fini
 .fini          0x0200b674        0x8 D:/devkitPro/devkitARM/bin/../lib/gcc/arm-none-eabi/16.1.0/thumb/crtn.o
 *fill*         0x0200b67c        0x4 ff
 .fini.__stub   0x0200b680       0x10 linker stubs
 EXCLUDE_FILE(*.twl.*) *(.rodata .rodata.* .gnu.linkonce.r.*)
 .rodata        0x0200b690      0x280 bird_blue.o
                0x0200b690                bird_blueTiles
                0x0200b710                bird_bluePal
 .rodata        0x0200b910      0x280 bird_green.o
                0x0200b910                bird_greenTiles
                0x0200b990                bird_greenPal
 .rodata        0x0200bb90      0x280 bird_orange.o
                0x0200bb90                bird_orangeTiles
                0x0200bc10                bird_orangePal
 .rodata        0x0200be10      0xe40 cage_bg.o
                0x0200be10                cage_bgTiles
                0x0200c250                cage_bgMap
                0x0200ca50                cage_bgPal
 .rodata        0x0200cc50      0x280 drinker.o
                0x0200cc50                drinkerTiles
                0x0200ccd0                drinkerPal
 .rodata        0x0200ced0      0x280 feeder.o
                0x0200ced0                feederTiles
                0x0200cf50                feederPal
 .rodata        0x0200d150      0x280 perch.o
                0x0200d150                perchTiles
                0x0200d1d0                perchPal
 .rodata        0x0200d3d0      0x280 toy_bell.o
                0x0200d3d0                toy_bellTiles
                0x0200d450                toy_bellPal
 .rodata.gotoRC.str1.4
                0x0200d650      0x264 main.o
                                  0x9 (size before relaxing)
 .rodata.printMainScreen.str1.4
                0x0200d8b4        0x0 main.o
                                 0x2d (size before relaxing)
 .rodata.printShopScreen.str1.4
                0x0200d8b4        0x0 main.o
                                 0x5f (size before relaxing)
 .rodata.printPlacementScreen.str1.4
                0x0200d8b4        0x0 main.o
                                 0x36 (size before relaxing)
 .rodata.main.str1.4
                0x0200d8b4        0x0 main.o
                                 0x86 (size before relaxing)
 .rodata.str1.4
                0x0200d8b4        0x0 main.o
                                 0x25 (size before relaxing)
 .rodata.con_write.str1.4
                0x0200d8b4        0x0 D:/devkitPro/libnds/lib\libnds9.a(console.o)
                                 0x30 (size before relaxing)
 .rodata.con_write
                0x0200d8b4       0xd4 D:/devkitPro/libnds/lib\libnds9.a(console.o)
 .rodata.consoleClear.str1.4
                0x0200d988        0x0 D:/devkitPro/libnds/lib\libnds9.a(console.o)
                                  0x5 (size before relaxing)
 .rodata.str1.4
                0x0200d988        0x0 D:/devkitPro/libnds/lib\libnds9.a(console.o)
                                 0x14 (size before relaxing)
 .rodata.dotab_stdout
                0x0200d988       0x80 D:/devkitPro/libnds/lib\libnds9.a(console.o)
 .rodata.__sassert.str1.4
                0x0200da08        0x0 D:/devkitPro/libnds/lib\libnds9.a(sassert.o)
                                 0x42 (size before relaxing)
 .rodata.SIN_LUT
                0x0200da08      0x102 D:/devkitPro/libnds/lib\libnds9.a(trig.o)
                0x0200da08                SIN_LUT
 *fill*         0x0200db0a        0x2 ff
 .rodata.default_font_bin
                0x0200db0c      0x800 D:/devkitPro/libnds/lib\libnds9.a(default_font.bin.o)
                0x0200db0c                default_font_bin
                0x0200e30c                default_font_bin_end
 .rodata._vfiprintf_r.str1.1
                0x0200e30c       0x29 D:/devkitPro/devkitARM/bin/../lib/gcc/arm-none-eabi/16.1.0/../../../../arm-none-eabi/lib/thumb\libg.a(libc_a-vfiprintf.o)
 *fill*         0x0200e335        0x3 ff
 .rodata.zeroes.0
                0x0200e338       0x10 D:/devkitPro/devkitARM/bin/../lib/gcc/arm-none-eabi/16.1.0/../../../../arm-none-eabi/lib/thumb\libg.a(libc_a-vfiprintf.o)
 .rodata.blanks.1
                0x0200e348       0x10 D:/devkitPro/devkitARM/bin/../lib/gcc/arm-none-eabi/16.1.0/../../../../arm-none-eabi/lib/thumb\libg.a(libc_a-vfiprintf.o)
 .rodata.__action_table
                0x0200e358       0x6c D:/devkitPro/devkitARM/bin/../lib/gcc/arm-none-eabi/16.1.0/../../../../arm-none-eabi/lib/thumb\libg.a(libc_a-svfiprintf.o)
                0x0200e358                __action_table
 .rodata.__state_table
                0x0200e3c4       0x6c D:/devkitPro/devkitARM/bin/../lib/gcc/arm-none-eabi/16.1.0/../../../../arm-none-eabi/lib/thumb\libg.a(libc_a-svfiprintf.o)
                0x0200e3c4                __state_table
 .rodata.__chclass
                0x0200e430      0x100 D:/devkitPro/devkitARM/bin/../lib/gcc/arm-none-eabi/16.1.0/../../../../arm-none-eabi/lib/thumb\libg.a(libc_a-svfiprintf.o)
                0x0200e430                __chclass
 .rodata.str1.4
                0x0200e530        0x0 D:/devkitPro/devkitARM/bin/../lib/gcc/arm-none-eabi/16.1.0/../../../../arm-none-eabi/lib/thumb\libg.a(libc_a-locale.o)
                                 0x4c (size before relaxing)
 .rodata.basefix.0
                0x0200e530       0x22 D:/devkitPro/devkitARM/bin/../lib/gcc/arm-none-eabi/16.1.0/../../../../arm-none-eabi/lib/thumb\libg.a(libc_a-svfiscanf.o)
 *fill*         0x0200e552        0x2 ff
 .rodata._ctype_
                0x0200e554      0x101 D:/devkitPro/devkitARM/bin/../lib/gcc/arm-none-eabi/16.1.0/../../../../arm-none-eabi/lib/thumb\libg.a(libc_a-ctype_.o)
                0x0200e554                _ctype_
 .rodata._mbrtowc_r.str1.4
                0x0200e655        0x0 D:/devkitPro/devkitARM/bin/../lib/gcc/arm-none-eabi/16.1.0/../../../../arm-none-eabi/lib/thumb\libg.a(libc_a-mbrtowc.o)
                                  0x1 (size before relaxing)
 *fill*         0x0200e655        0x3 ff
 .rodata.categories
                0x0200e658     0x37f8 D:/devkitPro/devkitARM/bin/../lib/gcc/arm-none-eabi/16.1.0/../../../../arm-none-eabi/lib/thumb\libg.a(libc_a-categories.o)
 .rodata.str1.4
                0x02011e50        0x0 D:/devkitPro/devkitARM/bin/../lib/gcc/arm-none-eabi/16.1.0/../../../../arm-none-eabi/lib/thumb\libsysbase.a(libsysbase_libsysbase_a-iosupport.o)
                                  0x8 (size before relaxing)
 .rodata.dotab_stdnull
                0x02011e50       0x80 D:/devkitPro/devkitARM/bin/../lib/gcc/arm-none-eabi/16.1.0/../../../../arm-none-eabi/lib/thumb\libsysbase.a(libsysbase_libsysbase_a-iosupport.o)
                0x02011e50                dotab_stdnull
 EXCLUDE_FILE(*.twl.*) *(.rodata1)
                0x02011ed0                        . = ALIGN (0x4)

.main.rw        0x02011ed0     0x1af8 load address 0x02015ee8
 EXCLUDE_FILE(*.twl.*) *(.data .data.* .gnu.linkonce.d.*)
 .data.decorItems
                0x02011ed0       0xc0 main.o
                0x02011ed0                decorItems
 .data.birdAssets
                0x02011f90       0x30 main.o
                0x02011f90                birdAssets
 .data.bgTransform
                0x02011fc0       0x20 D:/devkitPro/libnds/lib\libnds9.a(background.o)
                0x02011fc0                bgTransform
 .data.bgScrollTable
                0x02011fe0       0x20 D:/devkitPro/libnds/lib\libnds9.a(background.o)
                0x02011fe0                bgScrollTable
 .data.bgControl
                0x02012000       0x20 D:/devkitPro/libnds/lib\libnds9.a(background.o)
                0x02012000                bgControl
 .data.firstConsoleInit.0
                0x02012020        0x1 D:/devkitPro/libnds/lib\libnds9.a(console.o)
 *fill*         0x02012021        0x3 ff
 .data.currentConsole
                0x02012024        0x4 D:/devkitPro/libnds/lib\libnds9.a(console.o)
                0x02012024                currentConsole
 .data.defaultConsole
                0x02012028       0x5c D:/devkitPro/libnds/lib\libnds9.a(console.o)
                0x02012028                defaultConsole
 .data.count    0x02012084        0x1 D:/devkitPro/libnds/lib\libnds9.a(keys.o)
 .data.repeat   0x02012085        0x1 D:/devkitPro/libnds/lib\libnds9.a(keys.o)
 .data.delay    0x02012086        0x1 D:/devkitPro/libnds/lib\libnds9.a(keys.o)
 *fill*         0x02012087        0x1 ff
 .data.oamMain  0x02012088       0x18 D:/devkitPro/libnds/lib\libnds9.a(sprite.o)
                0x02012088                oamMain
 .data.__malloc_sbrk_base
                0x020120a0        0x4 D:/devkitPro/devkitARM/bin/../lib/gcc/arm-none-eabi/16.1.0/../../../../arm-none-eabi/lib/thumb\libg.a(libc_a-mallocr.o)
                0x020120a0                __malloc_sbrk_base
 .data.__malloc_trim_threshold
                0x020120a4        0x4 D:/devkitPro/devkitARM/bin/../lib/gcc/arm-none-eabi/16.1.0/../../../../arm-none-eabi/lib/thumb\libg.a(libc_a-mallocr.o)
                0x020120a4                __malloc_trim_threshold
 .data.__malloc_av_
                0x020120a8      0x408 D:/devkitPro/devkitARM/bin/../lib/gcc/arm-none-eabi/16.1.0/../../../../arm-none-eabi/lib/thumb\libg.a(libc_a-mallocr.o)
                0x020120a8                __malloc_av_
 .data.__sglue  0x020124b0        0xc D:/devkitPro/devkitARM/bin/../lib/gcc/arm-none-eabi/16.1.0/../../../../arm-none-eabi/lib/thumb\libg.a(libc_a-findfp.o)
                0x020124b0                __sglue
 .data._impure_ptr
                0x020124bc        0x4 D:/devkitPro/devkitARM/bin/../lib/gcc/arm-none-eabi/16.1.0/../../../../arm-none-eabi/lib/thumb\libg.a(libc_a-impure.o)
                0x020124bc                _impure_ptr
 .data._impure_data
                0x020124c0      0x200 D:/devkitPro/devkitARM/bin/../lib/gcc/arm-none-eabi/16.1.0/../../../../arm-none-eabi/lib/thumb\libg.a(libc_a-impure.o)
                0x020124c0                _impure_data
 .data.__global_locale
                0x020126c0      0x254 D:/devkitPro/devkitARM/bin/../lib/gcc/arm-none-eabi/16.1.0/../../../../arm-none-eabi/lib/thumb\libg.a(libc_a-locale.o)
                0x020126c0                __global_locale
 *fill*         0x02012914        0x4 ff
 .data.handles  0x02012918     0x1000 D:/devkitPro/devkitARM/bin/../lib/gcc/arm-none-eabi/16.1.0/../../../../arm-none-eabi/lib/thumb\libsysbase.a(libsysbase_libsysbase_a-handle_manager.o)
 .data.__stderr_handle
                0x02013918        0xc D:/devkitPro/devkitARM/bin/../lib/gcc/arm-none-eabi/16.1.0/../../../../arm-none-eabi/lib/thumb\libsysbase.a(libsysbase_libsysbase_a-handle_manager.o)
 .data.__stdout_handle
                0x02013924        0xc D:/devkitPro/devkitARM/bin/../lib/gcc/arm-none-eabi/16.1.0/../../../../arm-none-eabi/lib/thumb\libsysbase.a(libsysbase_libsysbase_a-handle_manager.o)
 .data.__stdin_handle
                0x02013930        0xc D:/devkitPro/devkitARM/bin/../lib/gcc/arm-none-eabi/16.1.0/../../../../arm-none-eabi/lib/thumb\libsysbase.a(libsysbase_libsysbase_a-handle_manager.o)
 .data.devoptab_list
                0x0201393c       0x8c D:/devkitPro/devkitARM/bin/../lib/gcc/arm-none-eabi/16.1.0/../../../../arm-none-eabi/lib/thumb\libsysbase.a(libsysbase_libsysbase_a-iosupport.o)
                0x0201393c                devoptab_list
 EXCLUDE_FILE(*.twl.*) *(.data1)
 EXCLUDE_FILE(*.twl.*) *(.igot.plt)
 .igot.plt      0x020139c8        0x0 D:/devkitPro/devkitARM/bin/../lib/gcc/arm-none-eabi/16.1.0/thumb/crtbegin.o
                0x020139c8                        . = ALIGN (0x4)

.ARM.extab
 *(.ARM.extab* .gnu.linkonce.armextab.*)

.ARM.exidx      0x020139c8        0x0 load address 0x020179e0
 *(.ARM.exidx* .gnu.linkonce.armexidx.*)
                [!provide]                        PROVIDE (__exidx_start = ADDR (.ARM.exidx))
                [!provide]                        PROVIDE (__exidx_end = (ADDR (.ARM.exidx) + SIZEOF (.ARM.exidx)))

.eh_frame_hdr
 *(.eh_frame_hdr)
 *(.eh_frame_entry .eh_frame_entry.*)

.eh_frame       0x020139c8        0x4 load address 0x020179e0
 *(.eh_frame)
 .eh_frame      0x020139c8        0x0 D:/devkitPro/devkitARM/bin/../lib/gcc/arm-none-eabi/16.1.0/thumb/crtbegin.o
 .eh_frame      0x020139c8        0x4 D:/devkitPro/devkitARM/bin/../lib/gcc/arm-none-eabi/16.1.0/thumb/crtend.o
 *(.eh_frame.*)

.gcc_except_table
 *(.gcc_except_table .gcc_except_table.*)

.gnu_extab
 *(.gnu_extab*)

.tinfo          0x020139cc        0xc load address 0x020179e4
                0x020139cc        0x4 LONG 0x20139e0 __tls_start
                0x020139d0        0x4 LONG 0x0 SIZEOF (.main.tls)
                0x020139d4        0x4 LONG 0x0 SIZEOF (.tdata)
                0x020139cc                        PROVIDE (__tls_info = ADDR (.tinfo))

.preinit_array  0x020139d8        0x0 load address 0x020179f0
                0x020139d8                        PROVIDE (__preinit_array_start = .)
 *(.preinit_array)
                0x020139d8                        PROVIDE (__preinit_array_end = .)

.init_array     0x020139d8        0x4 load address 0x020179f0
                0x020139d8                        PROVIDE (__init_array_start = .)
 *(SORT_BY_INIT_PRIORITY(.init_array.*) SORT_BY_INIT_PRIORITY(.ctors.*))
 *(.init_array .ctors)
 .init_array    0x020139d8        0x4 D:/devkitPro/devkitARM/bin/../lib/gcc/arm-none-eabi/16.1.0/thumb/crtbegin.o
                0x020139dc                        PROVIDE (__init_array_end = .)

.fini_array     0x020139dc        0x4 load address 0x020179f4
                0x020139dc                        PROVIDE (__fini_array_start = .)
 *(SORT_BY_INIT_PRIORITY(.fini_array.*) SORT_BY_INIT_PRIORITY(.dtors.*))
 *(.fini_array .dtors)
 .fini_array    0x020139dc        0x4 D:/devkitPro/devkitARM/bin/../lib/gcc/arm-none-eabi/16.1.0/thumb/crtbegin.o
                0x020139e0                        PROVIDE (__fini_array_end = .)
                [!provide]                        PROVIDE (__main_lma = LOADADDR (.main))
                0x020013c0                        PROVIDE (__main_start = ADDR (.main))
                0x020139e0                        PROVIDE (__main_end = (ADDR (.fini_array) + SIZEOF (.fini_array)))

.tdata          0x00000000        0x0 load address 0x020179f8
 *(.tdata .tdata.* .gnu.linkonce.td.*)
                0x00000000                        . = ALIGN (0x4)

.tbss           0x00000000        0x0 load address 0x020179f8
 *(.tbss .tbss.* .gnu.linkonce.tb.*)
 *(.tcommon)
                0x00000000                        . = ALIGN (0x4)
                0x00000001                        ASSERT (((ALIGNOF (.tdata) <= 0x8) || (ALIGNOF (.tbss) <= 0x8)), Error: TLS is overaligned (up to 8-byte alignment is supported))
                0x00000001                        ASSERT (((ADDR (.tbss) + SIZEOF (.tbss)) <= (ORIGIN (tls) + LENGTH (tls))), Error: TLS section too large)

.main.tls       0x020139e0        0x0
                0x020139e0                        . = (. + ((ADDR (.tbss) + SIZEOF (.tbss)) - ADDR (.tdata)))
                [!provide]                        PROVIDE (__tls_lma = LOADADDR (.tdata))
                0x020139e0                        PROVIDE (__tls_start = ADDR (.main.tls))
                0x020139e0                        PROVIDE (__tls_end = (ADDR (.main.tls) + SIZEOF (.tdata)))

.main.bss       0x020139e0      0xd20
 EXCLUDE_FILE(*.twl.*) *(.dynbss)
 EXCLUDE_FILE(*.twl.*) *(.bss .bss.* .gnu.linkonce.b.*)
 .bss.completed.1
                0x020139e0        0x1 D:/devkitPro/devkitARM/bin/../lib/gcc/arm-none-eabi/16.1.0/thumb/crtbegin.o
 *fill*         0x020139e1        0x3 
 .bss.object.0  0x020139e4       0x18 D:/devkitPro/devkitARM/bin/../lib/gcc/arm-none-eabi/16.1.0/thumb/crtbegin.o
 .bss.bgIsTextLut
                0x020139fc        0x8 D:/devkitPro/libnds/lib\libnds9.a(background.o)
                0x020139fc                bgIsTextLut
 .bss.bgState   0x02013a04      0x140 D:/devkitPro/libnds/lib\libnds9.a(background.o)
                0x02013a04                bgState
 .bss.currentCopy
                0x02013b44       0x5c D:/devkitPro/libnds/lib\libnds9.a(console.o)
                0x02013b44                currentCopy
 .bss.keysrepeat
                0x02013ba0        0x2 D:/devkitPro/libnds/lib\libnds9.a(keys.o)
 *fill*         0x02013ba2        0x2 
 .bss.s_keypad  0x02013ba4        0x4 D:/devkitPro/libnds/lib\libnds9.a(keys.o)
 .bss.OamMemory
                0x02013ba8      0x400 D:/devkitPro/libnds/lib\libnds9.a(sprite.o)
                0x02013ba8                OamMemory
 .bss.s_sleepThreads
                0x02013fa8        0x8 D:/devkitPro/calico/lib\libcalico_ds9.a(thread_cold.o)
 .bss.s_joinThreads
                0x02013fb0        0x8 D:/devkitPro/calico/lib\libcalico_ds9.a(thread_cold.o)
 .bss.s_idleThread
                0x02013fb8       0x70 D:/devkitPro/calico/lib\libcalico_ds9.a(thread_cold.o)
 .bss.s_mainThread
                0x02014028       0x70 D:/devkitPro/calico/lib\libcalico_ds9.a(thread_cold.o)
 .bss.s_firstTask
                0x02014098        0x4 D:/devkitPro/calico/lib\libcalico_ds9.a(tick.o)
 *fill*         0x0201409c        0x4 
 .bss.s_highTickCount
                0x020140a0        0x8 D:/devkitPro/calico/lib\libcalico_ds9.a(tick.o)
 .bss.s_tickInit
                0x020140a8        0x1 D:/devkitPro/calico/lib\libcalico_ds9.a(tick.o)
 *fill*         0x020140a9        0x3 
 .bss.s_defaultErrno.0
                0x020140ac        0x4 D:/devkitPro/calico/lib\libcalico_ds9.a(newlib_syscalls.o)
 .bss.__stacksize__
                0x020140b0        0x4 D:/devkitPro/calico/lib\libcalico_ds9.a(startup.crt0.o)
                0x020140b0                __stacksize__
 .bss.g_isTwlMode
                0x020140b4        0x1 D:/devkitPro/calico/lib\libcalico_ds9.a(startup.crt0.o)
                0x020140b4                g_isTwlMode
 *fill*         0x020140b5        0x3 
 .bss.s_pxiChannels
                0x020140b8      0x1f0 D:/devkitPro/calico/lib\libcalico_ds9.a(pxi.o)
 .bss.s_pxiRecvState
                0x020142a8        0x4 D:/devkitPro/calico/lib\libcalico_ds9.a(pxi.o)
 .bss.s_pxiRecvQueue
                0x020142ac        0x8 D:/devkitPro/calico/lib\libcalico_ds9.a(pxi.o)
 .bss.s_pxiSendMutex
                0x020142b4        0x4 D:/devkitPro/calico/lib\libcalico_ds9.a(pxi.o)
 .bss.s_mailboxRecvQueue
                0x020142b8        0x8 D:/devkitPro/calico/lib\libcalico_ds9.a(mailbox.o)
 .bss.s_pmPxiThreadStack
                0x020142c0      0x200 D:/devkitPro/calico/lib\libcalico_ds9.a(pm.o)
 .bss.s_pmPxiThread
                0x020144c0       0x70 D:/devkitPro/calico/lib\libcalico_ds9.a(pm.o)
 .bss.s_pmState
                0x02014530        0x8 D:/devkitPro/calico/lib\libcalico_ds9.a(pm.o)
 .bss.__malloc_current_mallinfo
                0x02014538       0x28 D:/devkitPro/devkitARM/bin/../lib/gcc/arm-none-eabi/16.1.0/../../../../arm-none-eabi/lib/thumb\libg.a(libc_a-mallocr.o)
                0x02014538                __malloc_current_mallinfo
 .bss.__malloc_max_total_mem
                0x02014560        0x4 D:/devkitPro/devkitARM/bin/../lib/gcc/arm-none-eabi/16.1.0/../../../../arm-none-eabi/lib/thumb\libg.a(libc_a-mallocr.o)
                0x02014560                __malloc_max_total_mem
 .bss.__malloc_max_sbrked_mem
                0x02014564        0x4 D:/devkitPro/devkitARM/bin/../lib/gcc/arm-none-eabi/16.1.0/../../../../arm-none-eabi/lib/thumb\libg.a(libc_a-mallocr.o)
                0x02014564                __malloc_max_sbrked_mem
 .bss.__malloc_top_pad
                0x02014568        0x4 D:/devkitPro/devkitARM/bin/../lib/gcc/arm-none-eabi/16.1.0/../../../../arm-none-eabi/lib/thumb\libg.a(libc_a-mallocr.o)
                0x02014568                __malloc_top_pad
 .bss.__sfp_recursive_mutex
                0x0201456c        0xc D:/devkitPro/devkitARM/bin/../lib/gcc/arm-none-eabi/16.1.0/../../../../arm-none-eabi/lib/thumb\libg.a(libc_a-findfp.o)
 .bss.__sf      0x02014578      0x168 D:/devkitPro/devkitARM/bin/../lib/gcc/arm-none-eabi/16.1.0/../../../../arm-none-eabi/lib/thumb\libg.a(libc_a-findfp.o)
                0x02014578                __sf
 .bss.__stdio_exit_handler
                0x020146e0        0x4 D:/devkitPro/devkitARM/bin/../lib/gcc/arm-none-eabi/16.1.0/../../../../arm-none-eabi/lib/thumb\libg.a(libc_a-findfp.o)
                0x020146e0                __stdio_exit_handler
 .bss.__malloc_recursive_mutex
                0x020146e4        0xc D:/devkitPro/devkitARM/bin/../lib/gcc/arm-none-eabi/16.1.0/../../../../arm-none-eabi/lib/thumb\libg.a(libc_a-mlock.o)
 .bss.__hndl_lock
                0x020146f0        0x4 D:/devkitPro/devkitARM/bin/../lib/gcc/arm-none-eabi/16.1.0/../../../../arm-none-eabi/lib/thumb\libsysbase.a(libsysbase_libsysbase_a-handle_manager.o)
 .bss.fake_heap_start
                0x020146f4        0x4 D:/devkitPro/devkitARM/bin/../lib/gcc/arm-none-eabi/16.1.0/../../../../arm-none-eabi/lib/thumb\libsysbase.a(libsysbase_libsysbase_a-malloc_vars.o)
                0x020146f4                fake_heap_start
 .bss.fake_heap_end
                0x020146f8        0x4 D:/devkitPro/devkitARM/bin/../lib/gcc/arm-none-eabi/16.1.0/../../../../arm-none-eabi/lib/thumb\libsysbase.a(libsysbase_libsysbase_a-malloc_vars.o)
                0x020146f8                fake_heap_end
 .bss.heap_start.0
                0x020146fc        0x4 D:/devkitPro/devkitARM/bin/../lib/gcc/arm-none-eabi/16.1.0/../../../../arm-none-eabi/lib/thumb\libsysbase.a(libsysbase_libsysbase_a-sbrk.o)
 EXCLUDE_FILE(*.twl.*) *(COMMON)
                0x02014700                        . = ALIGN (0x4)
                [!provide]                        PROVIDE (__main_bss_start = ADDR (.main.bss))
                0x02014700                        PROVIDE (__main_bss_end = (ADDR (.main.bss) + SIZEOF (.main.bss)))
                0x02014700                        . = .
                0x02014700                        PROVIDE (__heap_start_ntr = .)
                0x00000001                        ASSERT ((. <= 0x2380000), Error: DS-mode sections overflow DS ARM9 memory size (3.5 MB))

.twl            0x02014700        0x0 load address 0x02400000
 *(.twl .twl.*)
 *.twl.*(.text .stub .text.* .gnu.linkonce.t.*)
 *.twl.*(.glue_7t .glue_7 .vfp11_veneer .v4_bx)
 *.twl.*(.rodata .rodata.* .gnu.linkonce.r.*)
 *.twl.*(.rodata1)
                0x02014700                        . = ALIGN (0x4)

.twl.rw         0x02014700        0x0 load address 0x02400000
 *.twl.*(.data .data.* .gnu.linkonce.d.*)
 *.twl.*(.data1)
                0x02014700                        . = ALIGN (0x4)
                0x02400000                        PROVIDE (__twl_lma = LOADADDR (.twl))
                0x02014700                        PROVIDE (__twl_start = ADDR (.twl))
                0x02014700                        PROVIDE (__twl_end = (ADDR (.twl.rw) + SIZEOF (.twl.rw)))

.twl.bss        0x02014700        0x0 load address 0x02400000
 *(.twl_bss .twl_bss.*)
 *.twl.*(.dynbss)
 *.twl.*(.bss .bss.* .gnu.linkonce.b.*)
 *.twl.*(COMMON)
                0x02014700                        . = ALIGN (0x4)
                [!provide]                        PROVIDE (__twl_bss_start = ADDR (.twl.bss))
                0x02014700                        PROVIDE (__twl_bss_end = (ADDR (.twl.bss) + SIZEOF (.twl.bss)))
                0x02014700                        . = .
                0x02014700                        PROVIDE (__heap_start_twl = .)

.loadlist       0x0e000998       0x30 load address 0x020179f8
                0x0e000998        0x4 LONG 0x1ff8000 __itcm_start
                0x0e00099c        0x4 LONG 0x1ff8680 __itcm_end
                0x0e0009a0        0x4 LONG 0x1ff8680 __itcm_end
                0x0e0009a4        0x4 LONG 0x2ff0000 __dtcm_start
                0x0e0009a8        0x4 LONG 0x2ff0000 __dtcm_end
                0x0e0009ac        0x4 LONG 0x2ff0098 __dtcm_bss_end
                0x0e0009b0        0x4 LONG 0x20013c0 __main_start
                0x0e0009b4        0x4 LONG 0x20139e0 __main_end
                0x0e0009b8        0x4 LONG 0x20139e0 __main_end
                0x0e0009bc        0x4 LONG 0x20139e0 __tls_start
                0x0e0009c0        0x4 LONG 0x20139e0 __tls_end
                0x0e0009c4        0x4 LONG 0x2014700 __main_bss_end
                0x02004d58                        PROVIDE (__loadlist_lma = __itcm_lma)
                0x020179f8                        PROVIDE (__loadlist_start = LOADADDR (.loadlist))
                0x02017a28                        PROVIDE (__loadlist_end = (LOADADDR (.loadlist) + SIZEOF (.loadlist)))

.twl.loadlist   0x0e0009c8        0xc load address 0x02400000
                0x0e0009c8        0x4 LONG 0x2014700 __twl_start
                0x0e0009cc        0x4 LONG 0x2014700 __twl_end
                0x0e0009d0        0x4 LONG 0x2014700 __twl_bss_end
                0x02400000                        PROVIDE (__twl_loadlist_lma = __twl_lma)
                0x02400000                        PROVIDE (__twl_loadlist_start = LOADADDR (.twl.loadlist))
                0x0240000c                        PROVIDE (__twl_loadlist_end = (LOADADDR (.twl.loadlist) + SIZEOF (.twl.loadlist)))

.rel.dyn        0x0e0009d4        0x0 load address 0x0240000c
 .rel.iplt      0x0e0009d4        0x0 D:/devkitPro/devkitARM/bin/../lib/gcc/arm-none-eabi/16.1.0/thumb/crtbegin.o

.stab
 *(.stab)

.stabstr
 *(.stabstr)

.stab.excl
 *(.stab.excl)

.stab.exclstr
 *(.stab.exclstr)

.stab.index
 *(.stab.index)

.stab.indexstr
 *(.stab.indexstr)

.comment        0x00000000       0x30
 *(.comment)
 .comment       0x00000000       0x30 D:/devkitPro/devkitARM/bin/../lib/gcc/arm-none-eabi/16.1.0/thumb/crtbegin.o
                                 0x19 (size before relaxing)
 .comment       0x00000030        0x0 main.o
                                 0x19 (size before relaxing)
 .comment       0x00000030        0x0 D:/devkitPro/libnds/lib\libnds9.a(background.o)
                                 0x19 (size before relaxing)
 .comment       0x00000030        0x0 D:/devkitPro/libnds/lib\libnds9.a(console.o)
                                 0x19 (size before relaxing)
 .comment       0x00000030        0x0 D:/devkitPro/libnds/lib\libnds9.a(keys.o)
                                 0x19 (size before relaxing)
 .comment       0x00000030        0x0 D:/devkitPro/libnds/lib\libnds9.a(sassert.o)
                                 0x19 (size before relaxing)
 .comment       0x00000030        0x0 D:/devkitPro/libnds/lib\libnds9.a(sprite_alloc.o)
                                 0x19 (size before relaxing)
 .comment       0x00000030        0x0 D:/devkitPro/libnds/lib\libnds9.a(sprite.o)
                                 0x19 (size before relaxing)
 .comment       0x00000030        0x0 D:/devkitPro/libnds/lib\libnds9.a(trig.o)
                                 0x19 (size before relaxing)
 .comment       0x00000030        0x0 D:/devkitPro/calico/lib\libcalico_ds9.a(thread_cold.o)
                                 0x19 (size before relaxing)
 .comment       0x00000030        0x0 D:/devkitPro/calico/lib\libcalico_ds9.a(thread_hot.32.o)
                                 0x19 (size before relaxing)
 .comment       0x00000030        0x0 D:/devkitPro/calico/lib\libcalico_ds9.a(mutex.o)
                                 0x19 (size before relaxing)
 .comment       0x00000030        0x0 D:/devkitPro/calico/lib\libcalico_ds9.a(arm-shims.32.o)
                                 0x19 (size before relaxing)
 .comment       0x00000030        0x0 D:/devkitPro/calico/lib\libcalico_ds9.a(keypad.o)
                                 0x19 (size before relaxing)
 .comment       0x00000030        0x0 D:/devkitPro/calico/lib\libcalico_ds9.a(touch.o)
                                 0x19 (size before relaxing)
 .comment       0x00000030        0x0 D:/devkitPro/calico/lib\libcalico_ds9.a(tick.o)
                                 0x19 (size before relaxing)
 .comment       0x00000030        0x0 D:/devkitPro/calico/lib\libcalico_ds9.a(newlib_syscalls.o)
                                 0x19 (size before relaxing)
 .comment       0x00000030        0x0 D:/devkitPro/calico/lib\libcalico_ds9.a(startup.crt0.o)
                                 0x19 (size before relaxing)
 .comment       0x00000030        0x0 D:/devkitPro/calico/lib\libcalico_ds9.a(pxi.o)
                                 0x19 (size before relaxing)
 .comment       0x00000030        0x0 D:/devkitPro/calico/lib\libcalico_ds9.a(sys_startup.o)
                                 0x19 (size before relaxing)
 .comment       0x00000030        0x0 D:/devkitPro/calico/lib\libcalico_ds9.a(irq.o)
                                 0x19 (size before relaxing)
 .comment       0x00000030        0x0 D:/devkitPro/calico/lib\libcalico_ds9.a(mailbox.o)
                                 0x19 (size before relaxing)
 .comment       0x00000030        0x0 D:/devkitPro/calico/lib\libcalico_ds9.a(pm.o)
                                 0x19 (size before relaxing)
 .comment       0x00000030        0x0 D:/devkitPro/devkitARM/bin/../lib/gcc/arm-none-eabi/16.1.0/thumb\libgcc.a(_udivmoddi4.o)
                                 0x19 (size before relaxing)
 .comment       0x00000030        0x0 D:/devkitPro/devkitARM/bin/../lib/gcc/arm-none-eabi/16.1.0/thumb\libgcc.a(_muldi3.o)
                                 0x19 (size before relaxing)
 .comment       0x00000030        0x0 D:/devkitPro/devkitARM/bin/../lib/gcc/arm-none-eabi/16.1.0/thumb/crtend.o
                                 0x19 (size before relaxing)

.gnu.build.attributes
 *(.gnu.build.attributes .gnu.build.attributes.*)

.debug
 *(.debug)

.line
 *(.line)

.debug_srcinfo
 *(.debug_srcinfo)

.debug_sfnames
 *(.debug_sfnames)

.debug_aranges  0x00000000      0x988
 *(.debug_aranges)
 .debug_aranges
                0x00000000       0x48 main.o
 .debug_aranges
                0x00000048       0x40 D:/devkitPro/libnds/lib\libnds9.a(background.o)
 .debug_aranges
                0x00000088       0x80 D:/devkitPro/libnds/lib\libnds9.a(console.o)
 .debug_aranges
                0x00000108       0x50 D:/devkitPro/libnds/lib\libnds9.a(keys.o)
 .debug_aranges
                0x00000158       0x20 D:/devkitPro/libnds/lib\libnds9.a(sassert.o)
 .debug_aranges
                0x00000178       0x38 D:/devkitPro/libnds/lib\libnds9.a(sprite_alloc.o)
 .debug_aranges
                0x000001b0       0x60 D:/devkitPro/libnds/lib\libnds9.a(sprite.o)
 .debug_aranges
                0x00000210       0x60 D:/devkitPro/libnds/lib\libnds9.a(trig.o)
 .debug_aranges
                0x00000270       0x90 D:/devkitPro/calico/lib\libcalico_ds9.a(thread_cold.o)
 .debug_aranges
                0x00000300       0x50 D:/devkitPro/calico/lib\libcalico_ds9.a(thread_hot.32.o)
 .debug_aranges
                0x00000350       0x58 D:/devkitPro/calico/lib\libcalico_ds9.a(mutex.o)
 .debug_aranges
                0x000003a8       0x28 D:/devkitPro/calico/lib\libcalico_ds9.a(arm-context.32.o)
 .debug_aranges
                0x000003d0       0x70 D:/devkitPro/calico/lib\libcalico_ds9.a(arm-shims.32.o)
 .debug_aranges
                0x00000440       0x48 D:/devkitPro/calico/lib\libcalico_ds9.a(arm-cache.32.o)
 .debug_aranges
                0x00000488       0x20 D:/devkitPro/calico/lib\libcalico_ds9.a(keypad.o)
 .debug_aranges
                0x000004a8       0x38 D:/devkitPro/calico/lib\libcalico_ds9.a(bootstub_arm9.o)
 .debug_aranges
                0x000004e0       0x20 D:/devkitPro/calico/lib\libcalico_ds9.a(excpt_handler.32.o)
 .debug_aranges
                0x00000500       0x20 D:/devkitPro/calico/lib\libcalico_ds9.a(touch.o)
 .debug_aranges
                0x00000520       0x50 D:/devkitPro/calico/lib\libcalico_ds9.a(tick.o)
 .debug_aranges
                0x00000570       0xb8 D:/devkitPro/calico/lib\libcalico_ds9.a(newlib_syscalls.o)
 .debug_aranges
                0x00000628       0x28 D:/devkitPro/calico/lib\libcalico_ds9.a(startup.crt0.o)
 .debug_aranges
                0x00000650       0x28 D:/devkitPro/calico/lib\libcalico_ds9.a(utils.crt0.o)
 .debug_aranges
                0x00000678       0x20 D:/devkitPro/calico/lib\libcalico_ds9.a(irq_handler.32.o)
 .debug_aranges
                0x00000698       0x78 D:/devkitPro/calico/lib\libcalico_ds9.a(pxi.o)
 .debug_aranges
                0x00000710       0x20 D:/devkitPro/calico/lib\libcalico_ds9.a(mpu_setup.crt0.o)
 .debug_aranges
                0x00000730       0x28 D:/devkitPro/calico/lib\libcalico_ds9.a(sys_startup.o)
 .debug_aranges
                0x00000758       0x20 D:/devkitPro/calico/lib\libcalico_ds9.a(irq.o)
 .debug_aranges
                0x00000778       0x30 D:/devkitPro/calico/lib\libcalico_ds9.a(mailbox.o)
 .debug_aranges
                0x000007a8       0xa0 D:/devkitPro/calico/lib\libcalico_ds9.a(pm.o)
 .debug_aranges
                0x00000848       0x20 D:/devkitPro/devkitARM/bin/../lib/gcc/arm-none-eabi/16.1.0/thumb\libgcc.a(_divsi3.o)
 .debug_aranges
                0x00000868       0x20 D:/devkitPro/devkitARM/bin/../lib/gcc/arm-none-eabi/16.1.0/thumb\libgcc.a(_dvmd_tls.o)
 .debug_aranges
                0x00000888       0x20 D:/devkitPro/devkitARM/bin/../lib/gcc/arm-none-eabi/16.1.0/thumb\libgcc.a(_aeabi_uldivmod.o)
 .debug_aranges
                0x000008a8       0x20 D:/devkitPro/devkitARM/bin/../lib/gcc/arm-none-eabi/16.1.0/thumb\libgcc.a(_udivmoddi4.o)
 .debug_aranges
                0x000008c8       0x20 D:/devkitPro/devkitARM/bin/../lib/gcc/arm-none-eabi/16.1.0/thumb\libgcc.a(_clzdi2.o)
 .debug_aranges
                0x000008e8       0x20 D:/devkitPro/devkitARM/bin/../lib/gcc/arm-none-eabi/16.1.0/thumb\libgcc.a(_clzsi2.o)
 .debug_aranges
                0x00000908       0x20 D:/devkitPro/devkitARM/bin/../lib/gcc/arm-none-eabi/16.1.0/thumb\libgcc.a(_thumb1_case_uqi.o)
 .debug_aranges
                0x00000928       0x20 D:/devkitPro/devkitARM/bin/../lib/gcc/arm-none-eabi/16.1.0/thumb\libgcc.a(_thumb1_case_uhi.o)
 .debug_aranges
                0x00000948       0x20 D:/devkitPro/devkitARM/bin/../lib/gcc/arm-none-eabi/16.1.0/thumb\libgcc.a(_udivsi3.o)
 .debug_aranges
                0x00000968       0x20 D:/devkitPro/devkitARM/bin/../lib/gcc/arm-none-eabi/16.1.0/thumb\libgcc.a(_muldi3.o)

.debug_pubnames
 *(.debug_pubnames)

.debug_info     0x00000000    0x164a4
 *(.debug_info .gnu.linkonce.wi.*)
 .debug_info    0x00000000     0x2fb0 main.o
 .debug_info    0x00002fb0      0xa36 D:/devkitPro/libnds/lib\libnds9.a(background.o)
 .debug_info    0x000039e6     0x2bfc D:/devkitPro/libnds/lib\libnds9.a(console.o)
 .debug_info    0x000065e2      0x48d D:/devkitPro/libnds/lib\libnds9.a(keys.o)
 .debug_info    0x00006a6f      0x3c5 D:/devkitPro/libnds/lib\libnds9.a(sassert.o)
 .debug_info    0x00006e34     0x1c91 D:/devkitPro/libnds/lib\libnds9.a(sprite_alloc.o)
 .debug_info    0x00008ac5     0x1433 D:/devkitPro/libnds/lib\libnds9.a(sprite.o)
 .debug_info    0x00009ef8      0x77c D:/devkitPro/libnds/lib\libnds9.a(trig.o)
 .debug_info    0x0000a674     0x2067 D:/devkitPro/calico/lib\libcalico_ds9.a(thread_cold.o)
 .debug_info    0x0000c6db     0x12a7 D:/devkitPro/calico/lib\libcalico_ds9.a(thread_hot.32.o)
 .debug_info    0x0000d982      0xfec D:/devkitPro/calico/lib\libcalico_ds9.a(mutex.o)
 .debug_info    0x0000e96e       0x3b D:/devkitPro/calico/lib\libcalico_ds9.a(arm-context.32.o)
 .debug_info    0x0000e9a9      0x385 D:/devkitPro/calico/lib\libcalico_ds9.a(arm-shims.32.o)
 .debug_info    0x0000ed2e       0x67 D:/devkitPro/calico/lib\libcalico_ds9.a(arm-cache.32.o)
 .debug_info    0x0000ed95      0x1c6 D:/devkitPro/calico/lib\libcalico_ds9.a(keypad.o)
 .debug_info    0x0000ef5b       0x3e D:/devkitPro/calico/lib\libcalico_ds9.a(bootstub_arm9.o)
 .debug_info    0x0000ef99       0x5d D:/devkitPro/calico/lib\libcalico_ds9.a(excpt_handler.32.o)
 .debug_info    0x0000eff6      0x26f D:/devkitPro/calico/lib\libcalico_ds9.a(touch.o)
 .debug_info    0x0000f265      0xc64 D:/devkitPro/calico/lib\libcalico_ds9.a(tick.o)
 .debug_info    0x0000fec9     0x1754 D:/devkitPro/calico/lib\libcalico_ds9.a(newlib_syscalls.o)
 .debug_info    0x0001161d      0x4e1 D:/devkitPro/calico/lib\libcalico_ds9.a(startup.crt0.o)
 .debug_info    0x00011afe       0x3b D:/devkitPro/calico/lib\libcalico_ds9.a(utils.crt0.o)
 .debug_info    0x00011b39       0x33 D:/devkitPro/calico/lib\libcalico_ds9.a(irq_handler.32.o)
 .debug_info    0x00011b6c     0x13e2 D:/devkitPro/calico/lib\libcalico_ds9.a(pxi.o)
 .debug_info    0x00012f4e       0x33 D:/devkitPro/calico/lib\libcalico_ds9.a(mpu_setup.crt0.o)
 .debug_info    0x00012f81      0x5d5 D:/devkitPro/calico/lib\libcalico_ds9.a(sys_startup.o)
 .debug_info    0x00013556      0x28e D:/devkitPro/calico/lib\libcalico_ds9.a(irq.o)
 .debug_info    0x000137e4      0x822 D:/devkitPro/calico/lib\libcalico_ds9.a(mailbox.o)
 .debug_info    0x00014006     0x1b2d D:/devkitPro/calico/lib\libcalico_ds9.a(pm.o)
 .debug_info    0x00015b33       0x3e D:/devkitPro/devkitARM/bin/../lib/gcc/arm-none-eabi/16.1.0/thumb\libgcc.a(_divsi3.o)
 .debug_info    0x00015b71       0x3c D:/devkitPro/devkitARM/bin/../lib/gcc/arm-none-eabi/16.1.0/thumb\libgcc.a(_dvmd_tls.o)
 .debug_info    0x00015bad       0x24 D:/devkitPro/devkitARM/bin/../lib/gcc/arm-none-eabi/16.1.0/thumb\libgcc.a(_aeabi_uldivmod.o)
 .debug_info    0x00015bd1      0x3aa D:/devkitPro/devkitARM/bin/../lib/gcc/arm-none-eabi/16.1.0/thumb\libgcc.a(_udivmoddi4.o)
 .debug_info    0x00015f7b       0x31 D:/devkitPro/devkitARM/bin/../lib/gcc/arm-none-eabi/16.1.0/thumb\libgcc.a(_clzdi2.o)
 .debug_info    0x00015fac       0x31 D:/devkitPro/devkitARM/bin/../lib/gcc/arm-none-eabi/16.1.0/thumb\libgcc.a(_clzsi2.o)
 .debug_info    0x00015fdd       0x31 D:/devkitPro/devkitARM/bin/../lib/gcc/arm-none-eabi/16.1.0/thumb\libgcc.a(_thumb1_case_uqi.o)
 .debug_info    0x0001600e       0x31 D:/devkitPro/devkitARM/bin/../lib/gcc/arm-none-eabi/16.1.0/thumb\libgcc.a(_thumb1_case_uhi.o)
 .debug_info    0x0001603f       0x3e D:/devkitPro/devkitARM/bin/../lib/gcc/arm-none-eabi/16.1.0/thumb\libgcc.a(_udivsi3.o)
 .debug_info    0x0001607d      0x427 D:/devkitPro/devkitARM/bin/../lib/gcc/arm-none-eabi/16.1.0/thumb\libgcc.a(_muldi3.o)

.debug_abbrev   0x00000000     0x4f5b
 *(.debug_abbrev)
 .debug_abbrev  0x00000000      0x69b main.o
 .debug_abbrev  0x0000069b      0x364 D:/devkitPro/libnds/lib\libnds9.a(background.o)
 .debug_abbrev  0x000009ff      0x637 D:/devkitPro/libnds/lib\libnds9.a(console.o)
 .debug_abbrev  0x00001036      0x273 D:/devkitPro/libnds/lib\libnds9.a(keys.o)
 .debug_abbrev  0x000012a9      0x177 D:/devkitPro/libnds/lib\libnds9.a(sassert.o)
 .debug_abbrev  0x00001420      0x3bc D:/devkitPro/libnds/lib\libnds9.a(sprite_alloc.o)
 .debug_abbrev  0x000017dc      0x468 D:/devkitPro/libnds/lib\libnds9.a(sprite.o)
 .debug_abbrev  0x00001c44      0x26c D:/devkitPro/libnds/lib\libnds9.a(trig.o)
 .debug_abbrev  0x00001eb0      0x634 D:/devkitPro/calico/lib\libcalico_ds9.a(thread_cold.o)
 .debug_abbrev  0x000024e4      0x373 D:/devkitPro/calico/lib\libcalico_ds9.a(thread_hot.32.o)
 .debug_abbrev  0x00002857      0x392 D:/devkitPro/calico/lib\libcalico_ds9.a(mutex.o)
 .debug_abbrev  0x00002be9       0x26 D:/devkitPro/calico/lib\libcalico_ds9.a(arm-context.32.o)
 .debug_abbrev  0x00002c0f      0x1c3 D:/devkitPro/calico/lib\libcalico_ds9.a(arm-shims.32.o)
 .debug_abbrev  0x00002dd2       0x26 D:/devkitPro/calico/lib\libcalico_ds9.a(arm-cache.32.o)
 .debug_abbrev  0x00002df8       0xd0 D:/devkitPro/calico/lib\libcalico_ds9.a(keypad.o)
 .debug_abbrev  0x00002ec8       0x26 D:/devkitPro/calico/lib\libcalico_ds9.a(bootstub_arm9.o)
 .debug_abbrev  0x00002eee       0x26 D:/devkitPro/calico/lib\libcalico_ds9.a(excpt_handler.32.o)
 .debug_abbrev  0x00002f14      0x11a D:/devkitPro/calico/lib\libcalico_ds9.a(touch.o)
 .debug_abbrev  0x0000302e      0x329 D:/devkitPro/calico/lib\libcalico_ds9.a(tick.o)
 .debug_abbrev  0x00003357      0x4bf D:/devkitPro/calico/lib\libcalico_ds9.a(newlib_syscalls.o)
 .debug_abbrev  0x00003816      0x1d6 D:/devkitPro/calico/lib\libcalico_ds9.a(startup.crt0.o)
 .debug_abbrev  0x000039ec       0x26 D:/devkitPro/calico/lib\libcalico_ds9.a(utils.crt0.o)
 .debug_abbrev  0x00003a12       0x28 D:/devkitPro/calico/lib\libcalico_ds9.a(irq_handler.32.o)
 .debug_abbrev  0x00003a3a      0x445 D:/devkitPro/calico/lib\libcalico_ds9.a(pxi.o)
 .debug_abbrev  0x00003e7f       0x28 D:/devkitPro/calico/lib\libcalico_ds9.a(mpu_setup.crt0.o)
 .debug_abbrev  0x00003ea7      0x1f4 D:/devkitPro/calico/lib\libcalico_ds9.a(sys_startup.o)
 .debug_abbrev  0x0000409b      0x1c1 D:/devkitPro/calico/lib\libcalico_ds9.a(irq.o)
 .debug_abbrev  0x0000425c      0x2c4 D:/devkitPro/calico/lib\libcalico_ds9.a(mailbox.o)
 .debug_abbrev  0x00004520      0x693 D:/devkitPro/calico/lib\libcalico_ds9.a(pm.o)
 .debug_abbrev  0x00004bb3       0x28 D:/devkitPro/devkitARM/bin/../lib/gcc/arm-none-eabi/16.1.0/thumb\libgcc.a(_divsi3.o)
 .debug_abbrev  0x00004bdb       0x26 D:/devkitPro/devkitARM/bin/../lib/gcc/arm-none-eabi/16.1.0/thumb\libgcc.a(_dvmd_tls.o)
 .debug_abbrev  0x00004c01       0x14 D:/devkitPro/devkitARM/bin/../lib/gcc/arm-none-eabi/16.1.0/thumb\libgcc.a(_aeabi_uldivmod.o)
 .debug_abbrev  0x00004c15      0x126 D:/devkitPro/devkitARM/bin/../lib/gcc/arm-none-eabi/16.1.0/thumb\libgcc.a(_udivmoddi4.o)
 .debug_abbrev  0x00004d3b       0x28 D:/devkitPro/devkitARM/bin/../lib/gcc/arm-none-eabi/16.1.0/thumb\libgcc.a(_clzdi2.o)
 .debug_abbrev  0x00004d63       0x28 D:/devkitPro/devkitARM/bin/../lib/gcc/arm-none-eabi/16.1.0/thumb\libgcc.a(_clzsi2.o)
 .debug_abbrev  0x00004d8b       0x28 D:/devkitPro/devkitARM/bin/../lib/gcc/arm-none-eabi/16.1.0/thumb\libgcc.a(_thumb1_case_uqi.o)
 .debug_abbrev  0x00004db3       0x28 D:/devkitPro/devkitARM/bin/../lib/gcc/arm-none-eabi/16.1.0/thumb\libgcc.a(_thumb1_case_uhi.o)
 .debug_abbrev  0x00004ddb       0x28 D:/devkitPro/devkitARM/bin/../lib/gcc/arm-none-eabi/16.1.0/thumb\libgcc.a(_udivsi3.o)
 .debug_abbrev  0x00004e03      0x158 D:/devkitPro/devkitARM/bin/../lib/gcc/arm-none-eabi/16.1.0/thumb\libgcc.a(_muldi3.o)

.debug_line     0x00000000     0xe79a
 *(.debug_line .debug_line.* .debug_line_end)
 .debug_line    0x00000000     0x1168 main.o
 .debug_line    0x00001168      0x61c D:/devkitPro/libnds/lib\libnds9.a(background.o)
 .debug_line    0x00001784     0x169d D:/devkitPro/libnds/lib\libnds9.a(console.o)
 .debug_line    0x00002e21      0x457 D:/devkitPro/libnds/lib\libnds9.a(keys.o)
 .debug_line    0x00003278      0x271 D:/devkitPro/libnds/lib\libnds9.a(sassert.o)
 .debug_line    0x000034e9     0x1c8f D:/devkitPro/libnds/lib\libnds9.a(sprite_alloc.o)
 .debug_line    0x00005178      0x9ba D:/devkitPro/libnds/lib\libnds9.a(sprite.o)
 .debug_line    0x00005b32      0x77f D:/devkitPro/libnds/lib\libnds9.a(trig.o)
 .debug_line    0x000062b1     0x11fe D:/devkitPro/calico/lib\libcalico_ds9.a(thread_cold.o)
 .debug_line    0x000074af      0xed6 D:/devkitPro/calico/lib\libcalico_ds9.a(thread_hot.32.o)
 .debug_line    0x00008385      0xd5e D:/devkitPro/calico/lib\libcalico_ds9.a(mutex.o)
 .debug_line    0x000090e3       0x69 D:/devkitPro/calico/lib\libcalico_ds9.a(arm-context.32.o)
 .debug_line    0x0000914c      0x36d D:/devkitPro/calico/lib\libcalico_ds9.a(arm-shims.32.o)
 .debug_line    0x000094b9       0xb2 D:/devkitPro/calico/lib\libcalico_ds9.a(arm-cache.32.o)
 .debug_line    0x0000956b      0x232 D:/devkitPro/calico/lib\libcalico_ds9.a(keypad.o)
 .debug_line    0x0000979d      0x108 D:/devkitPro/calico/lib\libcalico_ds9.a(bootstub_arm9.o)
 .debug_line    0x000098a5       0x66 D:/devkitPro/calico/lib\libcalico_ds9.a(excpt_handler.32.o)
 .debug_line    0x0000990b      0x2a1 D:/devkitPro/calico/lib\libcalico_ds9.a(touch.o)
 .debug_line    0x00009bac      0xbae D:/devkitPro/calico/lib\libcalico_ds9.a(tick.o)
 .debug_line    0x0000a75a      0x9aa D:/devkitPro/calico/lib\libcalico_ds9.a(newlib_syscalls.o)
 .debug_line    0x0000b104      0x480 D:/devkitPro/calico/lib\libcalico_ds9.a(startup.crt0.o)
 .debug_line    0x0000b584       0x7d D:/devkitPro/calico/lib\libcalico_ds9.a(utils.crt0.o)
 .debug_line    0x0000b601       0x92 D:/devkitPro/calico/lib\libcalico_ds9.a(irq_handler.32.o)
 .debug_line    0x0000b693      0xb09 D:/devkitPro/calico/lib\libcalico_ds9.a(pxi.o)
 .debug_line    0x0000c19c       0x6e D:/devkitPro/calico/lib\libcalico_ds9.a(mpu_setup.crt0.o)
 .debug_line    0x0000c20a      0x65d D:/devkitPro/calico/lib\libcalico_ds9.a(sys_startup.o)
 .debug_line    0x0000c867      0x3b3 D:/devkitPro/calico/lib\libcalico_ds9.a(irq.o)
 .debug_line    0x0000cc1a      0x5e7 D:/devkitPro/calico/lib\libcalico_ds9.a(mailbox.o)
 .debug_line    0x0000d201      0xfa7 D:/devkitPro/calico/lib\libcalico_ds9.a(pm.o)
 .debug_line    0x0000e1a8       0x73 D:/devkitPro/devkitARM/bin/../lib/gcc/arm-none-eabi/16.1.0/thumb\libgcc.a(_divsi3.o)
 .debug_line    0x0000e21b       0x4a D:/devkitPro/devkitARM/bin/../lib/gcc/arm-none-eabi/16.1.0/thumb\libgcc.a(_dvmd_tls.o)
 .debug_line    0x0000e265       0x4e D:/devkitPro/devkitARM/bin/../lib/gcc/arm-none-eabi/16.1.0/thumb\libgcc.a(_aeabi_uldivmod.o)
 .debug_line    0x0000e2b3      0x1e7 D:/devkitPro/devkitARM/bin/../lib/gcc/arm-none-eabi/16.1.0/thumb\libgcc.a(_udivmoddi4.o)
 .debug_line    0x0000e49a       0x54 D:/devkitPro/devkitARM/bin/../lib/gcc/arm-none-eabi/16.1.0/thumb\libgcc.a(_clzdi2.o)
 .debug_line    0x0000e4ee       0x57 D:/devkitPro/devkitARM/bin/../lib/gcc/arm-none-eabi/16.1.0/thumb\libgcc.a(_clzsi2.o)
 .debug_line    0x0000e545       0x52 D:/devkitPro/devkitARM/bin/../lib/gcc/arm-none-eabi/16.1.0/thumb\libgcc.a(_thumb1_case_uqi.o)
 .debug_line    0x0000e597       0x53 D:/devkitPro/devkitARM/bin/../lib/gcc/arm-none-eabi/16.1.0/thumb\libgcc.a(_thumb1_case_uhi.o)
 .debug_line    0x0000e5ea       0x67 D:/devkitPro/devkitARM/bin/../lib/gcc/arm-none-eabi/16.1.0/thumb\libgcc.a(_udivsi3.o)
 .debug_line    0x0000e651      0x149 D:/devkitPro/devkitARM/bin/../lib/gcc/arm-none-eabi/16.1.0/thumb\libgcc.a(_muldi3.o)

.debug_frame    0x00000000     0x13c8
 *(.debug_frame)
 .debug_frame   0x00000000       0xb8 main.o
 .debug_frame   0x000000b8       0xb4 D:/devkitPro/libnds/lib\libnds9.a(background.o)
 .debug_frame   0x0000016c      0x17c D:/devkitPro/libnds/lib\libnds9.a(console.o)
 .debug_frame   0x000002e8       0x98 D:/devkitPro/libnds/lib\libnds9.a(keys.o)
 .debug_frame   0x00000380       0x38 D:/devkitPro/libnds/lib\libnds9.a(sassert.o)
 .debug_frame   0x000003b8       0xa0 D:/devkitPro/libnds/lib\libnds9.a(sprite_alloc.o)
 .debug_frame   0x00000458       0xf0 D:/devkitPro/libnds/lib\libnds9.a(sprite.o)
 .debug_frame   0x00000548       0xd8 D:/devkitPro/libnds/lib\libnds9.a(trig.o)
 .debug_frame   0x00000620      0x1bc D:/devkitPro/calico/lib\libcalico_ds9.a(thread_cold.o)
 .debug_frame   0x000007dc       0xe0 D:/devkitPro/calico/lib\libcalico_ds9.a(thread_hot.32.o)
 .debug_frame   0x000008bc      0x118 D:/devkitPro/calico/lib\libcalico_ds9.a(mutex.o)
 .debug_frame   0x000009d4       0x30 D:/devkitPro/calico/lib\libcalico_ds9.a(arm-context.32.o)
 .debug_frame   0x00000a04       0xc0 D:/devkitPro/calico/lib\libcalico_ds9.a(arm-shims.32.o)
 .debug_frame   0x00000ac4       0x70 D:/devkitPro/calico/lib\libcalico_ds9.a(arm-cache.32.o)
 .debug_frame   0x00000b34       0x20 D:/devkitPro/calico/lib\libcalico_ds9.a(keypad.o)
 .debug_frame   0x00000b54       0x30 D:/devkitPro/calico/lib\libcalico_ds9.a(bootstub_arm9.o)
 .debug_frame   0x00000b84       0x28 D:/devkitPro/calico/lib\libcalico_ds9.a(touch.o)
 .debug_frame   0x00000bac       0xf0 D:/devkitPro/calico/lib\libcalico_ds9.a(tick.o)
 .debug_frame   0x00000c9c      0x1d8 D:/devkitPro/calico/lib\libcalico_ds9.a(newlib_syscalls.o)
 .debug_frame   0x00000e74       0x58 D:/devkitPro/calico/lib\libcalico_ds9.a(startup.crt0.o)
 .debug_frame   0x00000ecc       0x30 D:/devkitPro/calico/lib\libcalico_ds9.a(utils.crt0.o)
 .debug_frame   0x00000efc       0x20 D:/devkitPro/calico/lib\libcalico_ds9.a(irq_handler.32.o)
 .debug_frame   0x00000f1c      0x15c D:/devkitPro/calico/lib\libcalico_ds9.a(pxi.o)
 .debug_frame   0x00001078       0x20 D:/devkitPro/calico/lib\libcalico_ds9.a(mpu_setup.crt0.o)
 .debug_frame   0x00001098       0x38 D:/devkitPro/calico/lib\libcalico_ds9.a(sys_startup.o)
 .debug_frame   0x000010d0       0x28 D:/devkitPro/calico/lib\libcalico_ds9.a(irq.o)
 .debug_frame   0x000010f8       0x64 D:/devkitPro/calico/lib\libcalico_ds9.a(mailbox.o)
 .debug_frame   0x0000115c      0x190 D:/devkitPro/calico/lib\libcalico_ds9.a(pm.o)
 .debug_frame   0x000012ec       0x20 D:/devkitPro/devkitARM/bin/../lib/gcc/arm-none-eabi/16.1.0/thumb\libgcc.a(_divsi3.o)
 .debug_frame   0x0000130c       0x2c D:/devkitPro/devkitARM/bin/../lib/gcc/arm-none-eabi/16.1.0/thumb\libgcc.a(_aeabi_uldivmod.o)
 .debug_frame   0x00001338       0x3c D:/devkitPro/devkitARM/bin/../lib/gcc/arm-none-eabi/16.1.0/thumb\libgcc.a(_udivmoddi4.o)
 .debug_frame   0x00001374       0x20 D:/devkitPro/devkitARM/bin/../lib/gcc/arm-none-eabi/16.1.0/thumb\libgcc.a(_udivsi3.o)
 .debug_frame   0x00001394       0x34 D:/devkitPro/devkitARM/bin/../lib/gcc/arm-none-eabi/16.1.0/thumb\libgcc.a(_muldi3.o)

.debug_str      0x00000000     0x4f90
 *(.debug_str)
 .debug_str     0x00000000     0x4f90 main.o
                               0x1412 (size before relaxing)
 .debug_str     0x00004f90        0x0 D:/devkitPro/libnds/lib\libnds9.a(background.o)
                                0x76c (size before relaxing)
 .debug_str     0x00004f90        0x0 D:/devkitPro/libnds/lib\libnds9.a(console.o)
                               0x1329 (size before relaxing)