Archive member included to satisfy reference by file (symbol)

D:/devkitPro/libnds/lib\libnds9.a(background.o)
                              main.o (bgState)
D:/devkitPro/libnds/lib\libnds9.a(keys.o)
                              main.o (scanKeys)
D:/devkitPro/libnds/lib\libnds9.a(sassert.o)
                              main.o (__sassert)
D:/devkitPro/libnds/lib\libnds9.a(sprite_alloc.o)
                              main.o (oamAllocateGfx)
D:/devkitPro/libnds/lib\libnds9.a(sprite.o)
                              main.o (oamInit)
D:/devkitPro/libnds/lib\libnds9.a(trig.o)
                              D:/devkitPro/libnds/lib\libnds9.a(background.o) (sinLerp)
D:/devkitPro/libnds/lib\libnds9.a(console.o)
                              D:/devkitPro/libnds/lib\libnds9.a(sassert.o) (consoleDemoInit)
D:/devkitPro/libnds/lib\libnds9.a(default_font.bin.o)
                              D:/devkitPro/libnds/lib\libnds9.a(console.o) (default_font_bin)
D:/devkitPro/calico/lib\libcalico_ds9.a(thread_cold.o)
                              main.o (threadIrqWait)
D:/devkitPro/calico/lib\libcalico_ds9.a(thread_hot.32.o)
                              D:/devkitPro/calico/lib\libcalico_ds9.a(thread_cold.o) (threadSwitchTo)
D:/devkitPro/calico/lib\libcalico_ds9.a(mutex.o)
                              D:/devkitPro/calico/lib\libcalico_ds9.a(thread_cold.o) (threadUpdateDynamicPrio)
D:/devkitPro/calico/lib\libcalico_ds9.a(arm-copy-fill.32.o)
                              D:/devkitPro/calico/lib\libcalico_ds9.a(thread_cold.o) (armCopyMem32)
D:/devkitPro/calico/lib\libcalico_ds9.a(arm-context.32.o)
                              D:/devkitPro/calico/lib\libcalico_ds9.a(thread_hot.32.o) (armContextSave)
D:/devkitPro/calico/lib\libcalico_ds9.a(arm-shims.32.o)
                              D:/devkitPro/calico/lib\libcalico_ds9.a(thread_cold.o) (armWaitForIrq)
D:/devkitPro/calico/lib\libcalico_ds9.a(arm-cache.32.o)
                              D:/devkitPro/libnds/lib\libnds9.a(sprite.o) (armDCacheFlush)
D:/devkitPro/calico/lib\libcalico_ds9.a(keypad.o)
                              D:/devkitPro/libnds/lib\libnds9.a(keys.o) (keypadGetState)
D:/devkitPro/calico/lib\libcalico_ds9.a(bootstub_arm9.o)
                              (__ds9_bootstub)
D:/devkitPro/calico/lib\libcalico_ds9.a(excpt_handler.32.o)
                              D:/devkitPro/calico/lib\libcalico_ds9.a(bootstub_arm9.o) (__arm_excpt_rst)
D:/devkitPro/calico/lib\libcalico_ds9.a(touch.o)
                              D:/devkitPro/libnds/lib\libnds9.a(keys.o) (touchRead)
D:/devkitPro/calico/lib\libcalico_ds9.a(tick.o)
                              D:/devkitPro/calico/lib\libcalico_ds9.a(thread_cold.o) (tickTaskStart)
D:/devkitPro/calico/lib\libcalico_ds9.a(newlib_syscalls.o)
                              D:/devkitPro/calico/lib\libcalico_ds9.a(bootstub_arm9.o) (__newlib_syscalls)
D:/devkitPro/calico/lib\libcalico_ds9.a(startup.crt0.o)
                              D:/devkitPro/calico/lib\libcalico_ds9.a(bootstub_arm9.o) (crt0Startup)
D:/devkitPro/calico/lib\libcalico_ds9.a(utils.crt0.o)
                              D:/devkitPro/calico/lib\libcalico_ds9.a(startup.crt0.o) (crt0CopyMem32)
D:/devkitPro/calico/lib\libcalico_ds9.a(irq_handler.32.o)
                              D:/devkitPro/calico/lib\libcalico_ds9.a(bootstub_arm9.o) (__arm_excpt_irq)
D:/devkitPro/calico/lib\libcalico_ds9.a(pxi.o)
                              D:/devkitPro/calico/lib\libcalico_ds9.a(startup.crt0.o) (_pxiInit)
D:/devkitPro/calico/lib\libcalico_ds9.a(mpu_setup.crt0.o)
                              D:/devkitPro/calico/lib\libcalico_ds9.a(startup.crt0.o) (crt0SetupMPU)
D:/devkitPro/calico/lib\libcalico_ds9.a(sys_startup.o)
                              D:/devkitPro/calico/lib\libcalico_ds9.a(startup.crt0.o) (systemStartup)
D:/devkitPro/calico/lib\libcalico_ds9.a(irq.o)
                              D:/devkitPro/calico/lib\libcalico_ds9.a(tick.o) (irqSet)
D:/devkitPro/calico/lib\libcalico_ds9.a(mailbox.o)
                              D:/devkitPro/calico/lib\libcalico_ds9.a(pxi.o) (mailboxTrySend)
D:/devkitPro/calico/lib\libcalico_ds9.a(pm.o)
                              D:/devkitPro/calico/lib\libcalico_ds9.a(sys_startup.o) (pmInit)
D:/devkitPro/devkitARM/bin/../lib/gcc/arm-none-eabi/16.1.0/thumb\libgcc.a(_divsi3.o)
                              D:/devkitPro/libnds/lib\libnds9.a(console.o) (__aeabi_idivmod)
D:/devkitPro/devkitARM/bin/../lib/gcc/arm-none-eabi/16.1.0/thumb\libgcc.a(_dvmd_tls.o)
                              D:/devkitPro/devkitARM/bin/../lib/gcc/arm-none-eabi/16.1.0/thumb\libgcc.a(_divsi3.o) (__aeabi_idiv0)
D:/devkitPro/devkitARM/bin/../lib/gcc/arm-none-eabi/16.1.0/thumb\libgcc.a(_aeabi_uldivmod.o)
                              D:/devkitPro/calico/lib\libcalico_ds9.a(newlib_syscalls.o) (__aeabi_uldivmod)
D:/devkitPro/devkitARM/bin/../lib/gcc/arm-none-eabi/16.1.0/thumb\libgcc.a(_sync_none.o)
                              (__sync_synchronize_none)
[...]
Memory Configuration

Name             Origin             Length             Attributes
lma9             0x02004000         0x0027c000
lma9i            0x02400000         0x00280000
vectors          0x00000000         0x00000020
itcm             0x01ff8020         0x00007fe0
main             0x02001000         0x00f7f000
dtcm             0x02ff0000         0x00003e80
dldi             0x0380b000         0x00004000
stub             0x0e000000         0x00004000
tls              0x00000000         0x00000400
*default*        0x00000000         0xffffffff

Linker script and memory map

                0x00000000                        __sync_synchronize = __sync_synchronize_none
LOAD D:/devkitPro/devkitARM/bin/../lib/gcc/arm-none-eabi/16.1.0/thumb/crti.o
LOAD D:/devkitPro/devkitARM/bin/../lib/gcc/arm-none-eabi/16.1.0/thumb/crtbegin.o
LOAD bird.o
LOAD cage_bg.o
LOAD main.o
LOAD D:/devkitPro/libnds/lib\libnds9.a
LOAD D:/devkitPro/calico/lib\libcalico_ds9.a
START GROUP
LOAD D:/devkitPro/devkitARM/bin/../lib/gcc/arm-none-eabi/16.1.0/thumb\libgcc.a
LOAD D:/devkitPro/devkitARM/bin/../lib/gcc/arm-none-eabi/16.1.0/../../../../arm-none-eabi/lib/thumb\libg.a
LOAD D:/devkitPro/devkitARM/bin/../lib/gcc/arm-none-eabi/16.1.0/../../../../arm-none-eabi/lib/thumb\libc.a
LOAD D:/devkitPro/devkitARM/bin/../lib/gcc/arm-none-eabi/16.1.0/../../../../arm-none-eabi/lib/thumb\libsysbase.a
END GROUP
LOAD D:/devkitPro/devkitARM/bin/../lib/gcc/arm-none-eabi/16.1.0/thumb/crtend.o
LOAD D:/devkitPro/devkitARM/bin/../lib/gcc/arm-none-eabi/16.1.0/thumb/crtn.o
                0x02ff3e80                        PROVIDE (__sp_usr = (ORIGIN (dtcm) + LENGTH (dtcm)))
                0x02ff3f80                        PROVIDE (__sp_irq = (__sp_usr + 0x100))
                0x02ff3fc0                        PROVIDE (__sp_svc = (__sp_irq + 0x40))
                0x02ff3ff8                        PROVIDE (__irq_flags = (__sp_svc + 0x38))
                [!provide]                        PROVIDE (__irq_vector = (__sp_svc + 0x3c))
                [!provide]                        PROVIDE (__arm_excpt_rst = 0xffff0000)
                [!provide]                        PROVIDE (__arm_excpt_und = 0xffff0004)
                0xffff0008                        PROVIDE (__arm_excpt_svc = 0xffff0008)
                [!provide]                        PROVIDE (__arm_excpt_pabt = 0xffff000c)
                [!provide]                        PROVIDE (__arm_excpt_dabt = 0xffff0010)
                [!provide]                        PROVIDE (__arm_excpt_irq = 0xffff0018)
                [!provide]                        PROVIDE (__arm_excpt_fiq = 0xffff001c)
                0x00000000                        PROVIDE (__end__ = 0x0)

.secure         0x0e000000      0x800 load address 0x02004000
                0x0e0007fc                        . = (. + 0x7fc)
 *fill*         0x0e000000      0x7fc 00000000
                0x0e0007fc        0x4 LONG 0x0

.bootstub       0x0e000800      0x198 load address 0x02004800
 *(.bootstub .bootstub.*)
 .bootstub.__ds9_bootstub
                0x0e000800      0x198 D:/devkitPro/calico/lib\libcalico_ds9.a(bootstub_arm9.o)
                0x0e000800                __ds9_bootstub
                0x0e000998                        . = ALIGN (0x4)

.crt0           0x02001000      0x3c0 load address 0x02004998
 *(.crt0 .crt0.*)
 .crt0.__ds9_bootstub_trampoline
                0x02001000       0x60 D:/devkitPro/calico/lib\libcalico_ds9.a(bootstub_arm9.o)
 *.crt0.*(.text .stub .text.* .gnu.linkonce.t.*)
 .text.crt0ProcessLoadList
                0x02001060       0x74 D:/devkitPro/calico/lib\libcalico_ds9.a(startup.crt0.o)
                0x02001060                crt0ProcessLoadList
 .text.crt0Startup
                0x020010d4      0x180 D:/devkitPro/calico/lib\libcalico_ds9.a(startup.crt0.o)
                0x020010d4                crt0Startup
 .text.crt0CopyMem32
                0x02001254       0x4c D:/devkitPro/calico/lib\libcalico_ds9.a(utils.crt0.o)
                0x02001254                crt0CopyMem32
 .text.crt0FillMem32
                0x020012a0       0x58 D:/devkitPro/calico/lib\libcalico_ds9.a(utils.crt0.o)
                0x020012a0                crt0FillMem32
 .text.crt0SetupMPU
                0x020012f8       0xb4 D:/devkitPro/calico/lib\libcalico_ds9.a(mpu_setup.crt0.o)
                0x020012f8                crt0SetupMPU
 *.crt0.*(.glue_7t .glue_7 .vfp11_veneer .v4_bx)
 *.crt0.*(.rodata .rodata.* .gnu.linkonce.r.*)
 *.crt0.*(.rodata1)
                0x020013c0                        . = ALIGN (0x20)
 *fill*         0x020013ac       0x14 ff
                0x02004998                        PROVIDE (__crt0_lma = LOADADDR (.crt0))
                0x02001000                        PROVIDE (__crt0_start = ADDR (.crt0))
                0x020013c0                        PROVIDE (__crt0_end = (ADDR (.crt0) + SIZEOF (.crt0)))
                0x00000001                        ASSERT (((__crt0_end <= LOADADDR (.bootstub)) || (__crt0_start >= (LOADADDR (.bootstub) + SIZEOF (.bootstub)))), Error: crt0 section overlaps initial bootstrap)

.dldi           0x0380b000        0x0 load address 0x02004d58
 *(.dldi)
                0x00000000                        PROVIDE (__dldi_lma = SIZEOF (.dldi)?LOADADDR (.dldi):0x0)

.vectors        0x00000000       0x20 load address 0x02004d58
 *(.vectors)
 .vectors       0x00000000       0x20 D:/devkitPro/calico/lib\libcalico_ds9.a(bootstub_arm9.o)

.itcm           0x01ff8020      0x660 load address 0x02004d78
 *(.itcm .itcm.*)
 .itcm          0x01ff8020       0x30 D:/devkitPro/calico/lib\libcalico_ds9.a(bootstub_arm9.o)
                0x01ff8038                __excpt_vectors
 *.itcm.*(.text .stub .text.* .gnu.linkonce.t.*)
 *.32.o(.text .stub .text.* .gnu.linkonce.t.*)
 .text.threadSwitchTo
                0x01ff8050       0x7c D:/devkitPro/calico/lib\libcalico_ds9.a(thread_hot.32.o)
                0x01ff8050                threadSwitchTo
 .text.threadBlock
                0x01ff80cc       0xd4 D:/devkitPro/calico/lib\libcalico_ds9.a(thread_hot.32.o)
                0x01ff80cc                threadBlock
 .text.threadUnblockOneByValue
                0x01ff81a0       0xd4 D:/devkitPro/calico/lib\libcalico_ds9.a(thread_hot.32.o)
                0x01ff81a0                threadUnblockOneByValue
 .text.threadUnblockAllByValue
                0x01ff8274      0x138 D:/devkitPro/calico/lib\libcalico_ds9.a(thread_hot.32.o)
                0x01ff8274                threadUnblockAllByValue
 .text.threadUnblockAllByMask
                0x01ff83ac       0xf0 D:/devkitPro/calico/lib\libcalico_ds9.a(thread_hot.32.o)
                0x01ff83ac                threadUnblockAllByMask
 .text.armContextSave
                0x01ff849c       0x2c D:/devkitPro/calico/lib\libcalico_ds9.a(arm-context.32.o)
                0x01ff849c                armContextSave
 .text.armContextLoad
                0x01ff84c8       0x20 D:/devkitPro/calico/lib\libcalico_ds9.a(arm-context.32.o)
                0x01ff84c8                armContextLoad
                0x01ff84cc                armContextLoadFromSvc
 .text.armWaitForIrq
                0x01ff84e8        0x8 D:/devkitPro/calico/lib\libcalico_ds9.a(arm-shims.32.o)
                0x01ff84e8                armWaitForIrq
 .text.armDrainWriteBuffer
                0x01ff84f0        0xc D:/devkitPro/calico/lib\libcalico_ds9.a(arm-cache.32.o)
                0x01ff84f0                armDrainWriteBuffer
 .text.armDCacheFlushAll
                0x01ff84fc       0x28 D:/devkitPro/calico/lib\libcalico_ds9.a(arm-cache.32.o)
                0x01ff84fc                armDCacheFlushAll
 .text.armDCacheFlush
                0x01ff8524       0x1c D:/devkitPro/calico/lib\libcalico_ds9.a(arm-cache.32.o)
                0x01ff8524                armDCacheFlush
 .text.armICacheInvalidateAll
                0x01ff8540        0xc D:/devkitPro/calico/lib\libcalico_ds9.a(arm-cache.32.o)
                0x01ff8540                armICacheInvalidateAll
 .text.__excpt_entry
                0x01ff854c       0x50 D:/devkitPro/calico/lib\libcalico_ds9.a(excpt_handler.32.o)
                0x01ff854c                __arm_excpt_rst
                0x01ff8550                __arm_excpt_pabt
                0x01ff8554                __arm_excpt_und
                0x01ff8560                __arm_excpt_dabt
 .text.__arm_excpt_irq
                0x01ff859c       0xe4 D:/devkitPro/calico/lib\libcalico_ds9.a(irq_handler.32.o)
                0x01ff859c                __arm_excpt_irq
 *.itcm.*(.glue_7t .glue_7 .vfp11_veneer .v4_bx)
 *.32.o(.glue_7t .glue_7 .vfp11_veneer .v4_bx)
 *.itcm.*(.rodata .rodata.* .gnu.linkonce.r.*)
 *.32.o(.rodata .rodata.* .gnu.linkonce.r.*)
 *.itcm.*(.rodata1)
 *.32.o(.rodata1)
                0x01ff8680                        . = ALIGN (0x4)
                0x02004d58                        PROVIDE (__itcm_lma = LOADADDR (.vectors))
                0x01ff8000                        PROVIDE (__itcm_start = (ADDR (.itcm) - SIZEOF (.vectors)))
                0x01ff8680                        PROVIDE (__itcm_end = (ADDR (.itcm) + SIZEOF (.itcm)))
                0x00000001                        ASSERT (((__itcm_lma + SIZEOF (.vectors)) == LOADADDR (.itcm)), Error: gap between vectors and itcm)

.dtcm           0x02ff0000        0x0 load address 0x020053d8
 *(.dtcm .dtcm.*)
 *.32.o(.data .data.* .gnu.linkonce.d.*)
 *.32.o(.data1)
                0x02ff0000                        . = ALIGN (0x4)
                [!provide]                        PROVIDE (__dtcm_lma = LOADADDR (.dtcm))
                0x02ff0000                        PROVIDE (__dtcm_start = ADDR (.dtcm))
                0x02ff0000                        PROVIDE (__dtcm_end = (ADDR (.dtcm) + SIZEOF (.dtcm)))

.dtcm.bss       0x02ff0000       0x98 load address 0x020053d8
 *(.sbss .sbss.*)
 *.32.o(.dynbss)
 *.32.o(.bss .bss.* .gnu.linkonce.b.*)
 .bss.__irq_table
                0x02ff0000       0x80 D:/devkitPro/calico/lib\libcalico_ds9.a(thread_hot.32.o)
                0x02ff0000                __irq_table
 .bss.__sched_state
                0x02ff0080       0x18 D:/devkitPro/calico/lib\libcalico_ds9.a(thread_hot.32.o)
                0x02ff0080                __sched_state
 *.32.o(COMMON)
                0x02ff0098                        . = ALIGN (0x4)
                [!provide]                        PROVIDE (__dtcm_bss_start = ADDR (.dtcm.bss))
                0x02ff0098                        PROVIDE (__dtcm_bss_end = (ADDR (.dtcm.bss) + SIZEOF (.dtcm.bss)))

.main           0x020013c0     0xf64c load address 0x020053d8
 *(SORT_NONE(.init))
 .init          0x020013c0        0x4 D:/devkitPro/devkitARM/bin/../lib/gcc/arm-none-eabi/16.1.0/thumb/crti.o
                0x020013c0                _init
 .init          0x020013c4        0x8 D:/devkitPro/devkitARM/bin/../lib/gcc/arm-none-eabi/16.1.0/thumb/crtn.o
 EXCLUDE_FILE(*.twl.*) *(.text.unlikely .text.*_unlikely .text.unlikely.*)
 EXCLUDE_FILE(*.twl.*) *(.text.exit .text.exit.*)
 .text.exit     0x020013cc       0x24 D:/devkitPro/devkitARM/bin/../lib/gcc/arm-none-eabi/16.1.0/../../../../arm-none-eabi/lib/thumb\libg.a(libc_a-exit.o)
                0x020013cc                exit
 EXCLUDE_FILE(*.twl.*) *(.text.startup .text.startup.*)
 .text.startup.main
                0x020013f0      0x21c main.o
                0x020013f0                main
 EXCLUDE_FILE(*.twl.*) *(.text.hot .text.hot.*)
 EXCLUDE_FILE(*.twl.*) *(.text .iplt .stub .text.* .gnu.linkonce.t.*)
 .text.__do_global_dtors_aux
                0x0200160c       0x2c D:/devkitPro/devkitARM/bin/../lib/gcc/arm-none-eabi/16.1.0/thumb/crtbegin.o
 .text.frame_dummy
                0x02001638       0x24 D:/devkitPro/devkitARM/bin/../lib/gcc/arm-none-eabi/16.1.0/thumb/crtbegin.o
 .iplt          0x0200165c        0x0 D:/devkitPro/devkitARM/bin/../lib/gcc/arm-none-eabi/16.1.0/thumb/crtbegin.o
 .text.checkIfText
                0x0200165c       0x6c D:/devkitPro/libnds/lib\libnds9.a(background.o)
                0x0200165c                checkIfText
 .text.bgUpdate
                0x020016c8       0xe8 D:/devkitPro/libnds/lib\libnds9.a(background.o)
                0x020016c8                bgUpdate
 .text.bgInit_call
                0x020017b0       0xa8 D:/devkitPro/libnds/lib\libnds9.a(background.o)
                0x020017b0                bgInit_call
 .text.bgInitSub_call
                0x02001858       0xb0 D:/devkitPro/libnds/lib\libnds9.a(background.o)
                0x02001858                bgInitSub_call
 .text.scanKeys
                0x02001908       0x6c D:/devkitPro/libnds/lib\libnds9.a(keys.o)
                0x02001908                scanKeys
 .text.keysDown
                0x02001974       0x10 D:/devkitPro/libnds/lib\libnds9.a(keys.o)
                0x02001974                keysDown
 .text.__sassert
                0x02001984       0x34 D:/devkitPro/libnds/lib\libnds9.a(sassert.o)
                0x02001984                __sassert
 .text.oamAllocReset
                0x020019b8       0x1c D:/devkitPro/libnds/lib\libnds9.a(sprite_alloc.o)
                0x020019b8                oamAllocReset
 .text.oamAllocateGfx
                0x020019d4      0x578 D:/devkitPro/libnds/lib\libnds9.a(sprite_alloc.o)
                0x020019d4                oamAllocateGfx
 .text.oamInit  0x02001f4c      0x124 D:/devkitPro/libnds/lib\libnds9.a(sprite.o)
                0x02001f4c                oamInit
 .text.oamGetGfxPtr
                0x02002070       0x34 D:/devkitPro/libnds/lib\libnds9.a(sprite.o)
                0x02002070                oamGetGfxPtr
 .text.oamGfxPtrToOffset
                0x020020a4       0x34 D:/devkitPro/libnds/lib\libnds9.a(sprite.o)
                0x020020a4                oamGfxPtrToOffset
 .text.oamSet   0x020020d8      0x100 D:/devkitPro/libnds/lib\libnds9.a(sprite.o)
                0x020020d8                oamSet
 .text.oamUpdate
                0x020021d8       0x6c D:/devkitPro/libnds/lib\libnds9.a(sprite.o)
                0x020021d8                oamUpdate
 .text.sinLutLookup
                0x02002244       0x4c D:/devkitPro/libnds/lib\libnds9.a(trig.o)
                0x02002244                sinLutLookup
 .text.sinLerp  0x02002290       0x38 D:/devkitPro/libnds/lib\libnds9.a(trig.o)
                0x02002290                sinLerp
 .text.cosLerp  0x020022c8       0x44 D:/devkitPro/libnds/lib\libnds9.a(trig.o)
                0x020022c8                cosLerp
 .text.newRow   0x0200230c       0xe8 D:/devkitPro/libnds/lib\libnds9.a(console.o)
 .text.consolePrintChar
                0x020023f4       0xe0 D:/devkitPro/libnds/lib\libnds9.a(console.o)
                0x020023f4                consolePrintChar
 .text.con_write
                0x020024d4      0x34c D:/devkitPro/libnds/lib\libnds9.a(console.o)
                0x020024d4                con_write
 .text.consoleLoadFont
                0x02002820      0x2e4 D:/devkitPro/libnds/lib\libnds9.a(console.o)
                0x02002820                consoleLoadFont
 .text.consoleInit
                0x02002b04      0x170 D:/devkitPro/libnds/lib\libnds9.a(console.o)
                0x02002b04                consoleInit
 .text.consoleDemoInit
                0x02002c74       0x40 D:/devkitPro/libnds/lib\libnds9.a(console.o)
                0x02002c74                consoleDemoInit
 .text._threadTickTask
                0x02002cb4       0x10 D:/devkitPro/calico/lib\libcalico_ds9.a(thread_cold.o)
 .text.threadExit
                0x02002cc4       0xa0 D:/devkitPro/calico/lib\libcalico_ds9.a(thread_cold.o)
                0x02002cc4                threadExit
 .text._threadInit
                0x02002d64       0x98 D:/devkitPro/calico/lib\libcalico_ds9.a(thread_cold.o)
                0x02002d64                _threadInit
 .text.threadPrepare
                0x02002dfc      0x134 D:/devkitPro/calico/lib\libcalico_ds9.a(thread_cold.o)
                0x02002dfc                threadPrepare
 .text.threadStart
                0x02002f30       0x94 D:/devkitPro/calico/lib\libcalico_ds9.a(thread_cold.o)
                0x02002f30                threadStart
 .text.threadIrqWait
                0x02002fc4       0xa4 D:/devkitPro/calico/lib\libcalico_ds9.a(thread_cold.o)
                0x02002fc4                threadIrqWait
 .text.threadSleepTicks
                0x02003068       0x58 D:/devkitPro/calico/lib\libcalico_ds9.a(thread_cold.o)
                0x02003068                threadSleepTicks
 .text.threadUpdateDynamicPrio
                0x020030c0      0x1d4 D:/devkitPro/calico/lib\libcalico_ds9.a(mutex.o)
                0x020030c0                threadUpdateDynamicPrio
 .text.threadRemoveWaiter
                0x02003294      0x148 D:/devkitPro/calico/lib\libcalico_ds9.a(mutex.o)
 .text.mutexLock
                0x020033dc      0x138 D:/devkitPro/calico/lib\libcalico_ds9.a(mutex.o)
                0x020033dc                mutexLock
 .text.mutexUnlock
                0x02003514       0xbc D:/devkitPro/calico/lib\libcalico_ds9.a(mutex.o)
                0x02003514                mutexUnlock
 .text.keypadGetState
                0x020035d0       0x28 D:/devkitPro/calico/lib\libcalico_ds9.a(keypad.o)
                0x020035d0                keypadGetState
 .text.touchRead
                0x020035f8       0x58 D:/devkitPro/calico/lib\libcalico_ds9.a(touch.o)
                0x020035f8                touchRead
 .text._tickCountIsr
                0x02003650       0x1c D:/devkitPro/calico/lib\libcalico_ds9.a(tick.o)
 .text._tickTaskSchedule.part.0.isra.0
                0x0200366c       0x84 D:/devkitPro/calico/lib\libcalico_ds9.a(tick.o)
 .text.tickInit
                0x020036f0       0xa0 D:/devkitPro/calico/lib\libcalico_ds9.a(tick.o)
                0x020036f0                tickInit
 .text.tickGetCount
                0x02003790       0x5c D:/devkitPro/calico/lib\libcalico_ds9.a(tick.o)
                0x02003790                tickGetCount
 .text._tickTaskIsr
                0x020037ec      0x110 D:/devkitPro/calico/lib\libcalico_ds9.a(tick.o)
 .text.tickTaskStart
                0x020038fc      0x144 D:/devkitPro/calico/lib\libcalico_ds9.a(tick.o)
                0x020038fc                tickTaskStart
 .text.__syscall_getreent
                0x02003a40       0x14 D:/devkitPro/calico/lib\libcalico_ds9.a(newlib_syscalls.o)
                0x02003a40                __syscall_getreent
 .text.__errno  0x02003a54       0x24 D:/devkitPro/calico/lib\libcalico_ds9.a(newlib_syscalls.o)
                0x02003a54                __errno
 .text.__syscall_lock_acquire
                0x02003a78        0x4 D:/devkitPro/calico/lib\libcalico_ds9.a(newlib_syscalls.o)
                0x02003a78                __syscall_lock_acquire
 .text.__syscall_lock_release
                0x02003a7c        0x4 D:/devkitPro/calico/lib\libcalico_ds9.a(newlib_syscalls.o)
                0x02003a7c                __syscall_lock_release
 .text.__syscall_lock_acquire_recursive
                0x02003a80       0x4c D:/devkitPro/calico/lib\libcalico_ds9.a(newlib_syscalls.o)
                0x02003a80                __syscall_lock_acquire_recursive
 .text.__syscall_lock_release_recursive
                0x02003acc       0x18 D:/devkitPro/calico/lib\libcalico_ds9.a(newlib_syscalls.o)
                0x02003acc                __syscall_lock_release_recursive
 .text._pxiMailboxHandler
                0x02003ae4        0x4 D:/devkitPro/calico/lib\libcalico_ds9.a(pxi.o)
 .text._pxiRecvUnhandled
                0x02003ae8        0x4 D:/devkitPro/calico/lib\libcalico_ds9.a(pxi.o)
                0x02003ae8                _pxiRecvUnhandled
 .text._pxiRecvIrqHandler
                0x02003aec      0x154 D:/devkitPro/calico/lib\libcalico_ds9.a(pxi.o)
 .text._pxiInit
                0x02003c40       0x58 D:/devkitPro/calico/lib\libcalico_ds9.a(pxi.o)
                0x02003c40                _pxiInit
 .text.pxiSetHandler
                0x02003c98       0x74 D:/devkitPro/calico/lib\libcalico_ds9.a(pxi.o)
                0x02003c98                pxiSetHandler
 .text.pxiSetMailbox
                0x02003d0c       0x68 D:/devkitPro/calico/lib\libcalico_ds9.a(pxi.o)
                0x02003d0c                pxiSetMailbox
 .text.pxiWaitRemote
                0x02003d74       0x38 D:/devkitPro/calico/lib\libcalico_ds9.a(pxi.o)
                0x02003d74                pxiWaitRemote
 .text.pxiSendPacket
                0x02003dac       0x50 D:/devkitPro/calico/lib\libcalico_ds9.a(pxi.o)
                0x02003dac                pxiSendPacket
 .text.systemUserStartup
                0x02003dfc        0x4 D:/devkitPro/calico/lib\libcalico_ds9.a(sys_startup.o)
                0x02003dfc                systemUserStartup
 .text.systemStartup
                0x02003e00      0x110 D:/devkitPro/calico/lib\libcalico_ds9.a(sys_startup.o)
                0x02003e00                systemStartup
 .text.irqSet   0x02003f10       0x64 D:/devkitPro/calico/lib\libcalico_ds9.a(irq.o)
                0x02003f10                irqSet
 .text.mailboxTrySend
                0x02003f74       0x98 D:/devkitPro/calico/lib\libcalico_ds9.a(mailbox.o)
                0x02003f74                mailboxTrySend
 .text.mailboxRecv
                0x0200400c       0x98 D:/devkitPro/calico/lib\libcalico_ds9.a(mailbox.o)
                0x0200400c                mailboxRecv
 .text._pmCallEventHandlers
                0x020040a4       0x40 D:/devkitPro/calico/lib\libcalico_ds9.a(pm.o)
 .text._pmPxiThreadMain
                0x020040e4       0x9c D:/devkitPro/calico/lib\libcalico_ds9.a(pm.o)
 .text._pmResetPxiHandler
                0x02004180       0x28 D:/devkitPro/calico/lib\libcalico_ds9.a(pm.o)
 .text.systemUserExit
                0x020041a8        0x4 D:/devkitPro/calico/lib\libcalico_ds9.a(pm.o)
                0x020041a8                systemUserExit
 .text.systemErrorExit
                0x020041ac        0x4 D:/devkitPro/calico/lib\libcalico_ds9.a(pm.o)
                0x020041ac                systemErrorExit
 .text.__syscall_exit
                0x020041b0      0x138 D:/devkitPro/calico/lib\libcalico_ds9.a(pm.o)
                0x020041b0                __syscall_exit
 .text.pmInit   0x020042e8       0x58 D:/devkitPro/calico/lib\libcalico_ds9.a(pm.o)
                0x020042e8                pmInit
 .text          0x02004340      0x150 D:/devkitPro/devkitARM/bin/../lib/gcc/arm-none-eabi/16.1.0/thumb\libgcc.a(_divsi3.o)
                0x02004340                __divsi3
                0x02004340                __aeabi_idiv
                0x02004470                __aeabi_idivmod
 .text          0x02004490        0x4 D:/devkitPro/devkitARM/bin/../lib/gcc/arm-none-eabi/16.1.0/thumb\libgcc.a(_dvmd_tls.o)
                0x02004490                __aeabi_idiv0
                0x02004490                __aeabi_ldiv0
 .text          0x02004494       0x3c D:/devkitPro/devkitARM/bin/../lib/gcc/arm-none-eabi/16.1.0/thumb\libgcc.a(_aeabi_uldivmod.o)
                0x02004494                __aeabi_uldivmod
 .text.__udivmoddi4
                0x020044d0      0x194 D:/devkitPro/devkitARM/bin/../lib/gcc/arm-none-eabi/16.1.0/thumb\libgcc.a(_udivmoddi4.o)
                0x020044d0                __udivmoddi4
 .text          0x02004664       0x28 D:/devkitPro/devkitARM/bin/../lib/gcc/arm-none-eabi/16.1.0/thumb\libgcc.a(_clzdi2.o)
                0x02004664                __clzdi2
 .text          0x0200468c       0x48 D:/devkitPro/devkitARM/bin/../lib/gcc/arm-none-eabi/16.1.0/thumb\libgcc.a(_clzsi2.o)
                0x0200468c                __clzsi2
 .text.memcpy   0x020046d4       0xac D:/devkitPro/devkitARM/bin/../lib/gcc/arm-none-eabi/16.1.0/../../../../arm-none-eabi/lib/thumb\libg.a(libc_a-memcpy-stub.o)
                0x020046d4                memcpy
 .text.viprintf
                0x02004780       0x1c D:/devkitPro/devkitARM/bin/../lib/gcc/arm-none-eabi/16.1.0/../../../../arm-none-eabi/lib/thumb\libg.a(libc_a-viprintf.o)
                0x02004780                viprintf
 .text.memset   0x0200479c       0x8c D:/devkitPro/devkitARM/bin/../lib/gcc/arm-none-eabi/16.1.0/../../../../arm-none-eabi/lib/thumb\libg.a(libc_a-memset.o)
                0x0200479c                memset
 .text.realloc  0x02004828       0x18 D:/devkitPro/devkitARM/bin/../lib/gcc/arm-none-eabi/16.1.0/../../../../arm-none-eabi/lib/thumb\libg.a(libc_a-realloc.o)
                0x02004828                realloc
 .text._malloc_r
                0x02004840      0x550 D:/devkitPro/devkitARM/bin/../lib/gcc/arm-none-eabi/16.1.0/../../../../arm-none-eabi/lib/thumb\libg.a(libc_a-mallocr.o)
                0x02004840                _malloc_r
 .text._malloc_trim_r
                0x02004d90       0xac D:/devkitPro/devkitARM/bin/../lib/gcc/arm-none-eabi/16.1.0/../../../../arm-none-eabi/lib/thumb\libg.a(libc_a-freer.o)
                0x02004d90                _malloc_trim_r
 .text._free_r  0x02004e3c      0x1d8 D:/devkitPro/devkitARM/bin/../lib/gcc/arm-none-eabi/16.1.0/../../../../arm-none-eabi/lib/thumb\libg.a(libc_a-freer.o)
                0x02004e3c                _free_r
 .text.setvbuf  0x02005014      0x1ac D:/devkitPro/devkitARM/bin/../lib/gcc/arm-none-eabi/16.1.0/../../../../arm-none-eabi/lib/thumb\libg.a(libc_a-setvbuf.o)
                0x02005014                setvbuf
 .text.stdio_exit_handler
                0x020051c0       0x20 D:/devkitPro/devkitARM/bin/../lib/gcc/arm-none-eabi/16.1.0/../../../../arm-none-eabi/lib/thumb\libg.a(libc_a-findfp.o)
 .text.cleanup_stdio
                0x020051e0       0x40 D:/devkitPro/devkitARM/bin/../lib/gcc/arm-none-eabi/16.1.0/../../../../arm-none-eabi/lib/thumb\libg.a(libc_a-findfp.o)
 .text.global_stdio_init.part.0
                0x02005220      0x120 D:/devkitPro/devkitARM/bin/../lib/gcc/arm-none-eabi/16.1.0/../../../../arm-none-eabi/lib/thumb\libg.a(libc_a-findfp.o)
 .text.__sinit  0x02005340       0x3c D:/devkitPro/devkitARM/bin/../lib/gcc/arm-none-eabi/16.1.0/../../../../arm-none-eabi/lib/thumb\libg.a(libc_a-findfp.o)
                0x02005340                __sinit
 .text.__sfp_lock_acquire
                0x0200537c       0x14 D:/devkitPro/devkitARM/bin/../lib/gcc/arm-none-eabi/16.1.0/../../../../arm-none-eabi/lib/thumb\libg.a(libc_a-findfp.o)
                0x0200537c                __sfp_lock_acquire
 .text.__sfp_lock_release
                0x02005390       0x14 D:/devkitPro/devkitARM/bin/../lib/gcc/arm-none-eabi/16.1.0/../../../../arm-none-eabi/lib/thumb\libg.a(libc_a-findfp.o)
                0x02005390                __sfp_lock_release
 .text.__libc_init_array
                0x020053a4       0x54 D:/devkitPro/devkitARM/bin/../lib/gcc/arm-none-eabi/16.1.0/../../../../arm-none-eabi/lib/thumb\libg.a(libc_a-init.o)
                0x020053a4                __libc_init_array
 .text.malloc   0x020053f8       0x28 D:/devkitPro/devkitARM/bin/../lib/gcc/arm-none-eabi/16.1.0/../../../../arm-none-eabi/lib/thumb\libg.a(libc_a-malloc.o)
                0x020053f8                malloc
 .text.free     0x02005420       0x14 D:/devkitPro/devkitARM/bin/../lib/gcc/arm-none-eabi/16.1.0/../../../../arm-none-eabi/lib/thumb\libg.a(libc_a-malloc.o)
                0x02005420                free
 .text.siscanf  0x02005434       0x50 D:/devkitPro/devkitARM/bin/../lib/gcc/arm-none-eabi/16.1.0/../../../../arm-none-eabi/lib/thumb\libg.a(libc_a-siscanf.o)
                0x02005434                siscanf
 .text.__sread  0x02005484       0x34 D:/devkitPro/devkitARM/bin/../lib/gcc/arm-none-eabi/16.1.0/../../../../arm-none-eabi/lib/thumb\libg.a(libc_a-stdio.o)
                0x02005484                __sread
 .text.__seofread
                0x020054b8        0x4 D:/devkitPro/devkitARM/bin/../lib/gcc/arm-none-eabi/16.1.0/../../../../arm-none-eabi/lib/thumb\libg.a(libc_a-stdio.o)
                0x020054b8                __seofread
 .text.__swrite
                0x020054bc       0x4c D:/devkitPro/devkitARM/bin/../lib/gcc/arm-none-eabi/16.1.0/../../../../arm-none-eabi/lib/thumb\libg.a(libc_a-stdio.o)
                0x020054bc                __swrite
 .text.__sseek  0x02005508       0x3c D:/devkitPro/devkitARM/bin/../lib/gcc/arm-none-eabi/16.1.0/../../../../arm-none-eabi/lib/thumb\libg.a(libc_a-stdio.o)
                0x02005508                __sseek
 .text.__sclose
                0x02005544       0x10 D:/devkitPro/devkitARM/bin/../lib/gcc/arm-none-eabi/16.1.0/../../../../arm-none-eabi/lib/thumb\libg.a(libc_a-stdio.o)
                0x02005544                __sclose
 .text._realloc_r
                0x02005554      0x344 D:/devkitPro/devkitARM/bin/../lib/gcc/arm-none-eabi/16.1.0/../../../../arm-none-eabi/lib/thumb\libg.a(libc_a-reallocr.o)
                0x02005554                _realloc_r
 .text.iprintf  0x02005898       0x28 D:/devkitPro/devkitARM/bin/../lib/gcc/arm-none-eabi/16.1.0/../../../../arm-none-eabi/lib/thumb\libg.a(libc_a-iprintf.o)
                0x02005898                iprintf
 .text.__malloc_lock
                0x020058c0       0x14 D:/devkitPro/devkitARM/bin/../lib/gcc/arm-none-eabi/16.1.0/../../../../arm-none-eabi/lib/thumb\libg.a(libc_a-mlock.o)
                0x020058c0                __malloc_lock
 .text.__malloc_unlock
                0x020058d4       0x14 D:/devkitPro/devkitARM/bin/../lib/gcc/arm-none-eabi/16.1.0/../../../../arm-none-eabi/lib/thumb\libg.a(libc_a-mlock.o)
                0x020058d4                __malloc_unlock
 .text._fclose_r
                0x020058e8       0xe0 D:/devkitPro/devkitARM/bin/../lib/gcc/arm-none-eabi/16.1.0/../../../../arm-none-eabi/lib/thumb\libg.a(libc_a-fclose.o)
                0x020058e8                _fclose_r
 .text.__call_exitprocs
                0x020059c8        0xc D:/devkitPro/devkitARM/bin/../lib/gcc/arm-none-eabi/16.1.0/../../../../arm-none-eabi/lib/thumb\libg.a(libc_a-exit.o)
                0x020059c8                __call_exitprocs
 .text.__libc_fini_array
                0x020059d4       0x30 D:/devkitPro/devkitARM/bin/../lib/gcc/arm-none-eabi/16.1.0/../../../../arm-none-eabi/lib/thumb\libg.a(libc_a-fini.o)
                0x020059d4                __libc_fini_array
 .text.get_arg  0x02005a04      0x404 D:/devkitPro/devkitARM/bin/../lib/gcc/arm-none-eabi/16.1.0/../../../../arm-none-eabi/lib/thumb\libg.a(libc_a-vfiprintf.o)
 .text._vfiprintf_r
                0x02005e08     0x16d8 D:/devkitPro/devkitARM/bin/../lib/gcc/arm-none-eabi/16.1.0/../../../../arm-none-eabi/lib/thumb\libg.a(libc_a-vfiprintf.o)
                0x02005e08                _vfiprintf_r
 .text.__sbprintf
                0x020074e0       0x7c D:/devkitPro/devkitARM/bin/../lib/gcc/arm-none-eabi/16.1.0/../../../../arm-none-eabi/lib/thumb\libg.a(libc_a-vfiprintf.o)
 .text.strlen   0x0200755c       0x60 D:/devkitPro/devkitARM/bin/../lib/gcc/arm-none-eabi/16.1.0/../../../../arm-none-eabi/lib/thumb\libg.a(libc_a-strlen.o)
                0x0200755c                strlen
 .text._fwalk_sglue
                0x020075bc       0x4c D:/devkitPro/devkitARM/bin/../lib/gcc/arm-none-eabi/16.1.0/../../../../arm-none-eabi/lib/thumb\libg.a(libc_a-fwalk.o)
                0x020075bc                _fwalk_sglue
 .text._wcrtomb_r
                0x02007608       0x88 D:/devkitPro/devkitARM/bin/../lib/gcc/arm-none-eabi/16.1.0/../../../../arm-none-eabi/lib/thumb\libg.a(libc_a-wcrtomb.o)
                0x02007608                _wcrtomb_r
 .text._memalign_r
                0x02007690      0x118 D:/devkitPro/devkitARM/bin/../lib/gcc/arm-none-eabi/16.1.0/../../../../arm-none-eabi/lib/thumb\libg.a(libc_a-malignr.o)
                0x02007690                _memalign_r
 .text.__smakebuf_r
                0x020077a8       0xe0 D:/devkitPro/devkitARM/bin/../lib/gcc/arm-none-eabi/16.1.0/../../../../arm-none-eabi/lib/thumb\libg.a(libc_a-makebuf.o)
                0x020077a8                __smakebuf_r
 .text.__swhatbuf_r
                0x02007888       0x5c D:/devkitPro/devkitARM/bin/../lib/gcc/arm-none-eabi/16.1.0/../../../../arm-none-eabi/lib/thumb\libg.a(libc_a-makebuf.o)
                0x02007888                __swhatbuf_r
 .text.__locale_mb_cur_max
                0x020078e4       0x20 D:/devkitPro/devkitARM/bin/../lib/gcc/arm-none-eabi/16.1.0/../../../../arm-none-eabi/lib/thumb\libg.a(libc_a-locale.o)
                0x020078e4                __locale_mb_cur_max
 .text.__sflush_r
                0x02007904      0x180 D:/devkitPro/devkitARM/bin/../lib/gcc/arm-none-eabi/16.1.0/../../../../arm-none-eabi/lib/thumb\libg.a(libc_a-fflush.o)
                0x02007904                __sflush_r
 .text._fflush_r
                0x02007a84       0x70 D:/devkitPro/devkitARM/bin/../lib/gcc/arm-none-eabi/16.1.0/../../../../arm-none-eabi/lib/thumb\libg.a(libc_a-fflush.o)
                0x02007a84                _fflush_r
 .text.__sprint_r
                0x02007af4       0x24 D:/devkitPro/devkitARM/bin/../lib/gcc/arm-none-eabi/16.1.0/../../../../arm-none-eabi/lib/thumb\libg.a(libc_a-sprint_r.o)
                0x02007af4                __sprint_r
 .text.get_arg  0x02007b18       0x3e D:/devkitPro/devkitARM/bin/../lib/gcc/arm-none-eabi/16.1.0/../../../../arm-none-eabi/lib/thumb\libg.a(libc_a-svfiscanf.o)
 .text._sungetc_r
                0x02007b56       0x7e D:/devkitPro/devkitARM/bin/../lib/gcc/arm-none-eabi/16.1.0/../../../../arm-none-eabi/lib/thumb\libg.a(libc_a-svfiscanf.o)
                0x02007b56                _sungetc_r
 .text.__ssrefill_r
                0x02007bd4       0x42 D:/devkitPro/devkitARM/bin/../lib/gcc/arm-none-eabi/16.1.0/../../../../arm-none-eabi/lib/thumb\libg.a(libc_a-svfiscanf.o)
                0x02007bd4                __ssrefill_r
 .text._sfread_r
                0x02007c16       0x88 D:/devkitPro/devkitARM/bin/../lib/gcc/arm-none-eabi/16.1.0/../../../../arm-none-eabi/lib/thumb\libg.a(libc_a-svfiscanf.o)
                0x02007c16                _sfread_r
 *fill*         0x02007c9e        0x2 ff
 .text.__ssvfiscanf_r
                0x02007ca0     0x19d8 D:/devkitPro/devkitARM/bin/../lib/gcc/arm-none-eabi/16.1.0/../../../../arm-none-eabi/lib/thumb\libg.a(libc_a-svfiscanf.o)
                0x02007ca0                __ssvfiscanf_r
 .text._strtol_l.part.0
                0x02009678      0x25c D:/devkitPro/devkitARM/bin/../lib/gcc/arm-none-eabi/16.1.0/../../../../arm-none-eabi/lib/thumb\libg.a(libc_a-strtol.o)
 .text._strtol_r
                0x020098d4       0x34 D:/devkitPro/devkitARM/bin/../lib/gcc/arm-none-eabi/16.1.0/../../../../arm-none-eabi/lib/thumb\libg.a(libc_a-strtol.o)
                0x020098d4                _strtol_r
 .text.strncpy  0x02009908       0x68 D:/devkitPro/devkitARM/bin/../lib/gcc/arm-none-eabi/16.1.0/../../../../arm-none-eabi/lib/thumb\libg.a(libc_a-strncpy.o)
                0x02009908                strncpy
 .text.memchr   0x02009970       0x74 D:/devkitPro/devkitARM/bin/../lib/gcc/arm-none-eabi/16.1.0/../../../../arm-none-eabi/lib/thumb\libg.a(libc_a-memchr-stub.o)
                0x02009970                memchr
 .text._wcsrtombs_r
                0x020099e4       0x20 D:/devkitPro/devkitARM/bin/../lib/gcc/arm-none-eabi/16.1.0/../../../../arm-none-eabi/lib/thumb\libg.a(libc_a-wcsrtombs.o)
                0x020099e4                _wcsrtombs_r
 .text.__swsetup_r
                0x02009a04       0xd4 D:/devkitPro/devkitARM/bin/../lib/gcc/arm-none-eabi/16.1.0/../../../../arm-none-eabi/lib/thumb\libg.a(libc_a-wsetup.o)
                0x02009a04                __swsetup_r
 .text._localeconv_r
                0x02009ad8       0x20 D:/devkitPro/devkitARM/bin/../lib/gcc/arm-none-eabi/16.1.0/../../../../arm-none-eabi/lib/thumb\libg.a(libc_a-localeconv.o)
                0x02009ad8                _localeconv_r
 .text.memmove  0x02009af8      0x108 D:/devkitPro/devkitARM/bin/../lib/gcc/arm-none-eabi/16.1.0/../../../../arm-none-eabi/lib/thumb\libg.a(libc_a-memmove.o)
                0x02009af8                memmove
 .text.__utf8_wctomb
                0x02009c00       0xbc D:/devkitPro/devkitARM/bin/../lib/gcc/arm-none-eabi/16.1.0/../../../../arm-none-eabi/lib/thumb\libg.a(libc_a-wctomb_r.o)
                0x02009c00                __utf8_wctomb
 .text._wcsnrtombs_l
                0x02009cbc      0x120 D:/devkitPro/devkitARM/bin/../lib/gcc/arm-none-eabi/16.1.0/../../../../arm-none-eabi/lib/thumb\libg.a(libc_a-wcsnrtombs.o)
                0x02009cbc                _wcsnrtombs_l
 .text._wcsnrtombs_r
                0x02009ddc       0x40 D:/devkitPro/devkitARM/bin/../lib/gcc/arm-none-eabi/16.1.0/../../../../arm-none-eabi/lib/thumb\libg.a(libc_a-wcsnrtombs.o)
                0x02009ddc                _wcsnrtombs_r
 .text.iswspace
                0x02009e1c       0x10 D:/devkitPro/devkitARM/bin/../lib/gcc/arm-none-eabi/16.1.0/../../../../arm-none-eabi/lib/thumb\libg.a(libc_a-iswspace.o)
                0x02009e1c                iswspace
 .text._strtoull_l.isra.0
                0x02009e2c      0x1c0 D:/devkitPro/devkitARM/bin/../lib/gcc/arm-none-eabi/16.1.0/../../../../arm-none-eabi/lib/thumb\libg.a(libc_a-strtoull.o)
 .text._strtoull_r
                0x02009fec       0x20 D:/devkitPro/devkitARM/bin/../lib/gcc/arm-none-eabi/16.1.0/../../../../arm-none-eabi/lib/thumb\libg.a(libc_a-strtoull.o)
                0x02009fec                _strtoull_r
 .text._strtoul_l.isra.0
                0x0200a00c      0x150 D:/devkitPro/devkitARM/bin/../lib/gcc/arm-none-eabi/16.1.0/../../../../arm-none-eabi/lib/thumb\libg.a(libc_a-strtoul.o)
 .text._strtoul_r
                0x0200a15c       0x20 D:/devkitPro/devkitARM/bin/../lib/gcc/arm-none-eabi/16.1.0/../../../../arm-none-eabi/lib/thumb\libg.a(libc_a-strtoul.o)
                0x0200a15c                _strtoul_r
 .text.__submore
                0x0200a17c       0x7c D:/devkitPro/devkitARM/bin/../lib/gcc/arm-none-eabi/16.1.0/../../../../arm-none-eabi/lib/thumb\libg.a(libc_a-ungetc.o)
                0x0200a17c                __submore
 .text.__utf8_mbtowc
                0x0200a1f8      0x24c D:/devkitPro/devkitARM/bin/../lib/gcc/arm-none-eabi/16.1.0/../../../../arm-none-eabi/lib/thumb\libg.a(libc_a-mbtowc_r.o)
                0x0200a1f8                __utf8_mbtowc
 .text._mbrtowc_r
                0x0200a444       0x9c D:/devkitPro/devkitARM/bin/../lib/gcc/arm-none-eabi/16.1.0/../../../../arm-none-eabi/lib/thumb\libg.a(libc_a-mbrtowc.o)
                0x0200a444                _mbrtowc_r
 .text.__sfvwrite_r
                0x0200a4e0      0x31c D:/devkitPro/devkitARM/bin/../lib/gcc/arm-none-eabi/16.1.0/../../../../arm-none-eabi/lib/thumb\libg.a(libc_a-fvwrite.o)
                0x0200a4e0                __sfvwrite_r
 .text.__sccl   0x0200a7fc       0xb0 D:/devkitPro/devkitARM/bin/../lib/gcc/arm-none-eabi/16.1.0/../../../../arm-none-eabi/lib/thumb\libg.a(libc_a-sccl.o)
                0x0200a7fc                __sccl
 .text._strtoll_l.isra.0
                0x0200a8ac      0x300 D:/devkitPro/devkitARM/bin/../lib/gcc/arm-none-eabi/16.1.0/../../../../arm-none-eabi/lib/thumb\libg.a(libc_a-strtoll.o)
 .text._strtoll_r
                0x0200abac       0x20 D:/devkitPro/devkitARM/bin/../lib/gcc/arm-none-eabi/16.1.0/../../../../arm-none-eabi/lib/thumb\libg.a(libc_a-strtoll.o)
                0x0200abac                _strtoll_r
 .text.iswspace_l
                0x0200abcc       0x28 D:/devkitPro/devkitARM/bin/../lib/gcc/arm-none-eabi/16.1.0/../../../../arm-none-eabi/lib/thumb\libg.a(libc_a-iswspace_l.o)
                0x0200abcc                iswspace_l
 .text.category
                0x0200abf4       0x5c D:/devkitPro/devkitARM/bin/../lib/gcc/arm-none-eabi/16.1.0/../../../../arm-none-eabi/lib/thumb\libg.a(libc_a-categories.o)
                0x0200abf4                category
 .text._exit    0x0200ac50       0x14 D:/devkitPro/devkitARM/bin/../lib/gcc/arm-none-eabi/16.1.0/../../../../arm-none-eabi/lib/thumb\libsysbase.a(libsysbase_libsysbase_a-_exit.o)
                0x0200ac50                _exit
 .text._fstat_r
                0x0200ac64       0x5c D:/devkitPro/devkitARM/bin/../lib/gcc/arm-none-eabi/16.1.0/../../../../arm-none-eabi/lib/thumb\libsysbase.a(libsysbase_libsysbase_a-fstat.o)
                0x0200ac64                _fstat_r
 .text.__getreent
                0x0200acc0       0x20 D:/devkitPro/devkitARM/bin/../lib/gcc/arm-none-eabi/16.1.0/../../../../arm-none-eabi/lib/thumb\libsysbase.a(libsysbase_libsysbase_a-getreent.o)
                0x0200acc0                __getreent
 .text.__get_handle
                0x0200ace0       0x34 D:/devkitPro/devkitARM/bin/../lib/gcc/arm-none-eabi/16.1.0/../../../../arm-none-eabi/lib/thumb\libsysbase.a(libsysbase_libsysbase_a-handle_manager.o)
                0x0200ace0                __get_handle
 .text._close_r
                0x0200ad14       0xb0 D:/devkitPro/devkitARM/bin/../lib/gcc/arm-none-eabi/16.1.0/../../../../arm-none-eabi/lib/thumb\libsysbase.a(libsysbase_libsysbase_a-handle_manager.o)
                0x0200ad14                _close_r
 .text.null_write
                0x0200adc4        0x4 D:/devkitPro/devkitARM/bin/../lib/gcc/arm-none-eabi/16.1.0/../../../../arm-none-eabi/lib/thumb\libsysbase.a(libsysbase_libsysbase_a-iosupport.o)
 .text._isatty_r
                0x0200adc8        0x4 D:/devkitPro/devkitARM/bin/../lib/gcc/arm-none-eabi/16.1.0/../../../../arm-none-eabi/lib/thumb\libsysbase.a(libsysbase_libsysbase_a-isatty.o)
                0x0200adc8                _isatty_r
 .text._lseek_r
                0x0200adcc       0x64 D:/devkitPro/devkitARM/bin/../lib/gcc/arm-none-eabi/16.1.0/../../../../arm-none-eabi/lib/thumb\libsysbase.a(libsysbase_libsysbase_a-lseek.o)
                0x0200adcc                _lseek_r
 .text._read_r  0x0200ae30       0x5c D:/devkitPro/devkitARM/bin/../lib/gcc/arm-none-eabi/16.1.0/../../../../arm-none-eabi/lib/thumb\libsysbase.a(libsysbase_libsysbase_a-read.o)
                0x0200ae30                _read_r
 .text._sbrk_r  0x0200ae8c       0x50 D:/devkitPro/devkitARM/bin/../lib/gcc/arm-none-eabi/16.1.0/../../../../arm-none-eabi/lib/thumb\libsysbase.a(libsysbase_libsysbase_a-sbrk.o)
                0x0200ae8c                _sbrk_r
 .text.__libc_lock_acquire
                0x0200aedc       0x18 D:/devkitPro/devkitARM/bin/../lib/gcc/arm-none-eabi/16.1.0/../../../../arm-none-eabi/lib/thumb\libsysbase.a(libsysbase_libsysbase_a-syscall_support.o)
                0x0200aedc                __libc_lock_acquire
 .text.__libc_lock_release
                0x0200aef4       0x18 D:/devkitPro/devkitARM/bin/../lib/gcc/arm-none-eabi/16.1.0/../../../../arm-none-eabi/lib/thumb\libsysbase.a(libsysbase_libsysbase_a-syscall_support.o)
                0x0200aef4                __libc_lock_release
 .text.__libc_lock_acquire_recursive
                0x0200af0c       0x18 D:/devkitPro/devkitARM/bin/../lib/gcc/arm-none-eabi/16.1.0/../../../../arm-none-eabi/lib/thumb\libsysbase.a(libsysbase_libsysbase_a-syscall_support.o)
                0x0200af0c                __libc_lock_acquire_recursive
 .text.__libc_lock_release_recursive
                0x0200af24       0x18 D:/devkitPro/devkitARM/bin/../lib/gcc/arm-none-eabi/16.1.0/../../../../arm-none-eabi/lib/thumb\libsysbase.a(libsysbase_libsysbase_a-syscall_support.o)
                0x0200af24                __libc_lock_release_recursive
 .text._write_r
                0x0200af3c       0x5c D:/devkitPro/devkitARM/bin/../lib/gcc/arm-none-eabi/16.1.0/../../../../arm-none-eabi/lib/thumb\libsysbase.a(libsysbase_libsysbase_a-write.o)
                0x0200af3c                _write_r
 .text          0x0200af98       0x14 D:/devkitPro/devkitARM/bin/../lib/gcc/arm-none-eabi/16.1.0/thumb\libgcc.a(_thumb1_case_uqi.o)
                0x0200af98                __gnu_thumb1_case_uqi
 .text          0x0200afac       0x14 D:/devkitPro/devkitARM/bin/../lib/gcc/arm-none-eabi/16.1.0/thumb\libgcc.a(_thumb1_case_uhi.o)
                0x0200afac                __gnu_thumb1_case_uhi
 .text          0x0200afc0      0x11c D:/devkitPro/devkitARM/bin/../lib/gcc/arm-none-eabi/16.1.0/thumb\libgcc.a(_udivsi3.o)
                0x0200afc0                __aeabi_uidiv
                0x0200afc0                __udivsi3
                0x0200b0bc                __aeabi_uidivmod
 .text.__muldi3
                0x0200b0dc       0x58 D:/devkitPro/devkitARM/bin/../lib/gcc/arm-none-eabi/16.1.0/thumb\libgcc.a(_muldi3.o)
                0x0200b0dc                __muldi3
                0x0200b0dc                __aeabi_lmul
 EXCLUDE_FILE(*.twl.*) *(.glue_7t .glue_7 .vfp11_veneer .v4_bx)
 .glue_7        0x0200b134        0x0 linker stubs
 .glue_7t       0x0200b134        0x0 linker stubs
 .vfp11_veneer  0x0200b134        0x0 linker stubs
 .v4_bx         0x0200b134        0x0 linker stubs
 *(SORT_NONE(.fini))
 .fini          0x0200b134        0x4 D:/devkitPro/devkitARM/bin/../lib/gcc/arm-none-eabi/16.1.0/thumb/crti.o
                0x0200b134                _fini
 .fini          0x0200b138        0x8 D:/devkitPro/devkitARM/bin/../lib/gcc/arm-none-eabi/16.1.0/thumb/crtn.o
 .fini.__stub   0x0200b140       0x10 linker stubs
 EXCLUDE_FILE(*.twl.*) *(.rodata .rodata.* .gnu.linkonce.r.*)
 .rodata        0x0200b150      0x300 bird.o
                0x0200b150                birdTiles
                0x0200b250                birdPal
 .rodata        0x0200b450      0xe40 cage_bg.o
                0x0200b450                cage_bgTiles
                0x0200b890                cage_bgMap
                0x0200c090                cage_bgPal
 .rodata.main.str1.4
                0x0200c290      0x160 main.o
                                 0x86 (size before relaxing)
 .rodata.__sassert.str1.4
                0x0200c3f0        0x0 D:/devkitPro/libnds/lib\libnds9.a(sassert.o)
                                 0x42 (size before relaxing)
 .rodata.SIN_LUT
                0x0200c3f0      0x102 D:/devkitPro/libnds/lib\libnds9.a(trig.o)
                0x0200c3f0                SIN_LUT
 .rodata.con_write.str1.4
                0x0200c4f2        0x0 D:/devkitPro/libnds/lib\libnds9.a(console.o)
                                 0x30 (size before relaxing)
 *fill*         0x0200c4f2        0x2 ff
 .rodata.con_write
                0x0200c4f4       0xd4 D:/devkitPro/libnds/lib\libnds9.a(console.o)
 .rodata.str1.4
                0x0200c5c8        0x0 D:/devkitPro/libnds/lib\libnds9.a(console.o)
                                 0x14 (size before relaxing)
 .rodata.dotab_stdout
                0x0200c5c8       0x80 D:/devkitPro/libnds/lib\libnds9.a(console.o)
 .rodata.default_font_bin
                0x0200c648      0x800 D:/devkitPro/libnds/lib\libnds9.a(default_font.bin.o)
                0x0200c648                default_font_bin
                0x0200ce48                default_font_bin_end
 .rodata._vfiprintf_r.str1.1
                0x0200ce48       0x29 D:/devkitPro/devkitARM/bin/../lib/gcc/arm-none-eabi/16.1.0/../../../../arm-none-eabi/lib/thumb\libg.a(libc_a-vfiprintf.o)
 *fill*         0x0200ce71        0x3 ff
 .rodata.zeroes.0
                0x0200ce74       0x10 D:/devkitPro/devkitARM/bin/../lib/gcc/arm-none-eabi/16.1.0/../../../../arm-none-eabi/lib/thumb\libg.a(libc_a-vfiprintf.o)
 .rodata.blanks.1
                0x0200ce84       0x10 D:/devkitPro/devkitARM/bin/../lib/gcc/arm-none-eabi/16.1.0/../../../../arm-none-eabi/lib/thumb\libg.a(libc_a-vfiprintf.o)
 .rodata.__action_table
                0x0200ce94       0x6c D:/devkitPro/devkitARM/bin/../lib/gcc/arm-none-eabi/16.1.0/../../../../arm-none-eabi/lib/thumb\libg.a(libc_a-svfiprintf.o)
                0x0200ce94                __action_table
 .rodata.__state_table
                0x0200cf00       0x6c D:/devkitPro/devkitARM/bin/../lib/gcc/arm-none-eabi/16.1.0/../../../../arm-none-eabi/lib/thumb\libg.a(libc_a-svfiprintf.o)
                0x0200cf00                __state_table
 .rodata.__chclass
                0x0200cf6c      0x100 D:/devkitPro/devkitARM/bin/../lib/gcc/arm-none-eabi/16.1.0/../../../../arm-none-eabi/lib/thumb\libg.a(libc_a-svfiprintf.o)
                0x0200cf6c                __chclass
 .rodata.str1.4
                0x0200d06c        0x0 D:/devkitPro/devkitARM/bin/../lib/gcc/arm-none-eabi/16.1.0/../../../../arm-none-eabi/lib/thumb\libg.a(libc_a-locale.o)
                                 0x4c (size before relaxing)
 .rodata.basefix.0
                0x0200d06c       0x22 D:/devkitPro/devkitARM/bin/../lib/gcc/arm-none-eabi/16.1.0/../../../../arm-none-eabi/lib/thumb\libg.a(libc_a-svfiscanf.o)
 *fill*         0x0200d08e        0x2 ff
 .rodata._ctype_
                0x0200d090      0x101 D:/devkitPro/devkitARM/bin/../lib/gcc/arm-none-eabi/16.1.0/../../../../arm-none-eabi/lib/thumb\libg.a(libc_a-ctype_.o)
                0x0200d090                _ctype_
 .rodata._mbrtowc_r.str1.4
                0x0200d191        0x0 D:/devkitPro/devkitARM/bin/../lib/gcc/arm-none-eabi/16.1.0/../../../../arm-none-eabi/lib/thumb\libg.a(libc_a-mbrtowc.o)
                                  0x1 (size before relaxing)
 *fill*         0x0200d191        0x3 ff
 .rodata.categories
                0x0200d194     0x37f8 D:/devkitPro/devkitARM/bin/../lib/gcc/arm-none-eabi/16.1.0/../../../../arm-none-eabi/lib/thumb\libg.a(libc_a-categories.o)
 .rodata.str1.4
                0x0201098c        0x0 D:/devkitPro/devkitARM/bin/../lib/gcc/arm-none-eabi/16.1.0/../../../../arm-none-eabi/lib/thumb\libsysbase.a(libsysbase_libsysbase_a-iosupport.o)
                                  0x8 (size before relaxing)
 .rodata.dotab_stdnull
                0x0201098c       0x80 D:/devkitPro/devkitARM/bin/../lib/gcc/arm-none-eabi/16.1.0/../../../../arm-none-eabi/lib/thumb\libsysbase.a(libsysbase_libsysbase_a-iosupport.o)
                0x0201098c                dotab_stdnull
 EXCLUDE_FILE(*.twl.*) *(.rodata1)
                0x02010a0c                        . = ALIGN (0x4)

.main.rw        0x02010a10     0x1a08 load address 0x02014a28
 EXCLUDE_FILE(*.twl.*) *(.data .data.* .gnu.linkonce.d.*)
 .data.bgTransform
                0x02010a10       0x20 D:/devkitPro/libnds/lib\libnds9.a(background.o)
                0x02010a10                bgTransform
 .data.bgScrollTable
                0x02010a30       0x20 D:/devkitPro/libnds/lib\libnds9.a(background.o)
                0x02010a30                bgScrollTable
 .data.bgControl
                0x02010a50       0x20 D:/devkitPro/libnds/lib\libnds9.a(background.o)
                0x02010a50                bgControl
 .data.count    0x02010a70        0x1 D:/devkitPro/libnds/lib\libnds9.a(keys.o)
 .data.repeat   0x02010a71        0x1 D:/devkitPro/libnds/lib\libnds9.a(keys.o)
 .data.delay    0x02010a72        0x1 D:/devkitPro/libnds/lib\libnds9.a(keys.o)
 *fill*         0x02010a73        0x1 ff
 .data.oamMain  0x02010a74       0x18 D:/devkitPro/libnds/lib\libnds9.a(sprite.o)
                0x02010a74                oamMain
 .data.firstConsoleInit.0
                0x02010a8c        0x1 D:/devkitPro/libnds/lib\libnds9.a(console.o)
 *fill*         0x02010a8d        0x3 ff
 .data.currentConsole
                0x02010a90        0x4 D:/devkitPro/libnds/lib\libnds9.a(console.o)
                0x02010a90                currentConsole
 .data.defaultConsole
                0x02010a94       0x5c D:/devkitPro/libnds/lib\libnds9.a(console.o)
                0x02010a94                defaultConsole
 .data.__malloc_sbrk_base
                0x02010af0        0x4 D:/devkitPro/devkitARM/bin/../lib/gcc/arm-none-eabi/16.1.0/../../../../arm-none-eabi/lib/thumb\libg.a(libc_a-mallocr.o)
                0x02010af0                __malloc_sbrk_base
 .data.__malloc_trim_threshold
                0x02010af4        0x4 D:/devkitPro/devkitARM/bin/../lib/gcc/arm-none-eabi/16.1.0/../../../../arm-none-eabi/lib/thumb\libg.a(libc_a-mallocr.o)
                0x02010af4                __malloc_trim_threshold
 .data.__malloc_av_
                0x02010af8      0x408 D:/devkitPro/devkitARM/bin/../lib/gcc/arm-none-eabi/16.1.0/../../../../arm-none-eabi/lib/thumb\libg.a(libc_a-mallocr.o)
                0x02010af8                __malloc_av_
 .data.__sglue  0x02010f00        0xc D:/devkitPro/devkitARM/bin/../lib/gcc/arm-none-eabi/16.1.0/../../../../arm-none-eabi/lib/thumb\libg.a(libc_a-findfp.o)
                0x02010f00                __sglue
 .data._impure_ptr
                0x02010f0c        0x4 D:/devkitPro/devkitARM/bin/../lib/gcc/arm-none-eabi/16.1.0/../../../../arm-none-eabi/lib/thumb\libg.a(libc_a-impure.o)
                0x02010f0c                _impure_ptr
 .data._impure_data
                0x02010f10      0x200 D:/devkitPro/devkitARM/bin/../lib/gcc/arm-none-eabi/16.1.0/../../../../arm-none-eabi/lib/thumb\libg.a(libc_a-impure.o)
                0x02010f10                _impure_data
 .data.__global_locale
                0x02011110      0x254 D:/devkitPro/devkitARM/bin/../lib/gcc/arm-none-eabi/16.1.0/../../../../arm-none-eabi/lib/thumb\libg.a(libc_a-locale.o)
                0x02011110                __global_locale
 *fill*         0x02011364        0x4 ff
 .data.handles  0x02011368     0x1000 D:/devkitPro/devkitARM/bin/../lib/gcc/arm-none-eabi/16.1.0/../../../../arm-none-eabi/lib/thumb\libsysbase.a(libsysbase_libsysbase_a-handle_manager.o)
 .data.__stderr_handle
                0x02012368        0xc D:/devkitPro/devkitARM/bin/../lib/gcc/arm-none-eabi/16.1.0/../../../../arm-none-eabi/lib/thumb\libsysbase.a(libsysbase_libsysbase_a-handle_manager.o)
 .data.__stdout_handle
                0x02012374        0xc D:/devkitPro/devkitARM/bin/../lib/gcc/arm-none-eabi/16.1.0/../../../../arm-none-eabi/lib/thumb\libsysbase.a(libsysbase_libsysbase_a-handle_manager.o)
 .data.__stdin_handle
                0x02012380        0xc D:/devkitPro/devkitARM/bin/../lib/gcc/arm-none-eabi/16.1.0/../../../../arm-none-eabi/lib/thumb\libsysbase.a(libsysbase_libsysbase_a-handle_manager.o)
 .data.devoptab_list
                0x0201238c       0x8c D:/devkitPro/devkitARM/bin/../lib/gcc/arm-none-eabi/16.1.0/../../../../arm-none-eabi/lib/thumb\libsysbase.a(libsysbase_libsysbase_a-iosupport.o)
                0x0201238c                devoptab_list
 EXCLUDE_FILE(*.twl.*) *(.data1)
 EXCLUDE_FILE(*.twl.*) *(.igot.plt)
 .igot.plt      0x02012418        0x0 D:/devkitPro/devkitARM/bin/../lib/gcc/arm-none-eabi/16.1.0/thumb/crtbegin.o
                0x02012418                        . = ALIGN (0x4)

.ARM.extab
 *(.ARM.extab* .gnu.linkonce.armextab.*)

.ARM.exidx      0x02012418        0x0 load address 0x02016430
 *(.ARM.exidx* .gnu.linkonce.armexidx.*)
                [!provide]                        PROVIDE (__exidx_start = ADDR (.ARM.exidx))
                [!provide]                        PROVIDE (__exidx_end = (ADDR (.ARM.exidx) + SIZEOF (.ARM.exidx)))

.eh_frame_hdr
 *(.eh_frame_hdr)
 *(.eh_frame_entry .eh_frame_entry.*)

.eh_frame       0x02012418        0x4 load address 0x02016430
 *(.eh_frame)
 .eh_frame      0x02012418        0x0 D:/devkitPro/devkitARM/bin/../lib/gcc/arm-none-eabi/16.1.0/thumb/crtbegin.o
 .eh_frame      0x02012418        0x4 D:/devkitPro/devkitARM/bin/../lib/gcc/arm-none-eabi/16.1.0/thumb/crtend.o
 *(.eh_frame.*)

.gcc_except_table
 *(.gcc_except_table .gcc_except_table.*)

.gnu_extab
 *(.gnu_extab*)

.tinfo          0x0201241c        0xc load address 0x02016434
                0x0201241c        0x4 LONG 0x2012430 __tls_start
                0x02012420        0x4 LONG 0x0 SIZEOF (.main.tls)
                0x02012424        0x4 LONG 0x0 SIZEOF (.tdata)
                0x0201241c                        PROVIDE (__tls_info = ADDR (.tinfo))

.preinit_array  0x02012428        0x0 load address 0x02016440
                0x02012428                        PROVIDE (__preinit_array_start = .)
 *(.preinit_array)
                0x02012428                        PROVIDE (__preinit_array_end = .)

.init_array     0x02012428        0x4 load address 0x02016440
                0x02012428                        PROVIDE (__init_array_start = .)
 *(SORT_BY_INIT_PRIORITY(.init_array.*) SORT_BY_INIT_PRIORITY(.ctors.*))
 *(.init_array .ctors)
 .init_array    0x02012428        0x4 D:/devkitPro/devkitARM/bin/../lib/gcc/arm-none-eabi/16.1.0/thumb/crtbegin.o
                0x0201242c                        PROVIDE (__init_array_end = .)

.fini_array     0x0201242c        0x4 load address 0x02016444
                0x0201242c                        PROVIDE (__fini_array_start = .)
 *(SORT_BY_INIT_PRIORITY(.fini_array.*) SORT_BY_INIT_PRIORITY(.dtors.*))
 *(.fini_array .dtors)
 .fini_array    0x0201242c        0x4 D:/devkitPro/devkitARM/bin/../lib/gcc/arm-none-eabi/16.1.0/thumb/crtbegin.o
                0x02012430                        PROVIDE (__fini_array_end = .)
                [!provide]                        PROVIDE (__main_lma = LOADADDR (.main))
                0x020013c0                        PROVIDE (__main_start = ADDR (.main))
                0x02012430                        PROVIDE (__main_end = (ADDR (.fini_array) + SIZEOF (.fini_array)))

.tdata          0x00000000        0x0 load address 0x02016448
 *(.tdata .tdata.* .gnu.linkonce.td.*)
                0x00000000                        . = ALIGN (0x4)

.tbss           0x00000000        0x0 load address 0x02016448
 *(.tbss .tbss.* .gnu.linkonce.tb.*)
 *(.tcommon)
                0x00000000                        . = ALIGN (0x4)
                0x00000001                        ASSERT (((ALIGNOF (.tdata) <= 0x8) || (ALIGNOF (.tbss) <= 0x8)), Error: TLS is overaligned (up to 8-byte alignment is supported))
                0x00000001                        ASSERT (((ADDR (.tbss) + SIZEOF (.tbss)) <= (ORIGIN (tls) + LENGTH (tls))), Error: TLS section too large)

.main.tls       0x02012430        0x0
                0x02012430                        . = (. + ((ADDR (.tbss) + SIZEOF (.tbss)) - ADDR (.tdata)))
                [!provide]                        PROVIDE (__tls_lma = LOADADDR (.tdata))
                0x02012430                        PROVIDE (__tls_start = ADDR (.main.tls))
                0x02012430                        PROVIDE (__tls_end = (ADDR (.main.tls) + SIZEOF (.tdata)))

.main.bss       0x02012430      0xd20
 EXCLUDE_FILE(*.twl.*) *(.dynbss)
 EXCLUDE_FILE(*.twl.*) *(.bss .bss.* .gnu.linkonce.b.*)
 .bss.completed.1
                0x02012430        0x1 D:/devkitPro/devkitARM/bin/../lib/gcc/arm-none-eabi/16.1.0/thumb/crtbegin.o
 *fill*         0x02012431        0x3 
 .bss.object.0  0x02012434       0x18 D:/devkitPro/devkitARM/bin/../lib/gcc/arm-none-eabi/16.1.0/thumb/crtbegin.o
 .bss.bgIsTextLut
                0x0201244c        0x8 D:/devkitPro/libnds/lib\libnds9.a(background.o)
                0x0201244c                bgIsTextLut
 .bss.bgState   0x02012454      0x140 D:/devkitPro/libnds/lib\libnds9.a(background.o)
                0x02012454                bgState
 .bss.keysrepeat
                0x02012594        0x2 D:/devkitPro/libnds/lib\libnds9.a(keys.o)
 *fill*         0x02012596        0x2 
 .bss.s_keypad  0x02012598        0x4 D:/devkitPro/libnds/lib\libnds9.a(keys.o)
 .bss.OamMemory
                0x0201259c      0x400 D:/devkitPro/libnds/lib\libnds9.a(sprite.o)
                0x0201259c                OamMemory
 .bss.currentCopy
                0x0201299c       0x5c D:/devkitPro/libnds/lib\libnds9.a(console.o)
                0x0201299c                currentCopy
 .bss.s_sleepThreads
                0x020129f8        0x8 D:/devkitPro/calico/lib\libcalico_ds9.a(thread_cold.o)
 .bss.s_joinThreads
                0x02012a00        0x8 D:/devkitPro/calico/lib\libcalico_ds9.a(thread_cold.o)
 .bss.s_idleThread
                0x02012a08       0x70 D:/devkitPro/calico/lib\libcalico_ds9.a(thread_cold.o)
 .bss.s_mainThread
                0x02012a78       0x70 D:/devkitPro/calico/lib\libcalico_ds9.a(thread_cold.o)
 .bss.s_firstTask
                0x02012ae8        0x4 D:/devkitPro/calico/lib\libcalico_ds9.a(tick.o)
 *fill*         0x02012aec        0x4 
 .bss.s_highTickCount
                0x02012af0        0x8 D:/devkitPro/calico/lib\libcalico_ds9.a(tick.o)
 .bss.s_tickInit
                0x02012af8        0x1 D:/devkitPro/calico/lib\libcalico_ds9.a(tick.o)
 *fill*         0x02012af9        0x3 
 .bss.s_defaultErrno.0
                0x02012afc        0x4 D:/devkitPro/calico/lib\libcalico_ds9.a(newlib_syscalls.o)
 .bss.__stacksize__
                0x02012b00        0x4 D:/devkitPro/calico/lib\libcalico_ds9.a(startup.crt0.o)
                0x02012b00                __stacksize__
 .bss.g_isTwlMode
                0x02012b04        0x1 D:/devkitPro/calico/lib\libcalico_ds9.a(startup.crt0.o)
                0x02012b04                g_isTwlMode
 *fill*         0x02012b05        0x3 
 .bss.s_pxiChannels
                0x02012b08      0x1f0 D:/devkitPro/calico/lib\libcalico_ds9.a(pxi.o)
 .bss.s_pxiRecvState
                0x02012cf8        0x4 D:/devkitPro/calico/lib\libcalico_ds9.a(pxi.o)
 .bss.s_pxiRecvQueue
                0x02012cfc        0x8 D:/devkitPro/calico/lib\libcalico_ds9.a(pxi.o)
 .bss.s_pxiSendMutex
                0x02012d04        0x4 D:/devkitPro/calico/lib\libcalico_ds9.a(pxi.o)
 .bss.s_mailboxRecvQueue
                0x02012d08        0x8 D:/devkitPro/calico/lib\libcalico_ds9.a(mailbox.o)
 .bss.s_pmPxiThreadStack
                0x02012d10      0x200 D:/devkitPro/calico/lib\libcalico_ds9.a(pm.o)
 .bss.s_pmPxiThread
                0x02012f10       0x70 D:/devkitPro/calico/lib\libcalico_ds9.a(pm.o)
 .bss.s_pmState
                0x02012f80        0x8 D:/devkitPro/calico/lib\libcalico_ds9.a(pm.o)
 .bss.__malloc_current_mallinfo
                0x02012f88       0x28 D:/devkitPro/devkitARM/bin/../lib/gcc/arm-none-eabi/16.1.0/../../../../arm-none-eabi/lib/thumb\libg.a(libc_a-mallocr.o)
                0x02012f88                __malloc_current_mallinfo
 .bss.__malloc_max_total_mem
                0x02012fb0        0x4 D:/devkitPro/devkitARM/bin/../lib/gcc/arm-none-eabi/16.1.0/../../../../arm-none-eabi/lib/thumb\libg.a(libc_a-mallocr.o)
                0x02012fb0                __malloc_max_total_mem
 .bss.__malloc_max_sbrked_mem
                0x02012fb4        0x4 D:/devkitPro/devkitARM/bin/../lib/gcc/arm-none-eabi/16.1.0/../../../../arm-none-eabi/lib/thumb\libg.a(libc_a-mallocr.o)
                0x02012fb4                __malloc_max_sbrked_mem
 .bss.__malloc_top_pad
                0x02012fb8        0x4 D:/devkitPro/devkitARM/bin/../lib/gcc/arm-none-eabi/16.1.0/../../../../arm-none-eabi/lib/thumb\libg.a(libc_a-mallocr.o)
                0x02012fb8                __malloc_top_pad
 .bss.__sfp_recursive_mutex
                0x02012fbc        0xc D:/devkitPro/devkitARM/bin/../lib/gcc/arm-none-eabi/16.1.0/../../../../arm-none-eabi/lib/thumb\libg.a(libc_a-findfp.o)
 .bss.__sf      0x02012fc8      0x168 D:/devkitPro/devkitARM/bin/../lib/gcc/arm-none-eabi/16.1.0/../../../../arm-none-eabi/lib/thumb\libg.a(libc_a-findfp.o)
                0x02012fc8                __sf
 .bss.__stdio_exit_handler
                0x02013130        0x4 D:/devkitPro/devkitARM/bin/../lib/gcc/arm-none-eabi/16.1.0/../../../../arm-none-eabi/lib/thumb\libg.a(libc_a-findfp.o)
                0x02013130                __stdio_exit_handler
 .bss.__malloc_recursive_mutex
                0x02013134        0xc D:/devkitPro/devkitARM/bin/../lib/gcc/arm-none-eabi/16.1.0/../../../../arm-none-eabi/lib/thumb\libg.a(libc_a-mlock.o)
 .bss.__hndl_lock
                0x02013140        0x4 D:/devkitPro/devkitARM/bin/../lib/gcc/arm-none-eabi/16.1.0/../../../../arm-none-eabi/lib/thumb\libsysbase.a(libsysbase_libsysbase_a-handle_manager.o)
 .bss.fake_heap_start
                0x02013144        0x4 D:/devkitPro/devkitARM/bin/../lib/gcc/arm-none-eabi/16.1.0/../../../../arm-none-eabi/lib/thumb\libsysbase.a(libsysbase_libsysbase_a-malloc_vars.o)
                0x02013144                fake_heap_start
 .bss.fake_heap_end
                0x02013148        0x4 D:/devkitPro/devkitARM/bin/../lib/gcc/arm-none-eabi/16.1.0/../../../../arm-none-eabi/lib/thumb\libsysbase.a(libsysbase_libsysbase_a-malloc_vars.o)
                0x02013148                fake_heap_end
 .bss.heap_start.0
                0x0201314c        0x4 D:/devkitPro/devkitARM/bin/../lib/gcc/arm-none-eabi/16.1.0/../../../../arm-none-eabi/lib/thumb\libsysbase.a(libsysbase_libsysbase_a-sbrk.o)
 EXCLUDE_FILE(*.twl.*) *(COMMON)
                0x02013150                        . = ALIGN (0x4)
                [!provide]                        PROVIDE (__main_bss_start = ADDR (.main.bss))
                0x02013150                        PROVIDE (__main_bss_end = (ADDR (.main.bss) + SIZEOF (.main.bss)))
                0x02013150                        . = .
                0x02013150                        PROVIDE (__heap_start_ntr = .)
                0x00000001                        ASSERT ((. <= 0x2380000), Error: DS-mode sections overflow DS ARM9 memory size (3.5 MB))

.twl            0x02013160        0x0 load address 0x02400000
 *(.twl .twl.*)
 *.twl.*(.text .stub .text.* .gnu.linkonce.t.*)
 *.twl.*(.glue_7t .glue_7 .vfp11_veneer .v4_bx)
 *.twl.*(.rodata .rodata.* .gnu.linkonce.r.*)
 *.twl.*(.rodata1)
                0x02013160                        . = ALIGN (0x4)

.twl.rw         0x02013160        0x0 load address 0x02400000
 *.twl.*(.data .data.* .gnu.linkonce.d.*)
 *.twl.*(.data1)
                0x02013160                        . = ALIGN (0x4)
                0x02400000                        PROVIDE (__twl_lma = LOADADDR (.twl))
                0x02013160                        PROVIDE (__twl_start = ADDR (.twl))
                0x02013160                        PROVIDE (__twl_end = (ADDR (.twl.rw) + SIZEOF (.twl.rw)))

.twl.bss        0x02013160        0x0 load address 0x02400000
 *(.twl_bss .twl_bss.*)
 *.twl.*(.dynbss)
 *.twl.*(.bss .bss.* .gnu.linkonce.b.*)
 *.twl.*(COMMON)
                0x02013160                        . = ALIGN (0x4)
                [!provide]                        PROVIDE (__twl_bss_start = ADDR (.twl.bss))
                0x02013160                        PROVIDE (__twl_bss_end = (ADDR (.twl.bss) + SIZEOF (.twl.bss)))
                0x02013160                        . = .
                0x02013160                        PROVIDE (__heap_start_twl = .)

.loadlist       0x0e000998       0x30 load address 0x02016448
                0x0e000998        0x4 LONG 0x1ff8000 __itcm_start
                0x0e00099c        0x4 LONG 0x1ff8680 __itcm_end
                0x0e0009a0        0x4 LONG 0x1ff8680 __itcm_end
                0x0e0009a4        0x4 LONG 0x2ff0000 __dtcm_start
                0x0e0009a8        0x4 LONG 0x2ff0000 __dtcm_end
                0x0e0009ac        0x4 LONG 0x2ff0098 __dtcm_bss_end
                0x0e0009b0        0x4 LONG 0x20013c0 __main_start
                0x0e0009b4        0x4 LONG 0x2012430 __main_end
                0x0e0009b8        0x4 LONG 0x2012430 __main_end
                0x0e0009bc        0x4 LONG 0x2012430 __tls_start
                0x0e0009c0        0x4 LONG 0x2012430 __tls_end
                0x0e0009c4        0x4 LONG 0x2013150 __main_bss_end
                0x02004d58                        PROVIDE (__loadlist_lma = __itcm_lma)
                0x02016448                        PROVIDE (__loadlist_start = LOADADDR (.loadlist))
                0x02016478                        PROVIDE (__loadlist_end = (LOADADDR (.loadlist) + SIZEOF (.loadlist)))

.twl.loadlist   0x0e0009c8        0xc load address 0x02400000
                0x0e0009c8        0x4 LONG 0x2013160 __twl_start
                0x0e0009cc        0x4 LONG 0x2013160 __twl_end
                0x0e0009d0        0x4 LONG 0x2013160 __twl_bss_end
                0x02400000                        PROVIDE (__twl_loadlist_lma = __twl_lma)
                0x02400000                        PROVIDE (__twl_loadlist_start = LOADADDR (.twl.loadlist))
                0x0240000c                        PROVIDE (__twl_loadlist_end = (LOADADDR (.twl.loadlist) + SIZEOF (.twl.loadlist)))

.rel.dyn        0x0e0009d4        0x0 load address 0x0240000c
 .rel.iplt      0x0e0009d4        0x0 D:/devkitPro/devkitARM/bin/../lib/gcc/arm-none-eabi/16.1.0/thumb/crtbegin.o

.stab
 *(.stab)

.stabstr
 *(.stabstr)

.stab.excl
 *(.stab.excl)

.stab.exclstr
 *(.stab.exclstr)

.stab.index
 *(.stab.index)

.stab.indexstr
 *(.stab.indexstr)

.comment        0x00000000       0x30
 *(.comment)
 .comment       0x00000000       0x30 D:/devkitPro/devkitARM/bin/../lib/gcc/arm-none-eabi/16.1.0/thumb/crtbegin.o
                                 0x19 (size before relaxing)
 .comment       0x00000030        0x0 main.o
                                 0x19 (size before relaxing)
 .comment       0x00000030        0x0 D:/devkitPro/libnds/lib\libnds9.a(background.o)
                                 0x19 (size before relaxing)
 .comment       0x00000030        0x0 D:/devkitPro/libnds/lib\libnds9.a(keys.o)
                                 0x19 (size before relaxing)
 .comment       0x00000030        0x0 D:/devkitPro/libnds/lib\libnds9.a(sassert.o)
                                 0x19 (size before relaxing)
 .comment       0x00000030        0x0 D:/devkitPro/libnds/lib\libnds9.a(sprite_alloc.o)
                                 0x19 (size before relaxing)
 .comment       0x00000030        0x0 D:/devkitPro/libnds/lib\libnds9.a(sprite.o)
                                 0x19 (size before relaxing)
 .comment       0x00000030        0x0 D:/devkitPro/libnds/lib\libnds9.a(trig.o)
                                 0x19 (size before relaxing)
 .comment       0x00000030        0x0 D:/devkitPro/libnds/lib\libnds9.a(console.o)
                                 0x19 (size before relaxing)
 .comment       0x00000030        0x0 D:/devkitPro/calico/lib\libcalico_ds9.a(thread_cold.o)
                                 0x19 (size before relaxing)
 .comment       0x00000030        0x0 D:/devkitPro/calico/lib\libcalico_ds9.a(thread_hot.32.o)
                                 0x19 (size before relaxing)
 .comment       0x00000030        0x0 D:/devkitPro/calico/lib\libcalico_ds9.a(mutex.o)
                                 0x19 (size before relaxing)
 .comment       0x00000030        0x0 D:/devkitPro/calico/lib\libcalico_ds9.a(arm-shims.32.o)
                                 0x19 (size before relaxing)
 .comment       0x00000030        0x0 D:/devkitPro/calico/lib\libcalico_ds9.a(keypad.o)
                                 0x19 (size before relaxing)
 .comment       0x00000030        0x0 D:/devkitPro/calico/lib\libcalico_ds9.a(touch.o)
                                 0x19 (size before relaxing)
 .comment       0x00000030        0x0 D:/devkitPro/calico/lib\libcalico_ds9.a(tick.o)
                                 0x19 (size before relaxing)
 .comment       0x00000030        0x0 D:/devkitPro/calico/lib\libcalico_ds9.a(newlib_syscalls.o)
                                 0x19 (size before relaxing)
 .comment       0x00000030        0x0 D:/devkitPro/calico/lib\libcalico_ds9.a(startup.crt0.o)
                                 0x19 (size before relaxing)
 .comment       0x00000030        0x0 D:/devkitPro/calico/lib\libcalico_ds9.a(pxi.o)
                                 0x19 (size before relaxing)
 .comment       0x00000030        0x0 D:/devkitPro/calico/lib\libcalico_ds9.a(sys_startup.o)
                                 0x19 (size before relaxing)
 .comment       0x00000030        0x0 D:/devkitPro/calico/lib\libcalico_ds9.a(irq.o)
                                 0x19 (size before relaxing)
 .comment       0x00000030        0x0 D:/devkitPro/calico/lib\libcalico_ds9.a(mailbox.o)
                                 0x19 (size before relaxing)
 .comment       0x00000030        0x0 D:/devkitPro/calico/lib\libcalico_ds9.a(pm.o)
                                 0x19 (size before relaxing)
 .comment       0x00000030        0x0 D:/devkitPro/devkitARM/bin/../lib/gcc/arm-none-eabi/16.1.0/thumb\libgcc.a(_udivmoddi4.o)
                                 0x19 (size before relaxing)
 .comment       0x00000030        0x0 D:/devkitPro/devkitARM/bin/../lib/gcc/arm-none-eabi/16.1.0/thumb\libgcc.a(_muldi3.o)
                                 0x19 (size before relaxing)
 .comment       0x00000030        0x0 D:/devkitPro/devkitARM/bin/../lib/gcc/arm-none-eabi/16.1.0/thumb/crtend.o
                                 0x19 (size before relaxing)

.gnu.build.attributes
 *(.gnu.build.attributes .gnu.build.attributes.*)

.debug
 *(.debug)

.line
 *(.line)

.debug_srcinfo
 *(.debug_srcinfo)

.debug_sfnames
 *(.debug_sfnames)

.debug_aranges  0x00000000      0x960
 *(.debug_aranges)
 .debug_aranges
                0x00000000       0x20 main.o
 .debug_aranges
                0x00000020       0x40 D:/devkitPro/libnds/lib\libnds9.a(background.o)
 .debug_aranges
                0x00000060       0x50 D:/devkitPro/libnds/lib\libnds9.a(keys.o)
 .debug_aranges
                0x000000b0       0x20 D:/devkitPro/libnds/lib\libnds9.a(sassert.o)
 .debug_aranges
                0x000000d0       0x38 D:/devkitPro/libnds/lib\libnds9.a(sprite_alloc.o)
 .debug_aranges
                0x00000108       0x60 D:/devkitPro/libnds/lib\libnds9.a(sprite.o)
 .debug_aranges
                0x00000168       0x60 D:/devkitPro/libnds/lib\libnds9.a(trig.o)
 .debug_aranges
                0x000001c8       0x80 D:/devkitPro/libnds/lib\libnds9.a(console.o)
 .debug_aranges
                0x00000248       0x90 D:/devkitPro/calico/lib\libcalico_ds9.a(thread_cold.o)
 .debug_aranges
                0x000002d8       0x50 D:/devkitPro/calico/lib\libcalico_ds9.a(thread_hot.32.o)
 .debug_aranges
                0x00000328       0x58 D:/devkitPro/calico/lib\libcalico_ds9.a(mutex.o)
 .debug_aranges
                0x00000380       0x28 D:/devkitPro/calico/lib\libcalico_ds9.a(arm-context.32.o)
 .debug_aranges
                0x000003a8       0x70 D:/devkitPro/calico/lib\libcalico_ds9.a(arm-shims.32.o)
 .debug_aranges
                0x00000418       0x48 D:/devkitPro/calico/lib\libcalico_ds9.a(arm-cache.32.o)
 .debug_aranges
                0x00000460       0x20 D:/devkitPro/calico/lib\libcalico_ds9.a(keypad.o)
 .debug_aranges
                0x00000480       0x38 D:/devkitPro/calico/lib\libcalico_ds9.a(bootstub_arm9.o)
 .debug_aranges
                0x000004b8       0x20 D:/devkitPro/calico/lib\libcalico_ds9.a(excpt_handler.32.o)
 .debug_aranges
                0x000004d8       0x20 D:/devkitPro/calico/lib\libcalico_ds9.a(touch.o)
 .debug_aranges
                0x000004f8       0x50 D:/devkitPro/calico/lib\libcalico_ds9.a(tick.o)
 .debug_aranges
                0x00000548       0xb8 D:/devkitPro/calico/lib\libcalico_ds9.a(newlib_syscalls.o)
 .debug_aranges
                0x00000600       0x28 D:/devkitPro/calico/lib\libcalico_ds9.a(startup.crt0.o)
 .debug_aranges
                0x00000628       0x28 D:/devkitPro/calico/lib\libcalico_ds9.a(utils.crt0.o)
 .debug_aranges
                0x00000650       0x20 D:/devkitPro/calico/lib\libcalico_ds9.a(irq_handler.32.o)
 .debug_aranges
                0x00000670       0x78 D:/devkitPro/calico/lib\libcalico_ds9.a(pxi.o)
 .debug_aranges
                0x000006e8       0x20 D:/devkitPro/calico/lib\libcalico_ds9.a(mpu_setup.crt0.o)
 .debug_aranges
                0x00000708       0x28 D:/devkitPro/calico/lib\libcalico_ds9.a(sys_startup.o)
 .debug_aranges
                0x00000730       0x20 D:/devkitPro/calico/lib\libcalico_ds9.a(irq.o)
 .debug_aranges
                0x00000750       0x30 D:/devkitPro/calico/lib\libcalico_ds9.a(mailbox.o)
 .debug_aranges
                0x00000780       0xa0 D:/devkitPro/calico/lib\libcalico_ds9.a(pm.o)
 .debug_aranges
                0x00000820       0x20 D:/devkitPro/devkitARM/bin/../lib/gcc/arm-none-eabi/16.1.0/thumb\libgcc.a(_divsi3.o)
 .debug_aranges
                0x00000840       0x20 D:/devkitPro/devkitARM/bin/../lib/gcc/arm-none-eabi/16.1.0/thumb\libgcc.a(_dvmd_tls.o)
 .debug_aranges
                0x00000860       0x20 D:/devkitPro/devkitARM/bin/../lib/gcc/arm-none-eabi/16.1.0/thumb\libgcc.a(_aeabi_uldivmod.o)
 .debug_aranges
                0x00000880       0x20 D:/devkitPro/devkitARM/bin/../lib/gcc/arm-none-eabi/16.1.0/thumb\libgcc.a(_udivmoddi4.o)
 .debug_aranges
                0x000008a0       0x20 D:/devkitPro/devkitARM/bin/../lib/gcc/arm-none-eabi/16.1.0/thumb\libgcc.a(_clzdi2.o)
 .debug_aranges
                0x000008c0       0x20 D:/devkitPro/devkitARM/bin/../lib/gcc/arm-none-eabi/16.1.0/thumb\libgcc.a(_clzsi2.o)
 .debug_aranges
                0x000008e0       0x20 D:/devkitPro/devkitARM/bin/../lib/gcc/arm-none-eabi/16.1.0/thumb\libgcc.a(_thumb1_case_uqi.o)
 .debug_aranges
                0x00000900       0x20 D:/devkitPro/devkitARM/bin/../lib/gcc/arm-none-eabi/16.1.0/thumb\libgcc.a(_thumb1_case_uhi.o)
 .debug_aranges
                0x00000920       0x20 D:/devkitPro/devkitARM/bin/../lib/gcc/arm-none-eabi/16.1.0/thumb\libgcc.a(_udivsi3.o)
 .debug_aranges
                0x00000940       0x20 D:/devkitPro/devkitARM/bin/../lib/gcc/arm-none-eabi/16.1.0/thumb\libgcc.a(_muldi3.o)

.debug_pubnames
 *(.debug_pubnames)

.debug_info     0x00000000    0x14da7
 *(.debug_info .gnu.linkonce.wi.*)
 .debug_info    0x00000000     0x18b3 main.o
 .debug_info    0x000018b3      0xa36 D:/devkitPro/libnds/lib\libnds9.a(background.o)
 .debug_info    0x000022e9      0x48d D:/devkitPro/libnds/lib\libnds9.a(keys.o)
 .debug_info    0x00002776      0x3c5 D:/devkitPro/libnds/lib\libnds9.a(sassert.o)
 .debug_info    0x00002b3b     0x1c91 D:/devkitPro/libnds/lib\libnds9.a(sprite_alloc.o)
 .debug_info    0x000047cc     0x1433 D:/devkitPro/libnds/lib\libnds9.a(sprite.o)
 .debug_info    0x00005bff      0x77c D:/devkitPro/libnds/lib\libnds9.a(trig.o)
 .debug_info    0x0000637b     0x2bfc D:/devkitPro/libnds/lib\libnds9.a(console.o)
 .debug_info    0x00008f77     0x2067 D:/devkitPro/calico/lib\libcalico_ds9.a(thread_cold.o)
 .debug_info    0x0000afde     0x12a7 D:/devkitPro/calico/lib\libcalico_ds9.a(thread_hot.32.o)
 .debug_info    0x0000c285      0xfec D:/devkitPro/calico/lib\libcalico_ds9.a(mutex.o)
 .debug_info    0x0000d271       0x3b D:/devkitPro/calico/lib\libcalico_ds9.a(arm-context.32.o)
 .debug_info    0x0000d2ac      0x385 D:/devkitPro/calico/lib\libcalico_ds9.a(arm-shims.32.o)
 .debug_info    0x0000d631       0x67 D:/devkitPro/calico/lib\libcalico_ds9.a(arm-cache.32.o)
 .debug_info    0x0000d698      0x1c6 D:/devkitPro/calico/lib\libcalico_ds9.a(keypad.o)
 .debug_info    0x0000d85e       0x3e D:/devkitPro/calico/lib\libcalico_ds9.a(bootstub_arm9.o)
 .debug_info    0x0000d89c       0x5d D:/devkitPro/calico/lib\libcalico_ds9.a(excpt_handler.32.o)
 .debug_info    0x0000d8f9      0x26f D:/devkitPro/calico/lib\libcalico_ds9.a(touch.o)
 .debug_info    0x0000db68      0xc64 D:/devkitPro/calico/lib\libcalico_ds9.a(tick.o)
 .debug_info    0x0000e7cc     0x1754 D:/devkitPro/calico/lib\libcalico_ds9.a(newlib_syscalls.o)
 .debug_info    0x0000ff20      0x4e1 D:/devkitPro/calico/lib\libcalico_ds9.a(startup.crt0.o)
 .debug_info    0x00010401       0x3b D:/devkitPro/calico/lib\libcalico_ds9.a(utils.crt0.o)
 .debug_info    0x0001043c       0x33 D:/devkitPro/calico/lib\libcalico_ds9.a(irq_handler.32.o)
 .debug_info    0x0001046f     0x13e2 D:/devkitPro/calico/lib\libcalico_ds9.a(pxi.o)
 .debug_info    0x00011851       0x33 D:/devkitPro/calico/lib\libcalico_ds9.a(mpu_setup.crt0.o)
 .debug_info    0x00011884      0x5d5 D:/devkitPro/calico/lib\libcalico_ds9.a(sys_startup.o)
 .debug_info    0x00011e59      0x28e D:/devkitPro/calico/lib\libcalico_ds9.a(irq.o)
 .debug_info    0x000120e7      0x822 D:/devkitPro/calico/lib\libcalico_ds9.a(mailbox.o)
 .debug_info    0x00012909     0x1b2d D:/devkitPro/calico/lib\libcalico_ds9.a(pm.o)
 .debug_info    0x00014436       0x3e D:/devkitPro/devkitARM/bin/../lib/gcc/arm-none-eabi/16.1.0/thumb\libgcc.a(_divsi3.o)
 .debug_info    0x00014474       0x3c D:/devkitPro/devkitARM/bin/../lib/gcc/arm-none-eabi/16.1.0/thumb\libgcc.a(_dvmd_tls.o)
 .debug_info    0x000144b0       0x24 D:/devkitPro/devkitARM/bin/../lib/gcc/arm-none-eabi/16.1.0/thumb\libgcc.a(_aeabi_uldivmod.o)
 .debug_info    0x000144d4      0x3aa D:/devkitPro/devkitARM/bin/../lib/gcc/arm-none-eabi/16.1.0/thumb\libgcc.a(_udivmoddi4.o)
 .debug_info    0x0001487e       0x31 D:/devkitPro/devkitARM/bin/../lib/gcc/arm-none-eabi/16.1.0/thumb\libgcc.a(_clzdi2.o)
 .debug_info    0x000148af       0x31 D:/devkitPro/devkitARM/bin/../lib/gcc/arm-none-eabi/16.1.0/thumb\libgcc.a(_clzsi2.o)
 .debug_info    0x000148e0       0x31 D:/devkitPro/devkitARM/bin/../lib/gcc/arm-none-eabi/16.1.0/thumb\libgcc.a(_thumb1_case_uqi.o)
 .debug_info    0x00014911       0x31 D:/devkitPro/devkitARM/bin/../lib/gcc/arm-none-eabi/16.1.0/thumb\libgcc.a(_thumb1_case_uhi.o)
 .debug_info    0x00014942       0x3e D:/devkitPro/devkitARM/bin/../lib/gcc/arm-none-eabi/16.1.0/thumb\libgcc.a(_udivsi3.o)
 .debug_info    0x00014980      0x427 D:/devkitPro/devkitARM/bin/../lib/gcc/arm-none-eabi/16.1.0/thumb\libgcc.a(_muldi3.o)

.debug_abbrev   0x00000000     0x4daf
 *(.debug_abbrev)
 .debug_abbrev  0x00000000      0x4ef main.o
 .debug_abbrev  0x000004ef      0x364 D:/devkitPro/libnds/lib\libnds9.a(background.o)
 .debug_abbrev  0x00000853      0x273 D:/devkitPro/libnds/lib\libnds9.a(keys.o)
 .debug_abbrev  0x00000ac6      0x177 D:/devkitPro/libnds/lib\libnds9.a(sassert.o)
 .debug_abbrev  0x00000c3d      0x3bc D:/devkitPro/libnds/lib\libnds9.a(sprite_alloc.o)
 .debug_abbrev  0x00000ff9      0x468 D:/devkitPro/libnds/lib\libnds9.a(sprite.o)
 .debug_abbrev  0x00001461      0x26c D:/devkitPro/libnds/lib\libnds9.a(trig.o)
 .debug_abbrev  0x000016cd      0x637 D:/devkitPro/libnds/lib\libnds9.a(console.o)
 .debug_abbrev  0x00001d04      0x634 D:/devkitPro/calico/lib\libcalico_ds9.a(thread_cold.o)
 .debug_abbrev  0x00002338      0x373 D:/devkitPro/calico/lib\libcalico_ds9.a(thread_hot.32.o)
 .debug_abbrev  0x000026ab      0x392 D:/devkitPro/calico/lib\libcalico_ds9.a(mutex.o)
 .debug_abbrev  0x00002a3d       0x26 D:/devkitPro/calico/lib\libcalico_ds9.a(arm-context.32.o)
 .debug_abbrev  0x00002a63      0x1c3 D:/devkitPro/calico/lib\libcalico_ds9.a(arm-shims.32.o)
 .debug_abbrev  0x00002c26       0x26 D:/devkitPro/calico/lib\libcalico_ds9.a(arm-cache.32.o)
 .debug_abbrev  0x00002c4c       0xd0 D:/devkitPro/calico/lib\libcalico_ds9.a(keypad.o)
 .debug_abbrev  0x00002d1c       0x26 D:/devkitPro/calico/lib\libcalico_ds9.a(bootstub_arm9.o)
 .debug_abbrev  0x00002d42       0x26 D:/devkitPro/calico/lib\libcalico_ds9.a(excpt_handler.32.o)
 .debug_abbrev  0x00002d68      0x11a D:/devkitPro/calico/lib\libcalico_ds9.a(touch.o)
 .debug_abbrev  0x00002e82      0x329 D:/devkitPro/calico/lib\libcalico_ds9.a(tick.o)
 .debug_abbrev  0x000031ab      0x4bf D:/devkitPro/calico/lib\libcalico_ds9.a(newlib_syscalls.o)
 .debug_abbrev  0x0000366a      0x1d6 D:/devkitPro/calico/lib\libcalico_ds9.a(startup.crt0.o)
 .debug_abbrev  0x00003840       0x26 D:/devkitPro/calico/lib\libcalico_ds9.a(utils.crt0.o)
 .debug_abbrev  0x00003866       0x28 D:/devkitPro/calico/lib\libcalico_ds9.a(irq_handler.32.o)
 .debug_abbrev  0x0000388e      0x445 D:/devkitPro/calico/lib\libcalico_ds9.a(pxi.o)
 .debug_abbrev  0x00003cd3       0x28 D:/devkitPro/calico/lib\libcalico_ds9.a(mpu_setup.crt0.o)
 .debug_abbrev  0x00003cfb      0x1f4 D:/devkitPro/calico/lib\libcalico_ds9.a(sys_startup.o)
 .debug_abbrev  0x00003eef      0x1c1 D:/devkitPro/calico/lib\libcalico_ds9.a(irq.o)
 .debug_abbrev  0x000040b0      0x2c4 D:/devkitPro/calico/lib\libcalico_ds9.a(mailbox.o)
 .debug_abbrev  0x00004374      0x693 D:/devkitPro/calico/lib\libcalico_ds9.a(pm.o)
 .debug_abbrev  0x00004a07       0x28 D:/devkitPro/devkitARM/bin/../lib/gcc/arm-none-eabi/16.1.0/thumb\libgcc.a(_divsi3.o)
 .debug_abbrev  0x00004a2f       0x26 D:/devkitPro/devkitARM/bin/../lib/gcc/arm-none-eabi/16.1.0/thumb\libgcc.a(_dvmd_tls.o)
 .debug_abbrev  0x00004a55       0x14 D:/devkitPro/devkitARM/bin/../lib/gcc/arm-none-eabi/16.1.0/thumb\libgcc.a(_aeabi_uldivmod.o)
 .debug_abbrev  0x00004a69      0x126 D:/devkitPro/devkitARM/bin/../lib/gcc/arm-none-eabi/16.1.0/thumb\libgcc.a(_udivmoddi4.o)
 .debug_abbrev  0x00004b8f       0x28 D:/devkitPro/devkitARM/bin/../lib/gcc/arm-none-eabi/16.1.0/thumb\libgcc.a(_clzdi2.o)
 .debug_abbrev  0x00004bb7       0x28 D:/devkitPro/devkitARM/bin/../lib/gcc/arm-none-eabi/16.1.0/thumb\libgcc.a(_clzsi2.o)
 .debug_abbrev  0x00004bdf       0x28 D:/devkitPro/devkitARM/bin/../lib/gcc/arm-none-eabi/16.1.0/thumb\libgcc.a(_thumb1_case_uqi.o)
 .debug_abbrev  0x00004c07       0x28 D:/devkitPro/devkitARM/bin/../lib/gcc/arm-none-eabi/16.1.0/thumb\libgcc.a(_thumb1_case_uhi.o)
 .debug_abbrev  0x00004c2f       0x28 D:/devkitPro/devkitARM/bin/../lib/gcc/arm-none-eabi/16.1.0/thumb\libgcc.a(_udivsi3.o)
 .debug_abbrev  0x00004c57      0x158 D:/devkitPro/devkitARM/bin/../lib/gcc/arm-none-eabi/16.1.0/thumb\libgcc.a(_muldi3.o)

.debug_line     0x00000000     0xdd47
 *(.debug_line .debug_line.* .debug_line_end)
 .debug_line    0x00000000      0x715 main.o
 .debug_line    0x00000715      0x61c D:/devkitPro/libnds/lib\libnds9.a(background.o)
 .debug_line    0x00000d31      0x457 D:/devkitPro/libnds/lib\libnds9.a(keys.o)
 .debug_line    0x00001188      0x271 D:/devkitPro/libnds/lib\libnds9.a(sassert.o)
 .debug_line    0x000013f9     0x1c8f D:/devkitPro/libnds/lib\libnds9.a(sprite_alloc.o)
 .debug_line    0x00003088      0x9ba D:/devkitPro/libnds/lib\libnds9.a(sprite.o)
 .debug_line    0x00003a42      0x77f D:/devkitPro/libnds/lib\libnds9.a(trig.o)
 .debug_line    0x000041c1     0x169d D:/devkitPro/libnds/lib\libnds9.a(console.o)
 .debug_line    0x0000585e     0x11fe D:/devkitPro/calico/lib\libcalico_ds9.a(thread_cold.o)
 .debug_line    0x00006a5c      0xed6 D:/devkitPro/calico/lib\libcalico_ds9.a(thread_hot.32.o)
 .debug_line    0x00007932      0xd5e D:/devkitPro/calico/lib\libcalico_ds9.a(mutex.o)
 .debug_line    0x00008690       0x69 D:/devkitPro/calico/lib\libcalico_ds9.a(arm-context.32.o)
 .debug_line    0x000086f9      0x36d D:/devkitPro/calico/lib\libcalico_ds9.a(arm-shims.32.o)
 .debug_line    0x00008a66       0xb2 D:/devkitPro/calico/lib\libcalico_ds9.a(arm-cache.32.o)
 .debug_line    0x00008b18      0x232 D:/devkitPro/calico/lib\libcalico_ds9.a(keypad.o)
 .debug_line    0x00008d4a      0x108 D:/devkitPro/calico/lib\libcalico_ds9.a(bootstub_arm9.o)
 .debug_line    0x00008e52       0x66 D:/devkitPro/calico/lib\libcalico_ds9.a(excpt_handler.32.o)
 .debug_line    0x00008eb8      0x2a1 D:/devkitPro/calico/lib\libcalico_ds9.a(touch.o)
 .debug_line    0x00009159      0xbae D:/devkitPro/calico/lib\libcalico_ds9.a(tick.o)
 .debug_line    0x00009d07      0x9aa D:/devkitPro/calico/lib\libcalico_ds9.a(newlib_syscalls.o)
 .debug_line    0x0000a6b1      0x480 D:/devkitPro/calico/lib\libcalico_ds9.a(startup.crt0.o)
 .debug_line    0x0000ab31       0x7d D:/devkitPro/calico/lib\libcalico_ds9.a(utils.crt0.o)
 .debug_line    0x0000abae       0x92 D:/devkitPro/calico/lib\libcalico_ds9.a(irq_handler.32.o)
 .debug_line    0x0000ac40      0xb09 D:/devkitPro/calico/lib\libcalico_ds9.a(pxi.o)
 .debug_line    0x0000b749       0x6e D:/devkitPro/calico/lib\libcalico_ds9.a(mpu_setup.crt0.o)
 .debug_line    0x0000b7b7      0x65d D:/devkitPro/calico/lib\libcalico_ds9.a(sys_startup.o)
 .debug_line    0x0000be14      0x3b3 D:/devkitPro/calico/lib\libcalico_ds9.a(irq.o)
 .debug_line    0x0000c1c7      0x5e7 D:/devkitPro/calico/lib\libcalico_ds9.a(mailbox.o)
 .debug_line    0x0000c7ae      0xfa7 D:/devkitPro/calico/lib\libcalico_ds9.a(pm.o)
 .debug_line    0x0000d755       0x73 D:/devkitPro/devkitARM/bin/../lib/gcc/arm-none-eabi/16.1.0/thumb\libgcc.a(_divsi3.o)
 .debug_line    0x0000d7c8       0x4a D:/devkitPro/devkitARM/bin/../lib/gcc/arm-none-eabi/16.1.0/thumb\libgcc.a(_dvmd_tls.o)
 .debug_line    0x0000d812       0x4e D:/devkitPro/devkitARM/bin/../lib/gcc/arm-none-eabi/16.1.0/thumb\libgcc.a(_aeabi_uldivmod.o)
 .debug_line    0x0000d860      0x1e7 D:/devkitPro/devkitARM/bin/../lib/gcc/arm-none-eabi/16.1.0/thumb\libgcc.a(_udivmoddi4.o)
 .debug_line    0x0000da47       0x54 D:/devkitPro/devkitARM/bin/../lib/gcc/arm-none-eabi/16.1.0/thumb\libgcc.a(_clzdi2.o)
 .debug_line    0x0000da9b       0x57 D:/devkitPro/devkitARM/bin/../lib/gcc/arm-none-eabi/16.1.0/thumb\libgcc.a(_clzsi2.o)
 .debug_line    0x0000daf2       0x52 D:/devkitPro/devkitARM/bin/../lib/gcc/arm-none-eabi/16.1.0/thumb\libgcc.a(_thumb1_case_uqi.o)
 .debug_line    0x0000db44       0x53 D:/devkitPro/devkitARM/bin/../lib/gcc/arm-none-eabi/16.1.0/thumb\libgcc.a(_thumb1_case_uhi.o)
 .debug_line    0x0000db97       0x67 D:/devkitPro/devkitARM/bin/../lib/gcc/arm-none-eabi/16.1.0/thumb\libgcc.a(_udivsi3.o)
 .debug_line    0x0000dbfe      0x149 D:/devkitPro/devkitARM/bin/../lib/gcc/arm-none-eabi/16.1.0/thumb\libgcc.a(_muldi3.o)

.debug_frame    0x00000000     0x1348
 *(.debug_frame)
 .debug_frame   0x00000000       0x38 main.o
 .debug_frame   0x00000038       0xb4 D:/devkitPro/libnds/lib\libnds9.a(background.o)
 .debug_frame   0x000000ec       0x98 D:/devkitPro/libnds/lib\libnds9.a(keys.o)
 .debug_frame   0x00000184       0x38 D:/devkitPro/libnds/lib\libnds9.a(sassert.o)
 .debug_frame   0x000001bc       0xa0 D:/devkitPro/libnds/lib\libnds9.a(sprite_alloc.o)
 .debug_frame   0x0000025c       0xf0 D:/devkitPro/libnds/lib\libnds9.a(sprite.o)
 .debug_frame   0x0000034c       0xd8 D:/devkitPro/libnds/lib\libnds9.a(trig.o)
 .debug_frame   0x00000424      0x17c D:/devkitPro/libnds/lib\libnds9.a(console.o)
 .debug_frame   0x000005a0      0x1bc D:/devkitPro/calico/lib\libcalico_ds9.a(thread_cold.o)
 .debug_frame   0x0000075c       0xe0 D:/devkitPro/calico/lib\libcalico_ds9.a(thread_hot.32.o)
 .debug_frame   0x0000083c      0x118 D:/devkitPro/calico/lib\libcalico_ds9.a(mutex.o)
 .debug_frame   0x00000954       0x30 D:/devkitPro/calico/lib\libcalico_ds9.a(arm-context.32.o)
 .debug_frame   0x00000984       0xc0 D:/devkitPro/calico/lib\libcalico_ds9.a(arm-shims.32.o)
 .debug_frame   0x00000a44       0x70 D:/devkitPro/calico/lib\libcalico_ds9.a(arm-cache.32.o)
 .debug_frame   0x00000ab4       0x20 D:/devkitPro/calico/lib\libcalico_ds9.a(keypad.o)
 .debug_frame   0x00000ad4       0x30 D:/devkitPro/calico/lib\libcalico_ds9.a(bootstub_arm9.o)
 .debug_frame   0x00000b04       0x28 D:/devkitPro/calico/lib\libcalico_ds9.a(touch.o)
 .debug_frame   0x00000b2c       0xf0 D:/devkitPro/calico/lib\libcalico_ds9.a(tick.o)
 .debug_frame   0x00000c1c      0x1d8 D:/devkitPro/calico/lib\libcalico_ds9.a(newlib_syscalls.o)
 .debug_frame   0x00000df4       0x58 D:/devkitPro/calico/lib\libcalico_ds9.a(startup.crt0.o)
 .debug_frame   0x00000e4c       0x30 D:/devkitPro/calico/lib\libcalico_ds9.a(utils.crt0.o)
 .debug_frame   0x00000e7c       0x20 D:/devkitPro/calico/lib\libcalico_ds9.a(irq_handler.32.o)
 .debug_frame   0x00000e9c      0x15c D:/devkitPro/calico/lib\libcalico_ds9.a(pxi.o)
 .debug_frame   0x00000ff8       0x20 D:/devkitPro/calico/lib\libcalico_ds9.a(mpu_setup.crt0.o)
 .debug_frame   0x00001018       0x38 D:/devkitPro/calico/lib\libcalico_ds9.a(sys_startup.o)
 .debug_frame   0x00001050       0x28 D:/devkitPro/calico/lib\libcalico_ds9.a(irq.o)
 .debug_frame   0x00001078       0x64 D:/devkitPro/calico/lib\libcalico_ds9.a(mailbox.o)
 .debug_frame   0x000010dc      0x190 D:/devkitPro/calico/lib\libcalico_ds9.a(pm.o)
 .debug_frame   0x0000126c       0x20 D:/devkitPro/devkitARM/bin/../lib/gcc/arm-none-eabi/16.1.0/thumb\libgcc.a(_divsi3.o)
 .debug_frame   0x0000128c       0x2c D:/devkitPro/devkitARM/bin/../lib/gcc/arm-none-eabi/16.1.0/thumb\libgcc.a(_aeabi_uldivmod.o)
 .debug_frame   0x000012b8       0x3c D:/devkitPro/devkitARM/bin/../lib/gcc/arm-none-eabi/16.1.0/thumb\libgcc.a(_udivmoddi4.o)
 .debug_frame   0x000012f4       0x20 D:/devkitPro/devkitARM/bin/../lib/gcc/arm-none-eabi/16.1.0/thumb\libgcc.a(_udivsi3.o)
 .debug_frame   0x00001314       0x34 D:/devkitPro/devkitARM/bin/../lib/gcc/arm-none-eabi/16.1.0/thumb\libgcc.a(_muldi3.o)

.debug_str      0x00000000     0x4ce2
 *(.debug_str)
 .debug_str     0x00000000     0x4ce2 main.o
                                0xe5d (size before relaxing)
 .debug_str     0x00004ce2        0x0 D:/devkitPro/libnds/lib\libnds9.a(background.o)
                                0x76c (size before relaxing)
 .debug_str     0x00004ce2        0x0 D:/devkitPro/libnds/lib\libnds9.a(keys.o)
                                0x2eb (size before relaxing)
 .debug_str     0x00004ce2        0x0 D:/devkitPro/libnds/lib\libnds9.a(sassert.o)
                                0x3ab (size before relaxing)
 .debug_str     0x00004ce2        0x0 D:/devkitPro/libnds/lib\libnds9.a(sprite_alloc.o)
                                0x7a3 (size before relaxing)
 .debug_str     0x00004ce2        0x0 D:/devkitPro/libnds/lib\libnds9.a(sprite.o)
                                0x9ab (size before relaxing)
 .debug_str     0x00004ce2        0x0 D:/devkitPro/libnds/lib\libnds9.a(trig.o)
                                0x2d5 (size before relaxing)
 .debug_str     0x00004ce2        0x0 D:/devkitPro/libnds/lib\libnds9.a(console.o)
                               0x1329 (size before relaxing)
 .debug_str     0x00004ce2        0x0 D:/devkitPro/calico/lib\libcalico_ds9.a(thread_cold.o)
                                0xa3c (size before relaxing)
 .debug_str     0x00004ce2        0x0 D:/devkitPro/calico/lib\libcalico_ds9.a(thread_hot.32.o)
                                0x508 (size before relaxing)
 .debug_str     0x00004ce2        0x0 D:/devkitPro/calico/lib\libcalico_ds9.a(mutex.o)
                                0x518 (size before relaxing)
 .debug_str     0x00004ce2        0x0 D:/devkitPro/calico/lib\libcalico_ds9.a(arm-context.32.o)
                                 0xef (size before relaxing)
 .debug_str     0x00004ce2        0x0 D:/devkitPro/calico/lib\libcalico_ds9.a(arm-shims.32.o)
                                0x286 (size before relaxing)
 .debug_str     0x00004ce2        0x0 D:/devkitPro/calico/lib\libcalico_ds9.a(arm-cache.32.o)
                                0x143 (size before relaxing)
 .debug_str     0x00004ce2        0x0 D:/devkitPro/calico/lib\libcalico_ds9.a(keypad.o)
                                0x2a0 (size before relaxing)
 .debug_str     0x00004ce2        0x0 D:/devkitPro/calico/lib\libcalico_ds9.a(bootstub_arm9.o)
                                 0xfe (size before relaxing)
 .debug_str     0x00004ce2        0x0 D:/devkitPro/calico/lib\libcalico_ds9.a(excpt_handler.32.o)
                                0x128 (size before relaxing)
 .debug_str     0x00004ce2        0x0 D:/devkitPro/calico/lib\libcalico_ds9.a(touch.o)
                                0x2c3 (size before relaxing)
 .debug_str     0x00004ce2        0x0 D:/devkitPro/calico/lib\libcalico_ds9.a(tick.o)
                                0x3b6 (size before relaxing)
 .debug_str     0x00004ce2        0x0 D:/devkitPro/calico/lib\libcalico_ds9.a(newlib_syscalls.o)
                                0xc06 (size before relaxing)
 .debug_str     0x00004ce2        0x0 D:/devkitPro/calico/lib\libcalico_ds9.a(startup.crt0.o)
                                0x39e (size before relaxing)
 .debug_str     0x00004ce2        0x0 D:/devkitPro/calico/lib\libcalico_ds9.a(utils.crt0.o)
                                 0xf6 (size before relaxing)